Archive member included to satisfy reference by file (symbol)

libopencm3/lib/libopencm3_stm32f1.a(adc.o)
                              obj/anain.o (adc_power_on)
libopencm3/lib/libopencm3_stm32f1.a(adc_common_v1.o)
                              obj/anain.o (adc_power_off)
libopencm3/lib/libopencm3_stm32f1.a(can.o)
                              obj/stm32_can.o (can_reset)
libopencm3/lib/libopencm3_stm32f1.a(crc_common_all.o)
                              obj/hwinit.o (crc_reset)
libopencm3/lib/libopencm3_stm32f1.a(desig_common_v1.o)
                              obj/hwinit.o (desig_get_flash_size)
libopencm3/lib/libopencm3_stm32f1.a(dma_common_l1f013.o)
                              obj/terminal.o (dma_channel_reset)
libopencm3/lib/libopencm3_stm32f1.a(flash.o)
                              obj/hwinit.o (flash_erase_page)
libopencm3/lib/libopencm3_stm32f1.a(flash_common_all.o)
                              obj/canmap.o (flash_set_ws)
libopencm3/lib/libopencm3_stm32f1.a(flash_common_f.o)
                              obj/hwinit.o (flash_unlock)
libopencm3/lib/libopencm3_stm32f1.a(flash_common_f01.o)
                              libopencm3/lib/libopencm3_stm32f1.a(flash.o) (flash_clear_pgerr_flag)
libopencm3/lib/libopencm3_stm32f1.a(gpio.o)
                              obj/hwinit.o (gpio_set_mode)
libopencm3/lib/libopencm3_stm32f1.a(gpio_common_all.o)
                              obj/digio.o (gpio_set)
libopencm3/lib/libopencm3_stm32f1.a(iwdg_common_all.o)
                              obj/main.o (iwdg_reset)
libopencm3/lib/libopencm3_stm32f1.a(rcc.o)
                              obj/hwinit.o (rcc_clock_setup_pll)
libopencm3/lib/libopencm3_stm32f1.a(rcc_common_all.o)
                              obj/hwinit.o (rcc_periph_clock_enable)
libopencm3/lib/libopencm3_stm32f1.a(rtc.o)
                              obj/main.o (rtc_get_counter_val)
libopencm3/lib/libopencm3_stm32f1.a(spi_common_all.o)
                              obj/hwinit.o (spi_enable)
libopencm3/lib/libopencm3_stm32f1.a(spi_common_v1.o)
                              obj/hwinit.o (spi_init_master)
libopencm3/lib/libopencm3_stm32f1.a(timer_common_all.o)
                              obj/stm32scheduler.o (timer_enable_irq)
libopencm3/lib/libopencm3_stm32f1.a(usart_common_all.o)
                              obj/hwinit.o (usart_set_baudrate)
libopencm3/lib/libopencm3_stm32f1.a(usart_common_f124.o)
                              libopencm3/lib/libopencm3_stm32f1.a(usart_common_all.o) (usart_send)
libopencm3/lib/libopencm3_stm32f1.a(vector.o)
                              (reset_handler)
libopencm3/lib/libopencm3_stm32f1.a(scb.o)
                              obj/terminalcommands.o (scb_reset_system)
libopencm3/lib/libopencm3_stm32f1.a(nvic.o)
                              obj/hwinit.o (nvic_enable_irq)
libopencm3/lib/libopencm3_stm32f1.a(assert.o)
                              libopencm3/lib/libopencm3_stm32f1.a(rcc.o) (cm3_assert_failed)
libopencm3/lib/libopencm3_stm32f1.a(pwr_common_v1.o)
                              libopencm3/lib/libopencm3_stm32f1.a(rtc.o) (pwr_disable_backup_domain_write_protect)
/usr/bin/../lib/gcc/arm-none-eabi/10.3.1/thumb/v7/nofp/libgcc.a(_arm_muldf3.o)
                              obj/BatMan.o (__aeabi_dmul)
/usr/bin/../lib/gcc/arm-none-eabi/10.3.1/thumb/v7/nofp/libgcc.a(_arm_mulsf3.o)
                              obj/params.o (__aeabi_fmul)
/usr/bin/../lib/gcc/arm-none-eabi/10.3.1/thumb/v7/nofp/libgcc.a(_arm_addsubdf3.o)
                              obj/BatMan.o (__aeabi_dsub)
/usr/bin/../lib/gcc/arm-none-eabi/10.3.1/thumb/v7/nofp/libgcc.a(_arm_muldivdf3.o)
                              obj/BatMan.o (__aeabi_ddiv)
/usr/bin/../lib/gcc/arm-none-eabi/10.3.1/thumb/v7/nofp/libgcc.a(_arm_fixdfsi.o)
                              obj/BatMan.o (__aeabi_d2iz)
/usr/bin/../lib/gcc/arm-none-eabi/10.3.1/thumb/v7/nofp/libgcc.a(_arm_fixunsdfsi.o)
                              obj/BatMan.o (__aeabi_d2uiz)
/usr/bin/../lib/gcc/arm-none-eabi/10.3.1/thumb/v7/nofp/libgcc.a(_arm_truncdfsf2.o)
                              obj/BatMan.o (__aeabi_d2f)
/usr/bin/../lib/gcc/arm-none-eabi/10.3.1/thumb/v7/nofp/libgcc.a(_arm_addsubsf3.o)
                              obj/BatMan.o (__aeabi_fsub)
/usr/bin/../lib/gcc/arm-none-eabi/10.3.1/thumb/v7/nofp/libgcc.a(_arm_muldivsf3.o)
                              obj/main.o (__aeabi_fdiv)
/usr/bin/../lib/gcc/arm-none-eabi/10.3.1/thumb/v7/nofp/libgcc.a(_arm_cmpsf2.o)
                              obj/BatMan.o (__aeabi_fcmpeq)
/usr/bin/../lib/gcc/arm-none-eabi/10.3.1/thumb/v7/nofp/libgcc.a(_arm_fixsfsi.o)
                              obj/params.o (__aeabi_f2iz)
/usr/bin/../lib/gcc/arm-none-eabi/10.3.1/thumb/v7/nofp/libgcc.a(_arm_fixunssfsi.o)
                              obj/CAN_Common.o (__aeabi_f2uiz)
/usr/bin/../lib/gcc/arm-none-eabi/10.3.1/../../../../arm-none-eabi/lib/thumb/v7/nofp/libc.a(lib_a-memset.o)
                              obj/BatMan.o (memset)

Discarded input sections

[...]
Memory Configuration

Name             Origin             Length             Attributes
rom              0x0000000008001000 0x000000000001e000 xr
ram              0x0000000020000000 0x0000000000005000 xrw
*default*        0x0000000000000000 0xffffffffffffffff

Linker script and memory map

LOAD obj/main.o
LOAD obj/hwinit.o
LOAD obj/stm32scheduler.o
LOAD obj/params.o
LOAD obj/terminal.o
LOAD obj/terminal_prj.o
LOAD obj/my_string.o
LOAD obj/digio.o
LOAD obj/sine_core.o
LOAD obj/my_fp.o
LOAD obj/printf.o
LOAD obj/anain.o
LOAD obj/param_save.o
LOAD obj/errormessage.o
LOAD obj/stm32_can.o
LOAD obj/canhardware.o
LOAD obj/canmap.o
LOAD obj/picontroller.o
LOAD obj/terminalcommands.o
LOAD obj/BatMan.o
LOAD obj/ModelS.o
LOAD obj/CAN_Common.o
LOAD obj/cansdo.o
LOAD libopencm3/lib/libopencm3_stm32f1.a
START GROUP
LOAD /usr/bin/../lib/gcc/arm-none-eabi/10.3.1/thumb/v7/nofp/libgcc.a
LOAD /usr/bin/../lib/gcc/arm-none-eabi/10.3.1/../../../../arm-none-eabi/lib/thumb/v7/nofp/libc.a
END GROUP

.text           0x0000000008001000     0x81a0
 *(.vectors)
 .vectors       0x0000000008001000      0x150 libopencm3/lib/libopencm3_stm32f1.a(vector.o)
                0x0000000008001000                vector_table
 *(.text*)
 .text._ZN23FunctionPointerCallback8HandleRxEmPmh
                0x0000000008001150       0x10 obj/main.o
                0x0000000008001150                FunctionPointerCallback::HandleRx(unsigned long, unsigned long*, unsigned char)
 .text._ZN23FunctionPointerCallback11HandleClearEv
                0x0000000008001160        0x8 obj/main.o
                0x0000000008001160                FunctionPointerCallback::HandleClear()
 .text._ZL9Ms100Taskv
                0x0000000008001168       0x40 obj/main.o
 .text._ZL8Ms10Taskv
                0x00000000080011a8        0xc obj/main.o
 .text._ZL11CanCallbackmPmh
                0x00000000080011b4       0x16 obj/main.o
 *fill*         0x00000000080011ca        0x2 
 .text._ZL11HandleClearv
                0x00000000080011cc       0x18 obj/main.o
 .text.__cxa_pure_virtual
                0x00000000080011e4        0x2 obj/main.o
                0x00000000080011e4                __cxa_pure_virtual
 .text._ZN5Param6ChangeENS_9PARAM_NUME
                0x00000000080011e6        0x2 obj/main.o
                0x00000000080011e6                Param::Change(Param::PARAM_NUM)
 .text.tim2_isr
                0x00000000080011e8       0x10 obj/main.o
                0x00000000080011e8                tim2_isr
 .text.main     0x00000000080011f8      0x1d0 obj/main.o
                0x00000000080011f8                main
 .text.clock_setup
                0x00000000080013c8       0x84 obj/hwinit.o
                0x00000000080013c8                clock_setup
 .text.write_bootloader_pininit
                0x000000000800144c       0x90 obj/hwinit.o
                0x000000000800144c                write_bootloader_pininit
 .text.nvic_setup
                0x00000000080014dc       0x12 obj/hwinit.o
                0x00000000080014dc                nvic_setup
 .text.rtc_setup
                0x00000000080014ee       0x14 obj/hwinit.o
                0x00000000080014ee                rtc_setup
 *fill*         0x0000000008001502        0x2 
 .text.spi1_setup
                0x0000000008001504       0x5c obj/hwinit.o
                0x0000000008001504                spi1_setup
 .text.usart1_setup
                0x0000000008001560       0x58 obj/hwinit.o
                0x0000000008001560                usart1_setup
 .text._ZN14Stm32SchedulerC2Em
                0x00000000080015b8       0x44 obj/stm32scheduler.o
                0x00000000080015b8                Stm32Scheduler::Stm32Scheduler(unsigned long)
                0x00000000080015b8                Stm32Scheduler::Stm32Scheduler(unsigned long)
 .text._ZN14Stm32Scheduler7AddTaskEPFvvEt
                0x00000000080015fc       0x6c obj/stm32scheduler.o
                0x00000000080015fc                Stm32Scheduler::AddTask(void (*)(), unsigned short)
 .text._ZN14Stm32Scheduler3RunEv
                0x0000000008001668       0x70 obj/stm32scheduler.o
                0x0000000008001668                Stm32Scheduler::Run()
 .text._ZN14Stm32Scheduler10GetCpuLoadEv
                0x00000000080016d8       0x30 obj/stm32scheduler.o
                0x00000000080016d8                Stm32Scheduler::GetCpuLoad()
 .text._ZN5Param3SetENS_9PARAM_NUMEl
                0x0000000008001708       0x40 obj/params.o
                0x0000000008001708                Param::Set(Param::PARAM_NUM, long)
 .text._ZN5Param3GetENS_9PARAM_NUME
                0x0000000008001748        0xc obj/params.o
                0x0000000008001748                Param::Get(Param::PARAM_NUM)
 .text._ZN5Param6GetIntENS_9PARAM_NUME
                0x0000000008001754       0x10 obj/params.o
                0x0000000008001754                Param::GetInt(Param::PARAM_NUM)
 .text._ZN5Param8GetFloatENS_9PARAM_NUME
                0x0000000008001764       0x1c obj/params.o
                0x0000000008001764                Param::GetFloat(Param::PARAM_NUM)
 .text._ZN5Param6SetIntENS_9PARAM_NUMEi
                0x0000000008001780       0x10 obj/params.o
                0x0000000008001780                Param::SetInt(Param::PARAM_NUM, int)
 .text._ZN5Param8SetFixedENS_9PARAM_NUMEl
                0x0000000008001790        0xc obj/params.o
                0x0000000008001790                Param::SetFixed(Param::PARAM_NUM, long)
 .text._ZN5Param8SetFloatENS_9PARAM_NUMEf
                0x000000000800179c       0x20 obj/params.o
                0x000000000800179c                Param::SetFloat(Param::PARAM_NUM, float)
 .text._ZN5Param13NumFromStringEPKc
                0x00000000080017bc       0x28 obj/params.o
                0x00000000080017bc                Param::NumFromString(char const*)
 .text._ZN5Param9NumFromIdEm
                0x00000000080017e4       0x20 obj/params.o
                0x00000000080017e4                Param::NumFromId(unsigned long)
 .text._ZN5Param9GetAttribENS_9PARAM_NUME
                0x0000000008001804       0x10 obj/params.o
                0x0000000008001804                Param::GetAttrib(Param::PARAM_NUM)
 .text._ZN5Param12LoadDefaultsEv
                0x0000000008001814       0x28 obj/params.o
                0x0000000008001814                Param::LoadDefaults()
 .text._ZN5Param11SetFlagsRawENS_9PARAM_NUMEh
                0x000000000800183c        0xc obj/params.o
                0x000000000800183c                Param::SetFlagsRaw(Param::PARAM_NUM, unsigned char)
 .text._ZN5Param7SetFlagENS_9PARAM_NUMENS_10PARAM_FLAGE
                0x0000000008001848       0x10 obj/params.o
                0x0000000008001848                Param::SetFlag(Param::PARAM_NUM, Param::PARAM_FLAG)
 .text._ZN5Param9ClearFlagENS_9PARAM_NUMENS_10PARAM_FLAGE
                0x0000000008001858       0x10 obj/params.o
                0x0000000008001858                Param::ClearFlag(Param::PARAM_NUM, Param::PARAM_FLAG)
 .text._ZN5Param7GetFlagENS_9PARAM_NUME
                0x0000000008001868        0xc obj/params.o
                0x0000000008001868                Param::GetFlag(Param::PARAM_NUM)
 .text._ZN5Param7GetTypeENS_9PARAM_NUME
                0x0000000008001874       0x14 obj/params.o
                0x0000000008001874                Param::GetType(Param::PARAM_NUM)
 .text._ZN5Param8GetIdSumEv
                0x0000000008001888        0x8 obj/params.o
                0x0000000008001888                Param::GetIdSum()
 .text._ZN8Terminal10KeyPressedEv
                0x0000000008001890        0xc obj/terminal.o
                0x0000000008001890                Terminal::KeyPressed()
 .text._ZN8Terminal10FlushInputEv
                0x000000000800189c        0xa obj/terminal.o
                0x000000000800189c                Terminal::FlushInput()
 .text._ZN8Terminal8ResetDMAEv
                0x00000000080018a6       0x34 obj/terminal.o
                0x00000000080018a6                Terminal::ResetDMA()
 *fill*         0x00000000080018da        0x2 
 .text._ZN8TerminalC2EmPK8TERM_CMDb
                0x00000000080018dc      0x154 obj/terminal.o
                0x00000000080018dc                Terminal::Terminal(unsigned long, TERM_CMD const*, bool)
                0x00000000080018dc                Terminal::Terminal(unsigned long, TERM_CMD const*, bool)
 .text._ZN8Terminal9CmdLookupEPc
                0x0000000008001a30       0x2a obj/terminal.o
                0x0000000008001a30                Terminal::CmdLookup(char*)
 .text._ZN8Terminal4SendEPKc
                0x0000000008001a5a       0x18 obj/terminal.o
                0x0000000008001a5a                Terminal::Send(char const*)
 *fill*         0x0000000008001a72        0x2 
 .text._ZN8Terminal10EnableUartEPc
                0x0000000008001a74       0x70 obj/terminal.o
                0x0000000008001a74                Terminal::EnableUart(char*)
 .text._ZN8Terminal8FastUartEPc
                0x0000000008001ae4       0x78 obj/terminal.o
                0x0000000008001ae4                Terminal::FastUart(char*)
 .text._ZN8Terminal3RunEv
                0x0000000008001b5c      0x13c obj/terminal.o
                0x0000000008001b5c                Terminal::Run()
 .text._ZN8Terminal17SendCurrentBufferEm
                0x0000000008001c98       0x74 obj/terminal.o
                0x0000000008001c98                Terminal::SendCurrentBuffer(unsigned long)
 .text._ZN8Terminal7PutCharEc
                0x0000000008001d0c       0x4c obj/terminal.o
                0x0000000008001d0c                Terminal::PutChar(char)
 .text.putchar  0x0000000008001d58       0x18 obj/terminal.o
                0x0000000008001d58                putchar
 .text._ZL4HelpP8TerminalPc
                0x0000000008001d70        0x2 obj/terminal_prj.o
 .text._ZL11PrintErrorsP8TerminalPc
                0x0000000008001d72        0x8 obj/terminal_prj.o
 *fill*         0x0000000008001d7a        0x2 
 .text._ZL11PrintSerialP8TerminalPc
                0x0000000008001d7c       0x28 obj/terminal_prj.o
 .text._ZL12LoadDefaultsP8TerminalPc
                0x0000000008001da4       0x18 obj/terminal_prj.o
 .text._ZN16TerminalCommands15PrintParamsJsonEP8TerminalPc
                0x0000000008001dbc        0x8 obj/terminal_prj.o
                0x0000000008001dbc                TerminalCommands::PrintParamsJson(Terminal*, char*)
 .text.my_strcmp
                0x0000000008001dc4       0x1c obj/my_string.o
                0x0000000008001dc4                my_strcmp
 .text.my_strcpy
                0x0000000008001de0       0x12 obj/my_string.o
                0x0000000008001de0                my_strcpy
 .text.my_strlen
                0x0000000008001df2        0xe obj/my_string.o
                0x0000000008001df2                my_strlen
 .text.my_strchr
                0x0000000008001e00       0x10 obj/my_string.o
                0x0000000008001e00                my_strchr
 .text.my_ltoa  0x0000000008001e10       0x5a obj/my_string.o
                0x0000000008001e10                my_ltoa
 .text.my_atoi  0x0000000008001e6a       0x30 obj/my_string.o
                0x0000000008001e6a                my_atoi
 *fill*         0x0000000008001e9a        0x2 
 .text.my_trim  0x0000000008001e9c       0x54 obj/my_string.o
                0x0000000008001e9c                my_trim
 .text.memcpy32
                0x0000000008001ef0       0x16 obj/my_string.o
                0x0000000008001ef0                memcpy32
 .text.memset32
                0x0000000008001f06        0xc obj/my_string.o
                0x0000000008001f06                memset32
 .text._ZN5DigIo9ConfigureEmtN7PinMode7PinModeE
                0x0000000008001f12       0x62 obj/digio.o
                0x0000000008001f12                DigIo::Configure(unsigned long, unsigned short, PinMode::PinMode)
 .text._Z41__static_initialization_and_destruction_0ii
                0x0000000008001f74       0x1c obj/sine_core.o
 .text._GLOBAL__sub_I__ZN8SineCore8minPulseE
                0x0000000008001f90        0xe obj/sine_core.o
 .text.fp_itoa  0x0000000008001f9e       0x5a obj/my_fp.o
                0x0000000008001f9e                fp_itoa
 .text.fp_atoi  0x0000000008001ff8       0x62 obj/my_fp.o
                0x0000000008001ff8                fp_atoi
 .text._ZL6printsP8IPutCharPKcii
                0x000000000800205a       0x86 obj/printf.o
 .text._ZL6printiP8IPutChariiiiii
                0x00000000080020e0       0xae obj/printf.o
 .text._ZN13ExternPutChar7PutCharEc
                0x000000000800218e        0xa obj/printf.o
                0x000000000800218e                ExternPutChar::PutChar(char)
 .text._ZL7printfpP8IPutChariii
                0x0000000008002198       0x20 obj/printf.o
 .text._ZL5printP8IPutCharPKcSt9__va_list
                0x00000000080021b8      0x154 obj/printf.o
 .text._Z6printfPKcz
                0x000000000800230c       0x28 obj/printf.o
                0x000000000800230c                printf(char const*, ...)
 .text._Z7fprintfP8IPutCharPKcz
                0x0000000008002334       0x1c obj/printf.o
                0x0000000008002334                fprintf(IPutChar*, char const*, ...)
 .text._Z41__static_initialization_and_destruction_0ii
                0x0000000008002350       0x28 obj/anain.o
 .text._ZN5AnaIn5StartEv
                0x0000000008002378       0xc4 obj/anain.o
                0x0000000008002378                AnaIn::Start()
 .text._ZN5AnaIn13AdcChFromPortEmi
                0x000000000800243c       0x44 obj/anain.o
                0x000000000800243c                AnaIn::AdcChFromPort(unsigned long, int)
 .text._ZN5AnaIn9ConfigureEmh
                0x0000000008002480       0x38 obj/anain.o
                0x0000000008002480                AnaIn::Configure(unsigned long, unsigned char)
 .text._GLOBAL__sub_I__ZN5AnaIn13channel_arrayE
                0x00000000080024b8        0xe obj/anain.o
 *fill*         0x00000000080024c6        0x2 
 .text._ZL15GetFlashAddressv
                0x00000000080024c8       0x14 obj/param_save.o
 .text.parm_save
                0x00000000080024dc       0xb6 obj/param_save.o
                0x00000000080024dc                parm_save
 .text.parm_load
                0x0000000008002592       0x5c obj/param_save.o
                0x0000000008002592                parm_load
 *fill*         0x00000000080025ee        0x2 
 .text._ZN12ErrorMessage7SetTimeEm
                0x00000000080025f0        0xc obj/errormessage.o
                0x00000000080025f0                ErrorMessage::SetTime(unsigned long)
 .text._ZN12ErrorMessage10PrintErrorEm17ERROR_MESSAGE_NUM
                0x00000000080025fc       0x2c obj/errormessage.o
                0x00000000080025fc                ErrorMessage::PrintError(unsigned long, ERROR_MESSAGE_NUM)
 .text._ZN12ErrorMessage14PrintAllErrorsEv
                0x0000000008002628       0x38 obj/errormessage.o
                0x0000000008002628                ErrorMessage::PrintAllErrors()
 .text._ZN8Stm32Can11SetBaudrateEN11CanHardware9baudratesE
                0x0000000008002660       0x48 obj/stm32_can.o
                0x0000000008002660                Stm32Can::SetBaudrate(CanHardware::baudrates)
 .text._ZN8Stm32Can4SendEmPmh
                0x00000000080026a8       0x78 obj/stm32_can.o
                0x00000000080026a8                Stm32Can::Send(unsigned long, unsigned long*, unsigned char)
 .text._ZN8Stm32Can12GetInterfaceEi
                0x0000000008002720       0x14 obj/stm32_can.o
                0x0000000008002720                Stm32Can::GetInterface(int)
 .text._ZN8Stm32Can13HandleMessageEi
                0x0000000008002734       0x54 obj/stm32_can.o
                0x0000000008002734                Stm32Can::HandleMessage(int)
 .text._ZN8Stm32Can8HandleTxEv
                0x0000000008002788       0x64 obj/stm32_can.o
                0x0000000008002788                Stm32Can::HandleTx()
 .text._ZN8Stm32Can13SetFilterBankERiS0_Pt
                0x00000000080027ec       0x56 obj/stm32_can.o
                0x00000000080027ec                Stm32Can::SetFilterBank(int&, int&, unsigned short*)
 .text._ZN8Stm32Can17SetFilterBankMaskERiS0_Pt
                0x0000000008002842       0x5a obj/stm32_can.o
                0x0000000008002842                Stm32Can::SetFilterBankMask(int&, int&, unsigned short*)
 .text._ZN8Stm32Can15SetFilterBank29ERiS0_Pm
                0x000000000800289c       0x38 obj/stm32_can.o
                0x000000000800289c                Stm32Can::SetFilterBank29(int&, int&, unsigned long*)
 .text._ZN8Stm32Can16ConfigureFiltersEv
                0x00000000080028d4      0x12c obj/stm32_can.o
                0x00000000080028d4                Stm32Can::ConfigureFilters()
 .text._ZN8Stm32CanC2EmN11CanHardware9baudratesEb
                0x0000000008002a00      0x170 obj/stm32_can.o
                0x0000000008002a00                Stm32Can::Stm32Can(unsigned long, CanHardware::baudrates, bool)
                0x0000000008002a00                Stm32Can::Stm32Can(unsigned long, CanHardware::baudrates, bool)
 .text.usb_lp_can_rx0_isr
                0x0000000008002b70       0x10 obj/stm32_can.o
                0x0000000008002b70                usb_lp_can_rx0_isr
 .text.can_rx1_isr
                0x0000000008002b80       0x10 obj/stm32_can.o
                0x0000000008002b80                can_rx1_isr
 .text.usb_hp_can_tx_isr
                0x0000000008002b90        0xe obj/stm32_can.o
                0x0000000008002b90                usb_hp_can_tx_isr
 .text.can2_rx0_isr
                0x0000000008002b9e       0x10 obj/stm32_can.o
                0x0000000008002b9e                can2_rx0_isr
 .text.can2_rx1_isr
                0x0000000008002bae       0x10 obj/stm32_can.o
                0x0000000008002bae                can2_rx1_isr
 .text.can2_tx_isr
                0x0000000008002bbe        0xe obj/stm32_can.o
                0x0000000008002bbe                can2_tx_isr
 .text._ZN12NullCallback8HandleRxEmPmh
                0x0000000008002bcc        0x4 obj/canhardware.o
                0x0000000008002bcc                NullCallback::HandleRx(unsigned long, unsigned long*, unsigned char)
 .text._ZN12NullCallback11HandleClearEv
                0x0000000008002bd0        0x2 obj/canhardware.o
                0x0000000008002bd0                NullCallback::HandleClear()
 *fill*         0x0000000008002bd2        0x2 
 .text._ZN11CanHardwareC2Ev
                0x0000000008002bd4       0x2c obj/canhardware.o
                0x0000000008002bd4                CanHardware::CanHardware()
                0x0000000008002bd4                CanHardware::CanHardware()
 .text._ZN11CanHardware11AddCallbackEP11CanCallback
                0x0000000008002c00       0x1e obj/canhardware.o
                0x0000000008002c00                CanHardware::AddCallback(CanCallback*)
 .text._ZN11CanHardware19RegisterUserMessageEmm
                0x0000000008002c1e       0x46 obj/canhardware.o
                0x0000000008002c1e                CanHardware::RegisterUserMessage(unsigned long, unsigned long)
 .text._ZN11CanHardware17ClearUserMessagesEv
                0x0000000008002c64       0x2c obj/canhardware.o
                0x0000000008002c64                CanHardware::ClearUserMessages()
 .text._ZN11CanHardware8HandleRxEmPmh
                0x0000000008002c90       0x38 obj/canhardware.o
                0x0000000008002c90                CanHardware::HandleRx(unsigned long, unsigned long*, unsigned char)
 .text._ZN6CanMap11HandleClearEv
                0x0000000008002cc8       0x26 obj/canmap.o
                0x0000000008002cc8                CanMap::HandleClear()
 .text._ZN6CanMap6RemoveEbhh
                0x0000000008002cee       0xa0 obj/canmap.o
                0x0000000008002cee                CanMap::Remove(bool, unsigned char, unsigned char)
 .text._ZN6CanMap6RemoveEN5Param9PARAM_NUME
                0x0000000008002d8e       0x8a obj/canmap.o
                0x0000000008002d8e                CanMap::Remove(Param::PARAM_NUM)
 .text._ZN6CanMap7FindMapEN5Param9PARAM_NUMERmRhS3_RfRaRb
                0x0000000008002e18       0x9a obj/canmap.o
                0x0000000008002e18                CanMap::FindMap(Param::PARAM_NUM, unsigned long&, unsigned char&, unsigned char&, float&, signed char&, bool&)
 .text._ZN6CanMap6GetMapEbhhRm
                0x0000000008002eb2       0x58 obj/canmap.o
                0x0000000008002eb2                CanMap::GetMap(bool, unsigned char, unsigned char, unsigned long&)
 .text._ZN6CanMap13IterateCanMapEPFvN5Param9PARAM_NUMEmhhfabE
                0x0000000008002f0a       0x6c obj/canmap.o
                0x0000000008002f0a                CanMap::IterateCanMap(void (*)(Param::PARAM_NUM, unsigned long, unsigned char, unsigned char, float, signed char, bool))
 .text._ZN6CanMap8ClearMapEPNS_8CANIDMAPE
                0x0000000008002f76       0x30 obj/canmap.o
                0x0000000008002f76                CanMap::ClearMap(CanMap::CANIDMAP*)
 .text._ZN6CanMap5ClearEv
                0x0000000008002fa6       0x1e obj/canmap.o
                0x0000000008002fa6                CanMap::Clear()
 .text._ZN6CanMap11SaveToFlashEmPmi
                0x0000000008002fc4       0x30 obj/canmap.o
                0x0000000008002fc4                CanMap::SaveToFlash(unsigned long, unsigned long*, int)
 .text._ZN6CanMap8FindByIdEPNS_8CANIDMAPEm
                0x0000000008002ff4       0x22 obj/canmap.o
                0x0000000008002ff4                CanMap::FindById(CanMap::CANIDMAP*, unsigned long)
 *fill*         0x0000000008003016        0x2 
 .text._ZN6CanMap8HandleRxEmPmh
                0x0000000008003018       0xd8 obj/canmap.o
                0x0000000008003018                CanMap::HandleRx(unsigned long, unsigned long*, unsigned char)
 .text._ZN6CanMap3AddEPNS_8CANIDMAPEN5Param9PARAM_NUMEmhhfa
                0x00000000080030f0       0xf6 obj/canmap.o
                0x00000000080030f0                CanMap::Add(CanMap::CANIDMAP*, Param::PARAM_NUM, unsigned long, unsigned char, unsigned char, float, signed char)
 .text._ZN6CanMap7AddSendEN5Param9PARAM_NUMEmhhfa
                0x00000000080031e6       0x26 obj/canmap.o
                0x00000000080031e6                CanMap::AddSend(Param::PARAM_NUM, unsigned long, unsigned char, unsigned char, float, signed char)
 .text._ZN6CanMap7AddRecvEN5Param9PARAM_NUMEmhhfa
                0x000000000800320c       0x38 obj/canmap.o
                0x000000000800320c                CanMap::AddRecv(Param::PARAM_NUM, unsigned long, unsigned char, unsigned char, float, signed char)
 .text._ZN6CanMap15GetFlashAddressEv
                0x0000000008003244       0x14 obj/canmap.o
                0x0000000008003244                CanMap::GetFlashAddress()
 .text._ZN6CanMap19LegacyLoadFromFlashEv
                0x0000000008003258      0x126 obj/canmap.o
                0x0000000008003258                CanMap::LegacyLoadFromFlash()
 .text._ZN6CanMap21ReplaceParamEnumByUidEPNS_8CANIDMAPE
                0x000000000800337e       0x42 obj/canmap.o
                0x000000000800337e                CanMap::ReplaceParamEnumByUid(CanMap::CANIDMAP*)
 .text._ZN6CanMap21ReplaceParamUidByEnumEPNS_8CANIDMAPE
                0x00000000080033c0       0x40 obj/canmap.o
                0x00000000080033c0                CanMap::ReplaceParamUidByEnum(CanMap::CANIDMAP*)
 .text._ZN6CanMap4SaveEv
                0x0000000008003400       0xbc obj/canmap.o
                0x0000000008003400                CanMap::Save()
 .text._ZN6CanMap13LoadFromFlashEv
                0x00000000080034bc       0x66 obj/canmap.o
                0x00000000080034bc                CanMap::LoadFromFlash()
 *fill*         0x0000000008003522        0x2 
 .text._ZN6CanMapC2EP11CanHardware
                0x0000000008003524       0x44 obj/canmap.o
                0x0000000008003524                CanMap::CanMap(CanHardware*)
                0x0000000008003524                CanMap::CanMap(CanHardware*)
 .text._ZN16TerminalCommands11PrintCanMapEN5Param9PARAM_NUMEmhhfab
                0x0000000008003568       0x80 obj/terminalcommands.o
                0x0000000008003568                TerminalCommands::PrintCanMap(Param::PARAM_NUM, unsigned long, unsigned char, unsigned char, float, signed char, bool)
 .text._ZN16TerminalCommands8ParamSetEP8TerminalPc
                0x00000000080035e8       0x70 obj/terminalcommands.o
                0x00000000080035e8                TerminalCommands::ParamSet(Terminal*, char*)
 .text._ZN16TerminalCommands8ParamGetEP8TerminalPc
                0x0000000008003658       0x58 obj/terminalcommands.o
                0x0000000008003658                TerminalCommands::ParamGet(Terminal*, char*)
 .text._ZN16TerminalCommands9ParamFlagEP8TerminalPc
                0x00000000080036b0       0xa4 obj/terminalcommands.o
                0x00000000080036b0                TerminalCommands::ParamFlag(Terminal*, char*)
 .text._ZN16TerminalCommands15PrintParamsJsonEP8IPutCharPc
                0x0000000008003754      0x158 obj/terminalcommands.o
                0x0000000008003754                TerminalCommands::PrintParamsJson(IPutChar*, char*)
 .text._ZN16TerminalCommands6MapCanEP8TerminalPc
                0x00000000080038ac      0x21c obj/terminalcommands.o
                0x00000000080038ac                TerminalCommands::MapCan(Terminal*, char*)
 .text._ZN16TerminalCommands14SaveParametersEP8TerminalPc
                0x0000000008003ac8       0x4c obj/terminalcommands.o
                0x0000000008003ac8                TerminalCommands::SaveParameters(Terminal*, char*)
 .text._ZN16TerminalCommands14LoadParametersEP8TerminalPc
                0x0000000008003b14       0x30 obj/terminalcommands.o
                0x0000000008003b14                TerminalCommands::LoadParameters(Terminal*, char*)
 .text._ZN16TerminalCommands5ResetEP8TerminalPc
                0x0000000008003b44        0x6 obj/terminalcommands.o
                0x0000000008003b44                TerminalCommands::Reset(Terminal*, char*)
 .text._ZN16TerminalCommands19ParamNamesToIndexesEPcPN5Param9PARAM_NUMEm
                0x0000000008003b4a       0x48 obj/terminalcommands.o
                0x0000000008003b4a                TerminalCommands::ParamNamesToIndexes(char*, Param::PARAM_NUM*, unsigned long)
 *fill*         0x0000000008003b92        0x2 
 .text._ZN16TerminalCommands11ParamStreamEP8TerminalPc
                0x0000000008003b94       0xb0 obj/terminalcommands.o
                0x0000000008003b94                TerminalCommands::ParamStream(Terminal*, char*)
 .text._ZN6BATMan8BatStartEv
                0x0000000008003c44       0x14 obj/BatMan.o
                0x0000000008003c44                BATMan::BatStart()
 .text._ZN6BATMan11GetTempDataEv
                0x0000000008003c58       0xc8 obj/BatMan.o
                0x0000000008003c58                BATMan::GetTempData()
 .text._ZN6BATMan6WakeUPEv
                0x0000000008003d20       0x58 obj/BatMan.o
                0x0000000008003d20                BATMan::WakeUP()
 .text._ZN6BATMan17Generic_Send_OnceEPth
                0x0000000008003d78       0x40 obj/BatMan.o
                0x0000000008003d78                BATMan::Generic_Send_Once(unsigned short*, unsigned char)
 .text._ZN6BATMan8IdleWakeEv
                0x0000000008003db8       0x28 obj/BatMan.o
                0x0000000008003db8                BATMan::IdleWake()
 .text._ZN6BATMan15upDateCellVoltsEv
                0x0000000008003de0       0xf8 obj/BatMan.o
                0x0000000008003de0                BATMan::upDateCellVolts()
 .text._ZN6BATMan14upDateAuxVoltsEv
                0x0000000008003ed8      0x2d0 obj/BatMan.o
                0x0000000008003ed8                BATMan::upDateAuxVolts()
 .text._ZN6BATMan11upDateTempsEv
                0x00000000080041a8      0x1ec obj/BatMan.o
                0x00000000080041a8                BATMan::upDateTemps()
 .text._ZN6BATMan7calcCRCEPhh
                0x0000000008004394       0x2c obj/BatMan.o
                0x0000000008004394                BATMan::calcCRC(unsigned char*, unsigned char)
 .text._ZN6BATMan7GetDataEh
                0x00000000080043c0      0x3b4 obj/BatMan.o
                0x00000000080043c0                BATMan::GetData(unsigned char)
 .text._ZN6BATMan8WriteCfgEv
                0x0000000008004774       0xc4 obj/BatMan.o
                0x0000000008004774                BATMan::WriteCfg()
 .text._ZN6BATMan12StateMachineEv
                0x0000000008004838      0x284 obj/BatMan.o
                0x0000000008004838                BATMan::StateMachine()
 .text._ZN6BATMan4loopEv
                0x0000000008004abc        0x8 obj/BatMan.o
                0x0000000008004abc                BATMan::loop()
 .text._ZN10CAN_Common6SetCanEP11CanHardware
                0x0000000008004ac4        0xc obj/CAN_Common.o
                0x0000000008004ac4                CAN_Common::SetCan(CanHardware*)
 .text._ZN10CAN_Common17StandardCanFramesEv
                0x0000000008004ad0      0x244 obj/CAN_Common.o
                0x0000000008004ad0                CAN_Common::StandardCanFrames()
 .text._ZN10CAN_Common9Task100MsEv
                0x0000000008004d14       0x24 obj/CAN_Common.o
                0x0000000008004d14                CAN_Common::Task100Ms()
 .text._ZN10CAN_Common9HandleCanEPm
                0x0000000008004d38        0x2 obj/CAN_Common.o
                0x0000000008004d38                CAN_Common::HandleCan(unsigned long*)
 .text._ZN6CanSdo7PutCharEc
                0x0000000008004d3a       0x1c obj/cansdo.o
                0x0000000008004d3a                CanSdo::PutChar(char)
 .text._ZThn4_N6CanSdo7PutCharEc
                0x0000000008004d56        0x8 obj/cansdo.o
                0x0000000008004d56                non-virtual thunk to CanSdo::PutChar(char)
 .text._ZN6CanSdo11HandleClearEv
                0x0000000008004d5e       0x28 obj/cansdo.o
                0x0000000008004d5e                CanSdo::HandleClear()
 *fill*         0x0000000008004d86        0x2 
 .text._ZN6CanSdoC2EP11CanHardwareP6CanMap
                0x0000000008004d88       0x4c obj/cansdo.o
                0x0000000008004d88                CanSdo::CanSdo(CanHardware*, CanMap*)
                0x0000000008004d88                CanSdo::CanSdo(CanHardware*, CanMap*)
 .text._ZN6CanSdo9SetNodeIdEh
                0x0000000008004dd4        0xc obj/cansdo.o
                0x0000000008004dd4                CanSdo::SetNodeId(unsigned char)
 .text._ZN6CanSdo24ProcessSpecialSDOObjectsEPNS_7CAN_SDOE
                0x0000000008004de0      0x124 obj/cansdo.o
                0x0000000008004de0                CanSdo::ProcessSpecialSDOObjects(CanSdo::CAN_SDO*)
 .text._ZN6CanSdo18ReadOrDeleteCanMapEPNS_7CAN_SDOE
                0x0000000008004f04       0xdc obj/cansdo.o
                0x0000000008004f04                CanSdo::ReadOrDeleteCanMap(CanSdo::CAN_SDO*)
 .text._ZN6CanSdo9AddCanMapEPNS_7CAN_SDOEb
                0x0000000008004fe0       0xec obj/cansdo.o
                0x0000000008004fe0                CanSdo::AddCanMap(CanSdo::CAN_SDO*, bool)
 .text._ZN6CanSdo10ProcessSDOEPm
                0x00000000080050cc      0x12e obj/cansdo.o
                0x00000000080050cc                CanSdo::ProcessSDO(unsigned long*)
 .text._ZN6CanSdo8HandleRxEmPmh
                0x00000000080051fa       0x38 obj/cansdo.o
                0x00000000080051fa                CanSdo::HandleRx(unsigned long, unsigned long*, unsigned char)
 .text.adc_power_on
                0x0000000008005232       0x10 libopencm3/lib/libopencm3_stm32f1.a(adc.o)
                0x0000000008005232                adc_power_on
 .text.adc_start_conversion_direct
                0x0000000008005242       0x10 libopencm3/lib/libopencm3_stm32f1.a(adc.o)
                0x0000000008005242                adc_start_conversion_direct
 *fill*         0x0000000008005252        0x2 
 .text.adc_enable_temperature_sensor
                0x0000000008005254       0x14 libopencm3/lib/libopencm3_stm32f1.a(adc.o)
                0x0000000008005254                adc_enable_temperature_sensor
 .text.adc_reset_calibration
                0x0000000008005268       0x14 libopencm3/lib/libopencm3_stm32f1.a(adc.o)
                0x0000000008005268                adc_reset_calibration
 .text.adc_calibrate_async
                0x000000000800527c        0xa libopencm3/lib/libopencm3_stm32f1.a(adc.o)
                0x000000000800527c                adc_calibrate_async
 .text.adc_is_calibrating
                0x0000000008005286        0x8 libopencm3/lib/libopencm3_stm32f1.a(adc.o)
                0x0000000008005286                adc_is_calibrating
 .text.adc_calibrate
                0x000000000800528e       0x14 libopencm3/lib/libopencm3_stm32f1.a(adc.o)
                0x000000000800528e                adc_calibrate
 .text.adc_set_sample_time_on_all_channels
                0x00000000080052a2       0x2a libopencm3/lib/libopencm3_stm32f1.a(adc.o)
                0x00000000080052a2                adc_set_sample_time_on_all_channels
 .text.adc_power_off
                0x00000000080052cc        0xa libopencm3/lib/libopencm3_stm32f1.a(adc_common_v1.o)
                0x00000000080052cc                adc_power_off
 .text.adc_enable_scan_mode
                0x00000000080052d6        0xa libopencm3/lib/libopencm3_stm32f1.a(adc_common_v1.o)
                0x00000000080052d6                adc_enable_scan_mode
 .text.adc_set_right_aligned
                0x00000000080052e0        0xa libopencm3/lib/libopencm3_stm32f1.a(adc_common_v1.o)
                0x00000000080052e0                adc_set_right_aligned
 .text.adc_set_continuous_conversion_mode
                0x00000000080052ea        0xa libopencm3/lib/libopencm3_stm32f1.a(adc_common_v1.o)
                0x00000000080052ea                adc_set_continuous_conversion_mode
 .text.adc_set_regular_sequence
                0x00000000080052f4       0x5e libopencm3/lib/libopencm3_stm32f1.a(adc_common_v1.o)
                0x00000000080052f4                adc_set_regular_sequence
 .text.adc_enable_dma
                0x0000000008005352        0xa libopencm3/lib/libopencm3_stm32f1.a(adc_common_v1.o)
                0x0000000008005352                adc_enable_dma
 .text.can_reset
                0x000000000800535c       0x18 libopencm3/lib/libopencm3_stm32f1.a(can.o)
                0x000000000800535c                can_reset
 .text.can_init
                0x0000000008005374      0x12a libopencm3/lib/libopencm3_stm32f1.a(can.o)
                0x0000000008005374                can_init
 *fill*         0x000000000800549e        0x2 
 .text.can_filter_init
                0x00000000080054a0       0x9c libopencm3/lib/libopencm3_stm32f1.a(can.o)
                0x00000000080054a0                can_filter_init
 .text.can_filter_id_mask_16bit_init
                0x000000000800553c       0x20 libopencm3/lib/libopencm3_stm32f1.a(can.o)
                0x000000000800553c                can_filter_id_mask_16bit_init
 .text.can_filter_id_list_16bit_init
                0x000000000800555c       0x20 libopencm3/lib/libopencm3_stm32f1.a(can.o)
                0x000000000800555c                can_filter_id_list_16bit_init
 .text.can_filter_id_list_32bit_init
                0x000000000800557c       0x1a libopencm3/lib/libopencm3_stm32f1.a(can.o)
                0x000000000800557c                can_filter_id_list_32bit_init
 .text.can_enable_irq
                0x0000000008005596        0x8 libopencm3/lib/libopencm3_stm32f1.a(can.o)
                0x0000000008005596                can_enable_irq
 .text.can_disable_irq
                0x000000000800559e        0xa libopencm3/lib/libopencm3_stm32f1.a(can.o)
                0x000000000800559e                can_disable_irq
 .text.can_transmit
                0x00000000080055a8       0xca libopencm3/lib/libopencm3_stm32f1.a(can.o)
                0x00000000080055a8                can_transmit
 .text.can_fifo_release
                0x0000000008005672       0x16 libopencm3/lib/libopencm3_stm32f1.a(can.o)
                0x0000000008005672                can_fifo_release
 .text.can_fifo_pending
                0x0000000008005688        0xe libopencm3/lib/libopencm3_stm32f1.a(can.o)
                0x0000000008005688                can_fifo_pending
 .text.can_receive
                0x0000000008005696       0xae libopencm3/lib/libopencm3_stm32f1.a(can.o)
                0x0000000008005696                can_receive
 .text.crc_reset
                0x0000000008005744       0x10 libopencm3/lib/libopencm3_stm32f1.a(crc_common_all.o)
                0x0000000008005744                crc_reset
 .text.crc_calculate
                0x0000000008005754        0xc libopencm3/lib/libopencm3_stm32f1.a(crc_common_all.o)
                0x0000000008005754                crc_calculate
 .text.crc_calculate_block
                0x0000000008005760       0x1c libopencm3/lib/libopencm3_stm32f1.a(crc_common_all.o)
                0x0000000008005760                crc_calculate_block
 .text.desig_get_flash_size
                0x000000000800577c        0xc libopencm3/lib/libopencm3_stm32f1.a(desig_common_v1.o)
                0x000000000800577c                desig_get_flash_size
 .text.dma_channel_reset
                0x0000000008005788       0x22 libopencm3/lib/libopencm3_stm32f1.a(dma_common_l1f013.o)
                0x0000000008005788                dma_channel_reset
 .text.dma_clear_interrupt_flags
                0x00000000080057aa        0xc libopencm3/lib/libopencm3_stm32f1.a(dma_common_l1f013.o)
                0x00000000080057aa                dma_clear_interrupt_flags
 .text.dma_get_interrupt_flag
                0x00000000080057b6       0x14 libopencm3/lib/libopencm3_stm32f1.a(dma_common_l1f013.o)
                0x00000000080057b6                dma_get_interrupt_flag
 .text.dma_set_memory_size
                0x00000000080057ca       0x1a libopencm3/lib/libopencm3_stm32f1.a(dma_common_l1f013.o)
                0x00000000080057ca                dma_set_memory_size
 .text.dma_set_peripheral_size
                0x00000000080057e4       0x1a libopencm3/lib/libopencm3_stm32f1.a(dma_common_l1f013.o)
                0x00000000080057e4                dma_set_peripheral_size
 .text.dma_enable_memory_increment_mode
                0x00000000080057fe       0x12 libopencm3/lib/libopencm3_stm32f1.a(dma_common_l1f013.o)
                0x00000000080057fe                dma_enable_memory_increment_mode
 .text.dma_enable_circular_mode
                0x0000000008005810       0x1a libopencm3/lib/libopencm3_stm32f1.a(dma_common_l1f013.o)
                0x0000000008005810                dma_enable_circular_mode
 .text.dma_set_read_from_memory
                0x000000000800582a       0x12 libopencm3/lib/libopencm3_stm32f1.a(dma_common_l1f013.o)
                0x000000000800582a                dma_set_read_from_memory
 .text.dma_enable_channel
                0x000000000800583c       0x12 libopencm3/lib/libopencm3_stm32f1.a(dma_common_l1f013.o)
                0x000000000800583c                dma_enable_channel
 .text.dma_disable_channel
                0x000000000800584e       0x12 libopencm3/lib/libopencm3_stm32f1.a(dma_common_l1f013.o)
                0x000000000800584e                dma_disable_channel
 .text.dma_set_peripheral_address
                0x0000000008005860       0x12 libopencm3/lib/libopencm3_stm32f1.a(dma_common_l1f013.o)
                0x0000000008005860                dma_set_peripheral_address
 .text.dma_set_memory_address
                0x0000000008005872       0x12 libopencm3/lib/libopencm3_stm32f1.a(dma_common_l1f013.o)
                0x0000000008005872                dma_set_memory_address
 .text.dma_get_number_of_data
                0x0000000008005884        0xe libopencm3/lib/libopencm3_stm32f1.a(dma_common_l1f013.o)
                0x0000000008005884                dma_get_number_of_data
 .text.dma_set_number_of_data
                0x0000000008005892        0xc libopencm3/lib/libopencm3_stm32f1.a(dma_common_l1f013.o)
                0x0000000008005892                dma_set_number_of_data
 *fill*         0x000000000800589e        0x2 
 .text.flash_get_status_flags
                0x00000000080058a0       0x20 libopencm3/lib/libopencm3_stm32f1.a(flash.o)
                0x00000000080058a0                flash_get_status_flags
 .text.flash_program_half_word
                0x00000000080058c0       0x64 libopencm3/lib/libopencm3_stm32f1.a(flash.o)
                0x00000000080058c0                flash_program_half_word
 .text.flash_erase_page
                0x0000000008005924       0x74 libopencm3/lib/libopencm3_stm32f1.a(flash.o)
                0x0000000008005924                flash_erase_page
 .text.flash_set_ws
                0x0000000008005998       0x14 libopencm3/lib/libopencm3_stm32f1.a(flash_common_all.o)
                0x0000000008005998                flash_set_ws
 .text.flash_unlock
                0x00000000080059ac       0x18 libopencm3/lib/libopencm3_stm32f1.a(flash_common_f.o)
                0x00000000080059ac                flash_unlock
 .text.flash_lock
                0x00000000080059c4       0x10 libopencm3/lib/libopencm3_stm32f1.a(flash_common_f.o)
                0x00000000080059c4                flash_lock
 .text.flash_wait_for_last_operation
                0x00000000080059d4        0xc libopencm3/lib/libopencm3_stm32f1.a(flash_common_f01.o)
                0x00000000080059d4                flash_wait_for_last_operation
 .text.flash_program_word
                0x00000000080059e0       0x18 libopencm3/lib/libopencm3_stm32f1.a(flash_common_f01.o)
                0x00000000080059e0                flash_program_word
 .text.gpio_set_mode
                0x00000000080059f8       0x5e libopencm3/lib/libopencm3_stm32f1.a(gpio.o)
                0x00000000080059f8                gpio_set_mode
 *fill*         0x0000000008005a56        0x2 
 .text.gpio_primary_remap
                0x0000000008005a58       0x14 libopencm3/lib/libopencm3_stm32f1.a(gpio.o)
                0x0000000008005a58                gpio_primary_remap
 .text.gpio_set
                0x0000000008005a6c        0x4 libopencm3/lib/libopencm3_stm32f1.a(gpio_common_all.o)
                0x0000000008005a6c                gpio_set
 .text.gpio_clear
                0x0000000008005a70        0x6 libopencm3/lib/libopencm3_stm32f1.a(gpio_common_all.o)
                0x0000000008005a70                gpio_clear
 .text.gpio_toggle
                0x0000000008005a76       0x12 libopencm3/lib/libopencm3_stm32f1.a(gpio_common_all.o)
                0x0000000008005a76                gpio_toggle
 .text.iwdg_reset
                0x0000000008005a88       0x10 libopencm3/lib/libopencm3_stm32f1.a(iwdg_common_all.o)
                0x0000000008005a88                iwdg_reset
 .text.rcc_is_osc_ready
                0x0000000008005a98       0x58 libopencm3/lib/libopencm3_stm32f1.a(rcc.o)
                0x0000000008005a98                rcc_is_osc_ready
 .text.rcc_wait_for_osc_ready
                0x0000000008005af0       0x10 libopencm3/lib/libopencm3_stm32f1.a(rcc.o)
                0x0000000008005af0                rcc_wait_for_osc_ready
 .text.rcc_osc_on
                0x0000000008005b00       0x60 libopencm3/lib/libopencm3_stm32f1.a(rcc.o)
                0x0000000008005b00                rcc_osc_on
 .text.rcc_set_sysclk_source
                0x0000000008005b60       0x14 libopencm3/lib/libopencm3_stm32f1.a(rcc.o)
                0x0000000008005b60                rcc_set_sysclk_source
 .text.rcc_set_pll_multiplication_factor
                0x0000000008005b74       0x14 libopencm3/lib/libopencm3_stm32f1.a(rcc.o)
                0x0000000008005b74                rcc_set_pll_multiplication_factor
 .text.rcc_set_pll2_multiplication_factor
                0x0000000008005b88       0x14 libopencm3/lib/libopencm3_stm32f1.a(rcc.o)
                0x0000000008005b88                rcc_set_pll2_multiplication_factor
 .text.rcc_set_pll3_multiplication_factor
                0x0000000008005b9c       0x14 libopencm3/lib/libopencm3_stm32f1.a(rcc.o)
                0x0000000008005b9c                rcc_set_pll3_multiplication_factor
 .text.rcc_set_pll_source
                0x0000000008005bb0       0x14 libopencm3/lib/libopencm3_stm32f1.a(rcc.o)
                0x0000000008005bb0                rcc_set_pll_source
 .text.rcc_set_pllxtpre
                0x0000000008005bc4       0x14 libopencm3/lib/libopencm3_stm32f1.a(rcc.o)
                0x0000000008005bc4                rcc_set_pllxtpre
 .text.rcc_rtc_clock_enabled_flag
                0x0000000008005bd8       0x10 libopencm3/lib/libopencm3_stm32f1.a(rcc.o)
                0x0000000008005bd8                rcc_rtc_clock_enabled_flag
 .text.rcc_enable_rtc_clock
                0x0000000008005be8       0x10 libopencm3/lib/libopencm3_stm32f1.a(rcc.o)
                0x0000000008005be8                rcc_enable_rtc_clock
 .text.rcc_set_rtc_clock_source
                0x0000000008005bf8       0x84 libopencm3/lib/libopencm3_stm32f1.a(rcc.o)
                0x0000000008005bf8                rcc_set_rtc_clock_source
 .text.rcc_set_adcpre
                0x0000000008005c7c       0x14 libopencm3/lib/libopencm3_stm32f1.a(rcc.o)
                0x0000000008005c7c                rcc_set_adcpre
 .text.rcc_set_ppre2
                0x0000000008005c90       0x14 libopencm3/lib/libopencm3_stm32f1.a(rcc.o)
                0x0000000008005c90                rcc_set_ppre2
 .text.rcc_set_ppre1
                0x0000000008005ca4       0x14 libopencm3/lib/libopencm3_stm32f1.a(rcc.o)
                0x0000000008005ca4                rcc_set_ppre1
 .text.rcc_set_hpre
                0x0000000008005cb8       0x14 libopencm3/lib/libopencm3_stm32f1.a(rcc.o)
                0x0000000008005cb8                rcc_set_hpre
 .text.rcc_set_usbpre
                0x0000000008005ccc       0x18 libopencm3/lib/libopencm3_stm32f1.a(rcc.o)
                0x0000000008005ccc                rcc_set_usbpre
 .text.rcc_set_prediv1
                0x0000000008005ce4       0x14 libopencm3/lib/libopencm3_stm32f1.a(rcc.o)
                0x0000000008005ce4                rcc_set_prediv1
 .text.rcc_set_prediv2
                0x0000000008005cf8       0x14 libopencm3/lib/libopencm3_stm32f1.a(rcc.o)
                0x0000000008005cf8                rcc_set_prediv2
 .text.rcc_set_prediv1_source
                0x0000000008005d0c       0x18 libopencm3/lib/libopencm3_stm32f1.a(rcc.o)
                0x0000000008005d0c                rcc_set_prediv1_source
 .text.rcc_clock_setup_pll
                0x0000000008005d24       0xbc libopencm3/lib/libopencm3_stm32f1.a(rcc.o)
                0x0000000008005d24                rcc_clock_setup_pll
 .text.rcc_periph_clock_enable
                0x0000000008005de0       0x1c libopencm3/lib/libopencm3_stm32f1.a(rcc_common_all.o)
                0x0000000008005de0                rcc_periph_clock_enable
 .text.rcc_periph_reset_pulse
                0x0000000008005dfc       0x24 libopencm3/lib/libopencm3_stm32f1.a(rcc_common_all.o)
                0x0000000008005dfc                rcc_periph_reset_pulse
 .text.rtc_enter_config_mode
                0x0000000008005e20       0x1c libopencm3/lib/libopencm3_stm32f1.a(rtc.o)
                0x0000000008005e20                rtc_enter_config_mode
 .text.rtc_exit_config_mode
                0x0000000008005e3c       0x1c libopencm3/lib/libopencm3_stm32f1.a(rtc.o)
                0x0000000008005e3c                rtc_exit_config_mode
 .text.rtc_awake_from_off
                0x0000000008005e58       0x6c libopencm3/lib/libopencm3_stm32f1.a(rtc.o)
                0x0000000008005e58                rtc_awake_from_off
 .text.rtc_set_prescale_val
                0x0000000008005ec4       0x24 libopencm3/lib/libopencm3_stm32f1.a(rtc.o)
                0x0000000008005ec4                rtc_set_prescale_val
 .text.rtc_get_counter_val
                0x0000000008005ee8       0x14 libopencm3/lib/libopencm3_stm32f1.a(rtc.o)
                0x0000000008005ee8                rtc_get_counter_val
 .text.rtc_set_counter_val
                0x0000000008005efc       0x20 libopencm3/lib/libopencm3_stm32f1.a(rtc.o)
                0x0000000008005efc                rtc_set_counter_val
 .text.rtc_awake_from_standby
                0x0000000008005f1c       0x3c libopencm3/lib/libopencm3_stm32f1.a(rtc.o)
                0x0000000008005f1c                rtc_awake_from_standby
 .text.rtc_auto_awake
                0x0000000008005f58       0x34 libopencm3/lib/libopencm3_stm32f1.a(rtc.o)
                0x0000000008005f58                rtc_auto_awake
 .text.spi_enable
                0x0000000008005f8c        0xa libopencm3/lib/libopencm3_stm32f1.a(spi_common_all.o)
                0x0000000008005f8c                spi_enable
 .text.spi_xfer
                0x0000000008005f96        0xe libopencm3/lib/libopencm3_stm32f1.a(spi_common_all.o)
                0x0000000008005f96                spi_xfer
 .text.spi_enable_software_slave_management
                0x0000000008005fa4       0x12 libopencm3/lib/libopencm3_stm32f1.a(spi_common_all.o)
                0x0000000008005fa4                spi_enable_software_slave_management
 .text.spi_set_nss_high
                0x0000000008005fb6        0xa libopencm3/lib/libopencm3_stm32f1.a(spi_common_all.o)
                0x0000000008005fb6                spi_set_nss_high
 .text.spi_set_standard_mode
                0x0000000008005fc0       0x10 libopencm3/lib/libopencm3_stm32f1.a(spi_common_all.o)
                0x0000000008005fc0                spi_set_standard_mode
 .text.spi_init_master
                0x0000000008005fd0       0x28 libopencm3/lib/libopencm3_stm32f1.a(spi_common_v1.o)
                0x0000000008005fd0                spi_init_master
 .text.timer_enable_irq
                0x0000000008005ff8        0x8 libopencm3/lib/libopencm3_stm32f1.a(timer_common_all.o)
                0x0000000008005ff8                timer_enable_irq
 .text.timer_get_flag
                0x0000000008006000        0xc libopencm3/lib/libopencm3_stm32f1.a(timer_common_all.o)
                0x0000000008006000                timer_get_flag
 .text.timer_clear_flag
                0x000000000800600c        0x6 libopencm3/lib/libopencm3_stm32f1.a(timer_common_all.o)
                0x000000000800600c                timer_clear_flag
 .text.timer_enable_preload
                0x0000000008006012        0xa libopencm3/lib/libopencm3_stm32f1.a(timer_common_all.o)
                0x0000000008006012                timer_enable_preload
 .text.timer_direction_up
                0x000000000800601c        0xa libopencm3/lib/libopencm3_stm32f1.a(timer_common_all.o)
                0x000000000800601c                timer_direction_up
 .text.timer_enable_counter
                0x0000000008006026        0xa libopencm3/lib/libopencm3_stm32f1.a(timer_common_all.o)
                0x0000000008006026                timer_enable_counter
 .text.timer_disable_counter
                0x0000000008006030        0xa libopencm3/lib/libopencm3_stm32f1.a(timer_common_all.o)
                0x0000000008006030                timer_disable_counter
 .text.timer_set_prescaler
                0x000000000800603a        0x4 libopencm3/lib/libopencm3_stm32f1.a(timer_common_all.o)
                0x000000000800603a                timer_set_prescaler
 .text.timer_set_period
                0x000000000800603e        0x4 libopencm3/lib/libopencm3_stm32f1.a(timer_common_all.o)
                0x000000000800603e                timer_set_period
 .text.timer_set_oc_mode
                0x0000000008006042      0x18c libopencm3/lib/libopencm3_stm32f1.a(timer_common_all.o)
                0x0000000008006042                timer_set_oc_mode
 .text.timer_set_oc_value
                0x00000000080061ce       0x20 libopencm3/lib/libopencm3_stm32f1.a(timer_common_all.o)
                0x00000000080061ce                timer_set_oc_value
 .text.timer_get_counter
                0x00000000080061ee        0x4 libopencm3/lib/libopencm3_stm32f1.a(timer_common_all.o)
                0x00000000080061ee                timer_get_counter
 .text.timer_set_counter
                0x00000000080061f2        0x4 libopencm3/lib/libopencm3_stm32f1.a(timer_common_all.o)
                0x00000000080061f2                timer_set_counter
 *fill*         0x00000000080061f6        0x2 
 .text.usart_set_baudrate
                0x00000000080061f8       0x28 libopencm3/lib/libopencm3_stm32f1.a(usart_common_all.o)
                0x00000000080061f8                usart_set_baudrate
 .text.usart_set_databits
                0x0000000008006220       0x12 libopencm3/lib/libopencm3_stm32f1.a(usart_common_all.o)
                0x0000000008006220                usart_set_databits
 .text.usart_set_stopbits
                0x0000000008006232        0xc libopencm3/lib/libopencm3_stm32f1.a(usart_common_all.o)
                0x0000000008006232                usart_set_stopbits
 .text.usart_set_parity
                0x000000000800623e        0xc libopencm3/lib/libopencm3_stm32f1.a(usart_common_all.o)
                0x000000000800623e                usart_set_parity
 .text.usart_set_mode
                0x000000000800624a        0xc libopencm3/lib/libopencm3_stm32f1.a(usart_common_all.o)
                0x000000000800624a                usart_set_mode
 .text.usart_set_flow_control
                0x0000000008006256        0xc libopencm3/lib/libopencm3_stm32f1.a(usart_common_all.o)
                0x0000000008006256                usart_set_flow_control
 .text.usart_enable
                0x0000000008006262        0xa libopencm3/lib/libopencm3_stm32f1.a(usart_common_all.o)
                0x0000000008006262                usart_enable
 .text.usart_send_blocking
                0x000000000800626c       0x16 libopencm3/lib/libopencm3_stm32f1.a(usart_common_all.o)
                0x000000000800626c                usart_send_blocking
 .text.usart_enable_rx_dma
                0x0000000008006282        0xa libopencm3/lib/libopencm3_stm32f1.a(usart_common_all.o)
                0x0000000008006282                usart_enable_rx_dma
 .text.usart_enable_tx_dma
                0x000000000800628c        0xa libopencm3/lib/libopencm3_stm32f1.a(usart_common_all.o)
                0x000000000800628c                usart_enable_tx_dma
 .text.usart_send
                0x0000000008006296        0x8 libopencm3/lib/libopencm3_stm32f1.a(usart_common_f124.o)
                0x0000000008006296                usart_send
 .text.usart_recv
                0x000000000800629e        0x8 libopencm3/lib/libopencm3_stm32f1.a(usart_common_f124.o)
                0x000000000800629e                usart_recv
 .text.usart_wait_send_ready
                0x00000000080062a6        0x8 libopencm3/lib/libopencm3_stm32f1.a(usart_common_f124.o)
                0x00000000080062a6                usart_wait_send_ready
 .text.usart_get_flag
                0x00000000080062ae        0xc libopencm3/lib/libopencm3_stm32f1.a(usart_common_f124.o)
                0x00000000080062ae                usart_get_flag
 .text.blocking_handler
                0x00000000080062ba        0x2 libopencm3/lib/libopencm3_stm32f1.a(vector.o)
                0x00000000080062ba                usart3_isr
                0x00000000080062ba                rtc_isr
                0x00000000080062ba                tim7_isr
                0x00000000080062ba                adc1_2_isr
                0x00000000080062ba                tim1_trg_com_isr
                0x00000000080062ba                tim6_isr
                0x00000000080062ba                usb_wakeup_isr
                0x00000000080062ba                blocking_handler
                0x00000000080062ba                tim5_isr
                0x00000000080062ba                otg_fs_isr
                0x00000000080062ba                spi1_isr
                0x00000000080062ba                exti2_isr
                0x00000000080062ba                dma1_channel6_isr
                0x00000000080062ba                dma1_channel5_isr
                0x00000000080062ba                dma2_channel5_isr
                0x00000000080062ba                usart1_isr
                0x00000000080062ba                usage_fault_handler
                0x00000000080062ba                tim8_trg_com_isr
                0x00000000080062ba                tim1_brk_isr
                0x00000000080062ba                tim1_cc_isr
                0x00000000080062ba                sdio_isr
                0x00000000080062ba                eth_isr
                0x00000000080062ba                dma1_channel4_isr
                0x00000000080062ba                tim8_brk_isr
                0x00000000080062ba                dma2_channel4_5_isr
                0x00000000080062ba                pvd_isr
                0x00000000080062ba                rcc_isr
                0x00000000080062ba                flash_isr
                0x00000000080062ba                uart4_isr
                0x00000000080062ba                rtc_alarm_isr
                0x00000000080062ba                exti15_10_isr
                0x00000000080062ba                hard_fault_handler
                0x00000000080062ba                exti1_isr
                0x00000000080062ba                i2c1_ev_isr
                0x00000000080062ba                dma2_channel1_isr
                0x00000000080062ba                spi2_isr
                0x00000000080062ba                tim8_up_isr
                0x00000000080062ba                dma2_channel2_isr
                0x00000000080062ba                exti3_isr
                0x00000000080062ba                adc3_isr
                0x00000000080062ba                tim3_isr
                0x00000000080062ba                usart2_isr
                0x00000000080062ba                i2c2_er_isr
                0x00000000080062ba                i2c2_ev_isr
                0x00000000080062ba                uart5_isr
                0x00000000080062ba                fsmc_isr
                0x00000000080062ba                dma1_channel1_isr
                0x00000000080062ba                exti4_isr
                0x00000000080062ba                mem_manage_handler
                0x00000000080062ba                exti9_5_isr
                0x00000000080062ba                dma2_channel3_isr
                0x00000000080062ba                dma1_channel7_isr
                0x00000000080062ba                tim1_up_isr
                0x00000000080062ba                can2_sce_isr
                0x00000000080062ba                tim4_isr
                0x00000000080062ba                dma1_channel2_isr
                0x00000000080062ba                i2c1_er_isr
                0x00000000080062ba                can_sce_isr
                0x00000000080062ba                tim8_cc_isr
                0x00000000080062ba                tamper_isr
                0x00000000080062ba                eth_wkup_isr
                0x00000000080062ba                bus_fault_handler
                0x00000000080062ba                wwdg_isr
                0x00000000080062ba                dma1_channel3_isr
                0x00000000080062ba                spi3_isr
                0x00000000080062ba                exti0_isr
 .text.null_handler
                0x00000000080062bc        0x2 libopencm3/lib/libopencm3_stm32f1.a(vector.o)
                0x00000000080062bc                null_handler
                0x00000000080062bc                sv_call_handler
                0x00000000080062bc                pend_sv_handler
                0x00000000080062bc                debug_monitor_handler
                0x00000000080062bc                sys_tick_handler
                0x00000000080062bc                nmi_handler
 *fill*         0x00000000080062be        0x2 
 .text.reset_handler
                0x00000000080062c0       0x94 libopencm3/lib/libopencm3_stm32f1.a(vector.o)
                0x00000000080062c0                reset_handler
 .text.scb_reset_system
                0x0000000008006354       0x10 libopencm3/lib/libopencm3_stm32f1.a(scb.o)
                0x0000000008006354                scb_reset_system
 .text.nvic_enable_irq
                0x0000000008006364       0x1a libopencm3/lib/libopencm3_stm32f1.a(nvic.o)
                0x0000000008006364                nvic_enable_irq
 *fill*         0x000000000800637e        0x2 
 .text.nvic_set_priority
                0x0000000008006380       0x20 libopencm3/lib/libopencm3_stm32f1.a(nvic.o)
                0x0000000008006380                nvic_set_priority
 .text.pwr_disable_backup_domain_write_protect
                0x00000000080063a0       0x10 libopencm3/lib/libopencm3_stm32f1.a(pwr_common_v1.o)
                0x00000000080063a0                pwr_disable_backup_domain_write_protect
 .text          0x00000000080063b0      0x378 /usr/bin/../lib/gcc/arm-none-eabi/10.3.1/thumb/v7/nofp/libgcc.a(_arm_addsubdf3.o)
                0x00000000080063b0                __aeabi_drsub
                0x00000000080063b8                __aeabi_dsub
                0x00000000080063b8                __subdf3
                0x00000000080063bc                __adddf3
                0x00000000080063bc                __aeabi_dadd
                0x0000000008006634                __aeabi_ui2d
                0x0000000008006634                __floatunsidf
                0x0000000008006654                __floatsidf
                0x0000000008006654                __aeabi_i2d
                0x0000000008006678                __extendsfdf2
                0x0000000008006678                __aeabi_f2d
                0x00000000080066bc                __aeabi_ul2d
                0x00000000080066bc                __floatundidf
                0x00000000080066cc                __floatdidf
                0x00000000080066cc                __aeabi_l2d
 .text          0x0000000008006728      0x424 /usr/bin/../lib/gcc/arm-none-eabi/10.3.1/thumb/v7/nofp/libgcc.a(_arm_muldivdf3.o)
                0x0000000008006728                __aeabi_dmul
                0x0000000008006728                __muldf3
                0x000000000800697c                __aeabi_ddiv
                0x000000000800697c                __divdf3
 .text          0x0000000008006b4c       0x50 /usr/bin/../lib/gcc/arm-none-eabi/10.3.1/thumb/v7/nofp/libgcc.a(_arm_fixdfsi.o)
                0x0000000008006b4c                __fixdfsi
                0x0000000008006b4c                __aeabi_d2iz
 .text          0x0000000008006b9c       0x40 /usr/bin/../lib/gcc/arm-none-eabi/10.3.1/thumb/v7/nofp/libgcc.a(_arm_fixunsdfsi.o)
                0x0000000008006b9c                __fixunsdfsi
                0x0000000008006b9c                __aeabi_d2uiz
 .text          0x0000000008006bdc       0xa0 /usr/bin/../lib/gcc/arm-none-eabi/10.3.1/thumb/v7/nofp/libgcc.a(_arm_truncdfsf2.o)
                0x0000000008006bdc                __aeabi_d2f
                0x0000000008006bdc                __truncdfsf2
 .text          0x0000000008006c7c      0x21c /usr/bin/../lib/gcc/arm-none-eabi/10.3.1/thumb/v7/nofp/libgcc.a(_arm_addsubsf3.o)
                0x0000000008006c7c                __aeabi_frsub
                0x0000000008006c84                __subsf3
                0x0000000008006c84                __aeabi_fsub
                0x0000000008006c88                __aeabi_fadd
                0x0000000008006c88                __addsf3
                0x0000000008006de8                __aeabi_ui2f
                0x0000000008006de8                __floatunsisf
                0x0000000008006df0                __aeabi_i2f
                0x0000000008006df0                __floatsisf
                0x0000000008006e0c                __floatundisf
                0x0000000008006e0c                __aeabi_ul2f
                0x0000000008006e1c                __floatdisf
                0x0000000008006e1c                __aeabi_l2f
 .text          0x0000000008006e98      0x2a0 /usr/bin/../lib/gcc/arm-none-eabi/10.3.1/thumb/v7/nofp/libgcc.a(_arm_muldivsf3.o)
                0x0000000008006e98                __mulsf3
                0x0000000008006e98                __aeabi_fmul
                0x0000000008007000                __divsf3
                0x0000000008007000                __aeabi_fdiv
 .text          0x0000000008007138       0xec /usr/bin/../lib/gcc/arm-none-eabi/10.3.1/thumb/v7/nofp/libgcc.a(_arm_cmpsf2.o)
                0x0000000008007138                __gtsf2
                0x0000000008007138                __gesf2
                0x0000000008007140                __lesf2
                0x0000000008007140                __ltsf2
                0x0000000008007148                __nesf2
                0x0000000008007148                __eqsf2
                0x0000000008007148                __cmpsf2
                0x00000000080071a8                __aeabi_cfrcmple
                0x00000000080071b0                __aeabi_cfcmple
                0x00000000080071b0                __aeabi_cfcmpeq
                0x00000000080071c0                __aeabi_fcmpeq
                0x00000000080071d4                __aeabi_fcmplt
                0x00000000080071e8                __aeabi_fcmple
                0x00000000080071fc                __aeabi_fcmpge
                0x0000000008007210                __aeabi_fcmpgt
 .text          0x0000000008007224       0x4c /usr/bin/../lib/gcc/arm-none-eabi/10.3.1/thumb/v7/nofp/libgcc.a(_arm_fixsfsi.o)
                0x0000000008007224                __fixsfsi
                0x0000000008007224                __aeabi_f2iz
 .text          0x0000000008007270       0x40 /usr/bin/../lib/gcc/arm-none-eabi/10.3.1/thumb/v7/nofp/libgcc.a(_arm_fixunssfsi.o)
                0x0000000008007270                __aeabi_f2uiz
                0x0000000008007270                __fixunssfsi
 .text.memset   0x00000000080072b0       0xa4 /usr/bin/../lib/gcc/arm-none-eabi/10.3.1/../../../../arm-none-eabi/lib/thumb/v7/nofp/libc.a(lib_a-memset.o)
                0x00000000080072b0                memset
                0x0000000008007354                . = ALIGN (0x4)
 *(.rodata*)
 .rodata._ZTV11CanCallback
                0x0000000008007354       0x10 obj/main.o
                0x0000000008007354                vtable for CanCallback
 .rodata._ZTV23FunctionPointerCallback
                0x0000000008007364       0x10 obj/main.o
                0x0000000008007364                vtable for FunctionPointerCallback
 .rodata._ZN14Stm32Scheduler5ocMapE
                0x0000000008007374        0x4 obj/stm32scheduler.o
                0x0000000008007374                Stm32Scheduler::ocMap
 .rodata.str1.4
                0x0000000008007378      0x4a6 obj/params.o
                                        0x4ae (size before relaxing)
 *fill*         0x000000000800781e        0x2 
 .rodata._ZN5ParamL7attribsE
                0x0000000008007820     0x120c obj/params.o
 .rodata._ZN8Terminal10EnableUartEPc.str1.4
                0x0000000008008a2c      0x4a6 obj/terminal.o
                                          0x5 (size before relaxing)
 .rodata._ZN8Terminal8FastUartEPc.str1.4
                0x0000000008008a2c        0xf obj/terminal.o
                                         0x13 (size before relaxing)
 *fill*         0x0000000008008a3b        0x1 
 .rodata._ZN8Terminal3RunEv.str1.4
                0x0000000008008a3c       0x33 obj/terminal.o
 *fill*         0x0000000008008a6f        0x1 
 .rodata._ZTV8IPutChar
                0x0000000008008a70        0xc obj/terminal.o
                0x0000000008008a70                vtable for IPutChar
 .rodata._ZN8Terminal6hwInfoE
                0x0000000008008a7c       0x70 obj/terminal.o
                0x0000000008008a7c                Terminal::hwInfo
 .rodata._ZTV8Terminal
                0x0000000008008aec        0xc obj/terminal.o
                0x0000000008008aec                vtable for Terminal
 .rodata._ZL11PrintSerialP8TerminalPc.str1.4
                0x0000000008008af8       0x11 obj/terminal_prj.o
 *fill*         0x0000000008008b09        0x3 
 .rodata._ZL12LoadDefaultsP8TerminalPc.str1.4
                0x0000000008008b0c       0x12 obj/terminal_prj.o
 *fill*         0x0000000008008b1e        0x2 
 .rodata.str1.4
                0x0000000008008b20       0x5f obj/terminal_prj.o
 *fill*         0x0000000008008b7f        0x1 
 .rodata.termCmds
                0x0000000008008b80       0x70 obj/terminal_prj.o
                0x0000000008008b80                termCmds
 .rodata._ZL5printP8IPutCharPKcSt9__va_list.str1.4
                0x0000000008008bf0        0x7 obj/printf.o
 *fill*         0x0000000008008bf7        0x1 
 .rodata._ZTV13ExternPutChar
                0x0000000008008bf8        0xc obj/printf.o
                0x0000000008008bf8                vtable for ExternPutChar
 .rodata._ZN12ErrorMessage10PrintErrorEm17ERROR_MESSAGE_NUM.str1.4
                0x0000000008008c04       0x10 obj/errormessage.o
 .rodata._ZN12ErrorMessage14PrintAllErrorsEv.str1.4
                0x0000000008008c14        0xc obj/errormessage.o
 .rodata.str1.4
                0x0000000008008c20       0x3a obj/errormessage.o
                                         0x3e (size before relaxing)
 *fill*         0x0000000008008c5a        0x2 
 .rodata._ZL16errorDescriptors
                0x0000000008008c5c       0x10 obj/errormessage.o
 .rodata._ZL5types
                0x0000000008008c6c        0xc obj/errormessage.o
 .rodata        0x0000000008008c78        0x8 obj/stm32_can.o
 .rodata._ZL8canSpeed
                0x0000000008008c80       0x3c obj/stm32_can.o
 .rodata._ZTV8Stm32Can
                0x0000000008008cbc       0x14 obj/stm32_can.o
                0x0000000008008cbc                vtable for Stm32Can
 .rodata._ZTV11CanHardware
                0x0000000008008cd0       0x14 obj/canhardware.o
                0x0000000008008cd0                vtable for CanHardware
 .rodata._ZTV12NullCallback
                0x0000000008008ce4       0x10 obj/canhardware.o
                0x0000000008008ce4                vtable for NullCallback
 .rodata._ZTV6CanMap
                0x0000000008008cf4       0x10 obj/canmap.o
                0x0000000008008cf4                vtable for CanMap
 .rodata._ZN16TerminalCommands11PrintCanMapEN5Param9PARAM_NUMEmhhfab.str1.4
                0x0000000008008d04       0x24 obj/terminalcommands.o
 .rodata._ZN16TerminalCommands8ParamSetEP8TerminalPc.str1.4
                0x0000000008008d28       0x57 obj/terminalcommands.o
 *fill*         0x0000000008008d7f        0x1 
 .rodata._ZN16TerminalCommands8ParamGetEP8TerminalPc.str1.4
                0x0000000008008d80       0x22 obj/terminalcommands.o
 *fill*         0x0000000008008da2        0x2 
 .rodata._ZN16TerminalCommands9ParamFlagEP8TerminalPc.str1.4
                0x0000000008008da4       0x39 obj/terminalcommands.o
 *fill*         0x0000000008008ddd        0x3 
 .rodata._ZN16TerminalCommands15PrintParamsJsonEP8IPutCharPc.str1.4
                0x0000000008008de0      0x13a obj/terminalcommands.o
 *fill*         0x0000000008008f1a        0x2 
 .rodata._ZN16TerminalCommands6MapCanEP8TerminalPc.str1.4
                0x0000000008008f1c      0x112 obj/terminalcommands.o
                                        0x116 (size before relaxing)
 *fill*         0x000000000800902e        0x2 
 .rodata._ZN16TerminalCommands14SaveParametersEP8TerminalPc.str1.4
                0x0000000008009030       0x6f obj/terminalcommands.o
 *fill*         0x000000000800909f        0x1 
 .rodata._ZN16TerminalCommands14LoadParametersEP8TerminalPc.str1.4
                0x00000000080090a0       0x2a obj/terminalcommands.o
 *fill*         0x00000000080090ca        0x2 
 .rodata._ZN16TerminalCommands11ParamStreamEP8TerminalPc.str1.4
                0x00000000080090cc       0x25 obj/terminalcommands.o
                                         0x2f (size before relaxing)
 *fill*         0x00000000080090f1        0x3 
 .rodata._ZTV6CanSdo
                0x00000000080090f4       0x20 obj/cansdo.o
                0x00000000080090f4                vtable for CanSdo
 .rodata.rcc_hse_configs
                0x0000000008009114       0x8c libopencm3/lib/libopencm3_stm32f1.a(rcc.o)
                0x0000000008009114                rcc_hse_configs
                0x00000000080091a0                . = ALIGN (0x4)

.glue_7         0x00000000080091a0        0x0
 .glue_7        0x00000000080091a0        0x0 linker stubs

.glue_7t        0x00000000080091a0        0x0
 .glue_7t       0x00000000080091a0        0x0 linker stubs

.vfp11_veneer   0x00000000080091a0        0x0
 .vfp11_veneer  0x00000000080091a0        0x0 linker stubs

.v4_bx          0x00000000080091a0        0x0
 .v4_bx         0x00000000080091a0        0x0 linker stubs

.iplt           0x00000000080091a0        0x0
 .iplt          0x00000000080091a0        0x0 obj/main.o

.rel.dyn        0x00000000080091a0        0x0
 .rel.iplt      0x00000000080091a0        0x0 obj/main.o

.preinit_array  0x00000000080091a0        0x0
                0x00000000080091a0                . = ALIGN (0x4)
                0x00000000080091a0                __preinit_array_start = .
 *(.preinit_array)
                0x00000000080091a0                __preinit_array_end = .

.init_array     0x00000000080091a0        0x8
                0x00000000080091a0                . = ALIGN (0x4)
                0x00000000080091a0                __init_array_start = .
 *(SORT_BY_NAME(.init_array.*))
 *(.init_array)
 .init_array    0x00000000080091a0        0x4 obj/sine_core.o
 .init_array    0x00000000080091a4        0x4 obj/anain.o
                0x00000000080091a8                __init_array_end = .

.fini_array     0x00000000080091a8        0x0
                0x00000000080091a8                . = ALIGN (0x4)
                0x00000000080091a8                __fini_array_start = .
 *(.fini_array)
 *(SORT_BY_NAME(.fini_array.*))
                0x00000000080091a8                __fini_array_end = .

.ARM.extab
 *(.ARM.extab*)

.ARM.exidx      0x00000000080091a8        0x0
                0x00000000080091a8                __exidx_start = .
 *(.ARM.exidx*)
                0x00000000080091a8                __exidx_end = .
                0x00000000080091a8                . = ALIGN (0x4)
                0x00000000080091a8                _etext = .

.noinit
 *(.noinit*)
                0x00000000080091a8                . = ALIGN (0x4)

.data           0x0000000020000000      0x4e8 load address 0x00000000080091a8
                0x0000000020000000                _data = .
 *(.data*)
 .data._ZN5ParamL6valuesE
                0x0000000020000000      0x294 obj/params.o
 .data.errorBuffer
                0x0000000020000294       0x20 obj/errormessage.o
                0x0000000020000294                errorBuffer
 .data._ZL12nullCallback
                0x00000000200002b4        0x4 obj/canhardware.o
 .data._ZN16TerminalCommands11saveEnabledE
                0x00000000200002b8        0x1 obj/terminalcommands.o
                0x00000000200002b8                TerminalCommands::saveEnabled
 .data.BmbTimeout
                0x00000000200002b9        0x1 obj/BatMan.o
                0x00000000200002b9                BmbTimeout
 *fill*         0x00000000200002ba        0x2 
 .data.CellVMin
                0x00000000200002bc        0x4 obj/BatMan.o
                0x00000000200002bc                CellVMin
 .data.Mute     0x00000000200002c0        0x4 obj/BatMan.o
                0x00000000200002c0                Mute
 .data.SendDelay
                0x00000000200002c4        0x2 obj/BatMan.o
                0x00000000200002c4                SendDelay
 *fill*         0x00000000200002c6        0x2 
 .data.Snap     0x00000000200002c8        0x4 obj/BatMan.o
                0x00000000200002c8                Snap
 .data.TempMin  0x00000000200002cc        0x4 obj/BatMan.o
                0x00000000200002cc                TempMin
 .data.Unmute   0x00000000200002d0        0x4 obj/BatMan.o
                0x00000000200002d0                Unmute
 .data.WakeUp   0x00000000200002d4        0x4 obj/BatMan.o
                0x00000000200002d4                WakeUp
 .data.crcTable2f
                0x00000000200002d8      0x200 obj/BatMan.o
                0x00000000200002d8                crcTable2f
 .data.reqTemp  0x00000000200004d8        0x2 obj/BatMan.o
                0x00000000200004d8                reqTemp
 *fill*         0x00000000200004da        0x2 
 .data.rcc_ahb_frequency
                0x00000000200004dc        0x4 libopencm3/lib/libopencm3_stm32f1.a(rcc.o)
                0x00000000200004dc                rcc_ahb_frequency
 .data.rcc_apb1_frequency
                0x00000000200004e0        0x4 libopencm3/lib/libopencm3_stm32f1.a(rcc.o)
                0x00000000200004e0                rcc_apb1_frequency
 .data.rcc_apb2_frequency
                0x00000000200004e4        0x4 libopencm3/lib/libopencm3_stm32f1.a(rcc.o)
                0x00000000200004e4                rcc_apb2_frequency
 *(.ramtext*)
                0x00000000200004e8                . = ALIGN (0x4)
                0x00000000200004e8                _edata = .
                0x00000000080091a8                _data_loadaddr = LOADADDR (.data)

.igot.plt       0x00000000200004e8        0x0 load address 0x0000000008009690
 .igot.plt      0x00000000200004e8        0x0 obj/main.o

.bss            0x00000000200004e8      0x324 load address 0x0000000008009690
 *(.bss*)
 .bss._ZL3can   0x00000000200004e8        0x4 obj/main.o
 .bss._ZL6canMap
                0x00000000200004ec        0x4 obj/main.o
 .bss._ZL9scheduler
                0x00000000200004f0        0x4 obj/main.o
 .bss._ZN5ParamL5flagsE
                0x00000000200004f4       0xa5 obj/params.o
 *fill*         0x0000000020000599        0x3 
 .bss._ZN8Terminal15defaultTerminalE
                0x000000002000059c        0x4 obj/terminal.o
                0x000000002000059c                Terminal::defaultTerminal
 .bss._ZN5DigIo3in1E
                0x00000000200005a0        0x8 obj/digio.o
                0x00000000200005a0                DigIo::in1
 .bss._ZN5DigIo3in2E
                0x00000000200005a8        0x8 obj/digio.o
                0x00000000200005a8                DigIo::in2
 .bss._ZN5DigIo4out1E
                0x00000000200005b0        0x8 obj/digio.o
                0x00000000200005b0                DigIo::out1
 .bss._ZN5DigIo4out2E
                0x00000000200005b8        0x8 obj/digio.o
                0x00000000200005b8                DigIo::out2
 .bss._ZN5DigIo5BatCSE
                0x00000000200005c0        0x8 obj/digio.o
                0x00000000200005c0                DigIo::BatCS
 .bss._ZN5DigIo7batm_enE
                0x00000000200005c8        0x8 obj/digio.o
                0x00000000200005c8                DigIo::batm_en
 .bss._ZN5DigIo7led_outE
                0x00000000200005d0        0x8 obj/digio.o
                0x00000000200005d0                DigIo::led_out
 .bss._ZN8SineCore11ZERO_OFFSETE
                0x00000000200005d8        0x2 obj/sine_core.o
                0x00000000200005d8                SineCore::ZERO_OFFSET
 *fill*         0x00000000200005da        0x2 
 .bss._ZN5AnaIn13channel_arrayE
                0x00000000200005dc        0x2 obj/anain.o
                0x00000000200005dc                AnaIn::channel_array
 *fill*         0x00000000200005de        0x2 
 .bss._ZN5AnaIn4A1inE
                0x00000000200005e0        0x4 obj/anain.o
                0x00000000200005e0                AnaIn::A1in
 .bss._ZN5AnaIn5lvmonE
                0x00000000200005e4        0x4 obj/anain.o
                0x00000000200005e4                AnaIn::lvmon
 .bss._ZN5AnaIn6valuesE
                0x00000000200005e8       0x30 obj/anain.o
                0x00000000200005e8                AnaIn::values
 .bss._ZN12ErrorMessage8timeTickE
                0x0000000020000618        0x4 obj/errormessage.o
                0x0000000020000618                ErrorMessage::timeTick
 .bss._ZN8Stm32Can10interfacesE
                0x000000002000061c        0x8 obj/stm32_can.o
                0x000000002000061c                Stm32Can::interfaces
 .bss._ZN6CanMap8isSavingE
                0x0000000020000624        0x1 obj/canmap.o
                0x0000000020000624                CanMap::isSaving
 *fill*         0x0000000020000625        0x3 
 .bss._ZL7curTerm
                0x0000000020000628        0x4 obj/terminalcommands.o
 .bss._ZN16TerminalCommands6canMapE
                0x000000002000062c        0x4 obj/terminalcommands.o
                0x000000002000062c                TerminalCommands::canMap
 .bss.BalanceFlage
                0x0000000020000630        0x1 obj/BatMan.o
                0x0000000020000630                BalanceFlage
 *fill*         0x0000000020000631        0x3 
 .bss.CellVMax  0x0000000020000634        0x4 obj/BatMan.o
                0x0000000020000634                CellVMax
 .bss.Cfg       0x0000000020000638       0x20 obj/BatMan.o
                0x0000000020000638                Cfg
 .bss.ChipNum   0x0000000020000658        0x1 obj/BatMan.o
                0x0000000020000658                ChipNum
 *fill*         0x0000000020000659        0x3 
 .bss.ChipV     0x000000002000065c       0x10 obj/BatMan.o
                0x000000002000065c                ChipV
 .bss.Fluffer   0x000000002000066c       0x48 obj/BatMan.o
                0x000000002000066c                Fluffer
 .bss.IdleCnt   0x00000000200006b4        0x1 obj/BatMan.o
                0x00000000200006b4                IdleCnt
 *fill*         0x00000000200006b5        0x1 
 .bss.LoopRanCnt
                0x00000000200006b6        0x2 obj/BatMan.o
                0x00000000200006b6                LoopRanCnt
 .bss.LoopState
                0x00000000200006b8        0x2 obj/BatMan.o
                0x00000000200006b8                LoopState
 *fill*         0x00000000200006ba        0x2 
 .bss.Temp1     0x00000000200006bc       0x10 obj/BatMan.o
                0x00000000200006bc                Temp1
 .bss.Temp2     0x00000000200006cc       0x10 obj/BatMan.o
                0x00000000200006cc                Temp2
 .bss.TempMax   0x00000000200006dc        0x4 obj/BatMan.o
                0x00000000200006dc                TempMax
 .bss.Temps     0x00000000200006e0       0x10 obj/BatMan.o
                0x00000000200006e0                Temps
 .bss.Voltage   0x00000000200006f0       0xf0 obj/BatMan.o
                0x00000000200006f0                Voltage
 .bss.Volts5v   0x00000000200007e0       0x10 obj/BatMan.o
                0x00000000200007e0                Volts5v
 .bss.count1    0x00000000200007f0        0x1 obj/BatMan.o
                0x00000000200007f0                count1
 .bss.count2    0x00000000200007f1        0x1 obj/BatMan.o
                0x00000000200007f1                count2
 .bss.count3    0x00000000200007f2        0x1 obj/BatMan.o
                0x00000000200007f2                count3
 *fill*         0x00000000200007f3        0x1 
 .bss.padding   0x00000000200007f4        0x2 obj/BatMan.o
                0x00000000200007f4                padding
 .bss.receive1  0x00000000200007f6        0x2 obj/BatMan.o
                0x00000000200007f6                receive1
 .bss.receive2  0x00000000200007f8        0x2 obj/BatMan.o
                0x00000000200007f8                receive2
 *fill*         0x00000000200007fa        0x2 
 .bss.tempval1  0x00000000200007fc        0x4 obj/BatMan.o
                0x00000000200007fc                tempval1
 .bss.tempval2  0x0000000020000800        0x4 obj/BatMan.o
                0x0000000020000800                tempval2
 .bss._ZL1c     0x0000000020000804        0x4 obj/CAN_Common.o
 .bss.loopcnt   0x0000000020000808        0x1 obj/CAN_Common.o
                0x0000000020000808                loopcnt
 *(COMMON)
                0x000000002000080c                . = ALIGN (0x4)
 *fill*         0x0000000020000809        0x3 
                0x000000002000080c                _ebss = .

/DISCARD/
 *(.eh_frame)
                0x000000002000080c                . = ALIGN (0x4)
                0x000000002000080c                end = .
                0x0000000020005000                PROVIDE (_stack = (ORIGIN (ram) + LENGTH (ram)))
OUTPUT(stm32_m3bms elf32-littlearm)
LOAD linker stubs

.debug_info     0x0000000000000000    0x1a148
 .debug_info    0x0000000000000000     0x199d obj/main.o
 .debug_info    0x000000000000199d      0xa8c obj/hwinit.o
 .debug_info    0x0000000000002429      0x5f4 obj/stm32scheduler.o
 .debug_info    0x0000000000002a1d      0xc69 obj/params.o
 .debug_info    0x0000000000003686     0x144e obj/terminal.o
 .debug_info    0x0000000000004ad4      0xa18 obj/terminal_prj.o
 .debug_info    0x00000000000054ec      0x3a4 obj/digio.o
 .debug_info    0x0000000000005890      0x7b9 obj/sine_core.o
 .debug_info    0x0000000000006049      0xb5b obj/printf.o
 .debug_info    0x0000000000006ba4      0x884 obj/anain.o
 .debug_info    0x0000000000007428      0x9e9 obj/param_save.o
 .debug_info    0x0000000000007e11      0x477 obj/errormessage.o
 .debug_info    0x0000000000008288     0x13be obj/stm32_can.o
 .debug_info    0x0000000000009646      0x825 obj/canhardware.o
 .debug_info    0x0000000000009e6b     0x26c6 obj/canmap.o
 .debug_info    0x000000000000c531     0x1c43 obj/terminalcommands.o
 .debug_info    0x000000000000e174     0x2116 obj/BatMan.o
 .debug_info    0x000000000001028a      0xac9 obj/CAN_Common.o
 .debug_info    0x0000000000010d53     0x1602 obj/cansdo.o
 .debug_info    0x0000000000012355      0x3cf libopencm3/lib/libopencm3_stm32f1.a(adc.o)
 .debug_info    0x0000000000012724      0x919 libopencm3/lib/libopencm3_stm32f1.a(adc_common_v1.o)
 .debug_info    0x000000000001303d      0xb9b libopencm3/lib/libopencm3_stm32f1.a(can.o)
 .debug_info    0x0000000000013bd8      0x11e libopencm3/lib/libopencm3_stm32f1.a(crc_common_all.o)
 .debug_info    0x0000000000013cf6       0xe7 libopencm3/lib/libopencm3_stm32f1.a(desig_common_v1.o)
 .debug_info    0x0000000000013ddd      0x7e2 libopencm3/lib/libopencm3_stm32f1.a(dma_common_l1f013.o)
 .debug_info    0x00000000000145bf      0x395 libopencm3/lib/libopencm3_stm32f1.a(flash.o)
 .debug_info    0x0000000000014954       0xf6 libopencm3/lib/libopencm3_stm32f1.a(flash_common_all.o)
 .debug_info    0x0000000000014a4a       0xbe libopencm3/lib/libopencm3_stm32f1.a(flash_common_f.o)
 .debug_info    0x0000000000014b08      0x209 libopencm3/lib/libopencm3_stm32f1.a(flash_common_f01.o)
 .debug_info    0x0000000000014d11      0x210 libopencm3/lib/libopencm3_stm32f1.a(gpio.o)
 .debug_info    0x0000000000014f21      0x266 libopencm3/lib/libopencm3_stm32f1.a(gpio_common_all.o)
 .debug_info    0x0000000000015187      0x17c libopencm3/lib/libopencm3_stm32f1.a(iwdg_common_all.o)
 .debug_info    0x0000000000015303     0x1574 libopencm3/lib/libopencm3_stm32f1.a(rcc.o)
 .debug_info    0x0000000000016877      0x63d libopencm3/lib/libopencm3_stm32f1.a(rcc_common_all.o)
 .debug_info    0x0000000000016eb4      0x70a libopencm3/lib/libopencm3_stm32f1.a(rtc.o)
 .debug_info    0x00000000000175be      0x9f5 libopencm3/lib/libopencm3_stm32f1.a(spi_common_all.o)
 .debug_info    0x0000000000017fb3      0x15e libopencm3/lib/libopencm3_stm32f1.a(spi_common_v1.o)
 .debug_info    0x0000000000018111     0x112d libopencm3/lib/libopencm3_stm32f1.a(timer_common_all.o)
 .debug_info    0x000000000001923e      0x5a4 libopencm3/lib/libopencm3_stm32f1.a(usart_common_all.o)
 .debug_info    0x00000000000197e2      0x19e libopencm3/lib/libopencm3_stm32f1.a(usart_common_f124.o)
 .debug_info    0x0000000000019980      0x2dd libopencm3/lib/libopencm3_stm32f1.a(vector.o)
 .debug_info    0x0000000000019c5d       0xde libopencm3/lib/libopencm3_stm32f1.a(scb.o)
 .debug_info    0x0000000000019d3b      0x251 libopencm3/lib/libopencm3_stm32f1.a(nvic.o)
 .debug_info    0x0000000000019f8c      0x1bc libopencm3/lib/libopencm3_stm32f1.a(pwr_common_v1.o)

.debug_abbrev   0x0000000000000000     0x5c45
 .debug_abbrev  0x0000000000000000      0x614 obj/main.o
 .debug_abbrev  0x0000000000000614      0x1c1 obj/hwinit.o
 .debug_abbrev  0x00000000000007d5      0x263 obj/stm32scheduler.o
 .debug_abbrev  0x0000000000000a38      0x24a obj/params.o
 .debug_abbrev  0x0000000000000c82      0x4a4 obj/terminal.o
 .debug_abbrev  0x0000000000001126      0x22d obj/terminal_prj.o
 .debug_abbrev  0x0000000000001353      0x1f5 obj/digio.o
 .debug_abbrev  0x0000000000001548      0x25c obj/sine_core.o
 .debug_abbrev  0x00000000000017a4      0x376 obj/printf.o
 .debug_abbrev  0x0000000000001b1a      0x330 obj/anain.o
 .debug_abbrev  0x0000000000001e4a      0x1fd obj/param_save.o
 .debug_abbrev  0x0000000000002047      0x23c obj/errormessage.o
 .debug_abbrev  0x0000000000002283      0x465 obj/stm32_can.o
 .debug_abbrev  0x00000000000026e8      0x35d obj/canhardware.o
 .debug_abbrev  0x0000000000002a45      0x69e obj/canmap.o
 .debug_abbrev  0x00000000000030e3      0x34b obj/terminalcommands.o
 .debug_abbrev  0x000000000000342e      0x3a8 obj/BatMan.o
 .debug_abbrev  0x00000000000037d6      0x250 obj/CAN_Common.o
 .debug_abbrev  0x0000000000003a26      0x493 obj/cansdo.o
 .debug_abbrev  0x0000000000003eb9      0x192 libopencm3/lib/libopencm3_stm32f1.a(adc.o)
 .debug_abbrev  0x000000000000404b      0x181 libopencm3/lib/libopencm3_stm32f1.a(adc_common_v1.o)
 .debug_abbrev  0x00000000000041cc      0x2ae libopencm3/lib/libopencm3_stm32f1.a(can.o)
 .debug_abbrev  0x000000000000447a       0xb6 libopencm3/lib/libopencm3_stm32f1.a(crc_common_all.o)
 .debug_abbrev  0x0000000000004530       0x91 libopencm3/lib/libopencm3_stm32f1.a(desig_common_v1.o)
 .debug_abbrev  0x00000000000045c1      0x161 libopencm3/lib/libopencm3_stm32f1.a(dma_common_l1f013.o)
 .debug_abbrev  0x0000000000004722      0x17e libopencm3/lib/libopencm3_stm32f1.a(flash.o)
 .debug_abbrev  0x00000000000048a0       0x97 libopencm3/lib/libopencm3_stm32f1.a(flash_common_all.o)
 .debug_abbrev  0x0000000000004937       0x56 libopencm3/lib/libopencm3_stm32f1.a(flash_common_f.o)
 .debug_abbrev  0x000000000000498d       0xcb libopencm3/lib/libopencm3_stm32f1.a(flash_common_f01.o)
 .debug_abbrev  0x0000000000004a58       0xd0 libopencm3/lib/libopencm3_stm32f1.a(gpio.o)
 .debug_abbrev  0x0000000000004b28      0x116 libopencm3/lib/libopencm3_stm32f1.a(gpio_common_all.o)
 .debug_abbrev  0x0000000000004c3e      0x112 libopencm3/lib/libopencm3_stm32f1.a(iwdg_common_all.o)
 .debug_abbrev  0x0000000000004d50      0x282 libopencm3/lib/libopencm3_stm32f1.a(rcc.o)
 .debug_abbrev  0x0000000000004fd2      0x17c libopencm3/lib/libopencm3_stm32f1.a(rcc_common_all.o)
 .debug_abbrev  0x000000000000514e      0x1af libopencm3/lib/libopencm3_stm32f1.a(rtc.o)
 .debug_abbrev  0x00000000000052fd      0x1d8 libopencm3/lib/libopencm3_stm32f1.a(spi_common_all.o)
 .debug_abbrev  0x00000000000054d5       0xd2 libopencm3/lib/libopencm3_stm32f1.a(spi_common_v1.o)
 .debug_abbrev  0x00000000000055a7      0x19e libopencm3/lib/libopencm3_stm32f1.a(timer_common_all.o)
 .debug_abbrev  0x0000000000005745      0x129 libopencm3/lib/libopencm3_stm32f1.a(usart_common_all.o)
 .debug_abbrev  0x000000000000586e       0xb5 libopencm3/lib/libopencm3_stm32f1.a(usart_common_f124.o)
 .debug_abbrev  0x0000000000005923      0x145 libopencm3/lib/libopencm3_stm32f1.a(vector.o)
 .debug_abbrev  0x0000000000005a68       0x89 libopencm3/lib/libopencm3_stm32f1.a(scb.o)
 .debug_abbrev  0x0000000000005af1       0xb5 libopencm3/lib/libopencm3_stm32f1.a(nvic.o)
 .debug_abbrev  0x0000000000005ba6       0x9f libopencm3/lib/libopencm3_stm32f1.a(pwr_common_v1.o)

.debug_loc      0x0000000000000000     0x9edb
 .debug_loc     0x0000000000000000      0x203 obj/main.o
 .debug_loc     0x0000000000000203       0xa3 obj/hwinit.o
 .debug_loc     0x00000000000002a6      0x1f8 obj/stm32scheduler.o
 .debug_loc     0x000000000000049e      0x43d obj/params.o
 .debug_loc     0x00000000000008db      0x7c5 obj/terminal.o
 .debug_loc     0x00000000000010a0      0x135 obj/terminal_prj.o
 .debug_loc     0x00000000000011d5      0x23f obj/digio.o
 .debug_loc     0x0000000000001414      0x4cb obj/sine_core.o
 .debug_loc     0x00000000000018df      0x913 obj/printf.o
 .debug_loc     0x00000000000021f2      0x2e5 obj/anain.o
 .debug_loc     0x00000000000024d7      0x1a9 obj/param_save.o
 .debug_loc     0x0000000000002680       0x8f obj/errormessage.o
 .debug_loc     0x000000000000270f      0x4c6 obj/stm32_can.o
 .debug_loc     0x0000000000002bd5      0x275 obj/canhardware.o
 .debug_loc     0x0000000000002e4a     0x19bf obj/canmap.o
 .debug_loc     0x0000000000004809      0xea5 obj/terminalcommands.o
 .debug_loc     0x00000000000056ae      0x934 obj/BatMan.o
 .debug_loc     0x0000000000005fe2      0x311 obj/CAN_Common.o
 .debug_loc     0x00000000000062f3      0xc16 obj/cansdo.o
 .debug_loc     0x0000000000006f09      0x1f4 libopencm3/lib/libopencm3_stm32f1.a(adc.o)
 .debug_loc     0x00000000000070fd      0x44e libopencm3/lib/libopencm3_stm32f1.a(adc_common_v1.o)
 .debug_loc     0x000000000000754b      0xae1 libopencm3/lib/libopencm3_stm32f1.a(can.o)
 .debug_loc     0x000000000000802c       0x94 libopencm3/lib/libopencm3_stm32f1.a(crc_common_all.o)
 .debug_loc     0x00000000000080c0       0x33 libopencm3/lib/libopencm3_stm32f1.a(desig_common_v1.o)
 .debug_loc     0x00000000000080f3      0x785 libopencm3/lib/libopencm3_stm32f1.a(dma_common_l1f013.o)
 .debug_loc     0x0000000000008878       0xab libopencm3/lib/libopencm3_stm32f1.a(flash.o)
 .debug_loc     0x0000000000008923       0x15 libopencm3/lib/libopencm3_stm32f1.a(flash_common_all.o)
 .debug_loc     0x0000000000008938       0xca libopencm3/lib/libopencm3_stm32f1.a(flash_common_f01.o)
 .debug_loc     0x0000000000008a02      0x14c libopencm3/lib/libopencm3_stm32f1.a(gpio.o)
 .debug_loc     0x0000000000008b4e       0xbe libopencm3/lib/libopencm3_stm32f1.a(gpio_common_all.o)
 .debug_loc     0x0000000000008c0c       0xbf libopencm3/lib/libopencm3_stm32f1.a(iwdg_common_all.o)
 .debug_loc     0x0000000000008ccb      0x3d0 libopencm3/lib/libopencm3_stm32f1.a(rcc.o)
 .debug_loc     0x000000000000909b       0x94 libopencm3/lib/libopencm3_stm32f1.a(rcc_common_all.o)
 .debug_loc     0x000000000000912f      0x268 libopencm3/lib/libopencm3_stm32f1.a(rtc.o)
 .debug_loc     0x0000000000009397      0x1dc libopencm3/lib/libopencm3_stm32f1.a(spi_common_all.o)
 .debug_loc     0x0000000000009573       0xff libopencm3/lib/libopencm3_stm32f1.a(spi_common_v1.o)
 .debug_loc     0x0000000000009672      0x3e9 libopencm3/lib/libopencm3_stm32f1.a(timer_common_all.o)
 .debug_loc     0x0000000000009a5b      0x14d libopencm3/lib/libopencm3_stm32f1.a(usart_common_all.o)