Archive member included to satisfy reference by file (symbol)

libopencm3/lib/libopencm3_stm32f1.a(adc.o)
                              obj/anain.o (adc_power_on)
libopencm3/lib/libopencm3_stm32f1.a(adc_common_v1.o)
                              obj/anain.o (adc_power_off)
libopencm3/lib/libopencm3_stm32f1.a(can.o)
                              obj/stm32_can.o (can_reset)
libopencm3/lib/libopencm3_stm32f1.a(crc_common_all.o)
                              obj/hwinit.o (crc_reset)
libopencm3/lib/libopencm3_stm32f1.a(desig_common_v1.o)
                              obj/hwinit.o (desig_get_flash_size)
libopencm3/lib/libopencm3_stm32f1.a(dma_common_l1f013.o)
                              obj/terminal.o (dma_channel_reset)
libopencm3/lib/libopencm3_stm32f1.a(flash.o)
                              obj/hwinit.o (flash_erase_page)
libopencm3/lib/libopencm3_stm32f1.a(flash_common_all.o)
                              obj/canmap.o (flash_set_ws)
libopencm3/lib/libopencm3_stm32f1.a(flash_common_f.o)
                              obj/hwinit.o (flash_unlock)
libopencm3/lib/libopencm3_stm32f1.a(flash_common_f01.o)
                              libopencm3/lib/libopencm3_stm32f1.a(flash.o) (flash_clear_pgerr_flag)
libopencm3/lib/libopencm3_stm32f1.a(gpio.o)
                              obj/hwinit.o (gpio_set_mode)
libopencm3/lib/libopencm3_stm32f1.a(gpio_common_all.o)
                              obj/digio.o (gpio_set)
libopencm3/lib/libopencm3_stm32f1.a(iwdg_common_all.o)
                              obj/main.o (iwdg_reset)
libopencm3/lib/libopencm3_stm32f1.a(rcc.o)
                              obj/hwinit.o (rcc_clock_setup_pll)
libopencm3/lib/libopencm3_stm32f1.a(rcc_common_all.o)
                              obj/hwinit.o (rcc_periph_clock_enable)
libopencm3/lib/libopencm3_stm32f1.a(rtc.o)
                              obj/main.o (rtc_get_counter_val)
libopencm3/lib/libopencm3_stm32f1.a(spi_common_all.o)
                              obj/hwinit.o (spi_enable)
libopencm3/lib/libopencm3_stm32f1.a(spi_common_v1.o)
                              obj/hwinit.o (spi_init_master)
libopencm3/lib/libopencm3_stm32f1.a(timer_common_all.o)
                              obj/stm32scheduler.o (timer_enable_irq)
libopencm3/lib/libopencm3_stm32f1.a(usart_common_all.o)
                              obj/hwinit.o (usart_set_baudrate)
libopencm3/lib/libopencm3_stm32f1.a(usart_common_f124.o)
                              libopencm3/lib/libopencm3_stm32f1.a(usart_common_all.o) (usart_send)
libopencm3/lib/libopencm3_stm32f1.a(vector.o)
                              (reset_handler)
libopencm3/lib/libopencm3_stm32f1.a(scb.o)
                              obj/terminalcommands.o (scb_reset_system)
libopencm3/lib/libopencm3_stm32f1.a(nvic.o)
                              obj/hwinit.o (nvic_enable_irq)
libopencm3/lib/libopencm3_stm32f1.a(assert.o)
                              libopencm3/lib/libopencm3_stm32f1.a(rcc.o) (cm3_assert_failed)
libopencm3/lib/libopencm3_stm32f1.a(pwr_common_v1.o)
                              libopencm3/lib/libopencm3_stm32f1.a(rtc.o) (pwr_disable_backup_domain_write_protect)
/usr/lib/gcc/arm-none-eabi/10.2.0/thumb/v7/nofp/libgcc.a(_arm_muldf3.o)
                              obj/BatMan.o (__aeabi_dmul)
/usr/lib/gcc/arm-none-eabi/10.2.0/thumb/v7/nofp/libgcc.a(_arm_mulsf3.o)
                              obj/params.o (__aeabi_fmul)
/usr/lib/gcc/arm-none-eabi/10.2.0/thumb/v7/nofp/libgcc.a(_arm_addsubdf3.o)
                              obj/BatMan.o (__aeabi_dsub)
/usr/lib/gcc/arm-none-eabi/10.2.0/thumb/v7/nofp/libgcc.a(_arm_muldivdf3.o)
                              obj/BatMan.o (__aeabi_ddiv)
/usr/lib/gcc/arm-none-eabi/10.2.0/thumb/v7/nofp/libgcc.a(_arm_fixdfsi.o)
                              obj/BatMan.o (__aeabi_d2iz)
/usr/lib/gcc/arm-none-eabi/10.2.0/thumb/v7/nofp/libgcc.a(_arm_fixunsdfsi.o)
                              obj/BatMan.o (__aeabi_d2uiz)
/usr/lib/gcc/arm-none-eabi/10.2.0/thumb/v7/nofp/libgcc.a(_arm_truncdfsf2.o)
                              obj/BatMan.o (__aeabi_d2f)
/usr/lib/gcc/arm-none-eabi/10.2.0/thumb/v7/nofp/libgcc.a(_arm_addsubsf3.o)
                              obj/BatMan.o (__aeabi_fsub)
/usr/lib/gcc/arm-none-eabi/10.2.0/thumb/v7/nofp/libgcc.a(_arm_muldivsf3.o)
                              obj/main.o (__aeabi_fdiv)
/usr/lib/gcc/arm-none-eabi/10.2.0/thumb/v7/nofp/libgcc.a(_arm_cmpsf2.o)
                              obj/BatMan.o (__aeabi_fcmpeq)
/usr/lib/gcc/arm-none-eabi/10.2.0/thumb/v7/nofp/libgcc.a(_arm_fixsfsi.o)
                              obj/params.o (__aeabi_f2iz)
/usr/lib/gcc/arm-none-eabi/10.2.0/thumb/v7/nofp/libgcc.a(_arm_fixunssfsi.o)
                              obj/CAN_Common.o (__aeabi_f2uiz)
/usr/lib/gcc/arm-none-eabi/10.2.0/../../../../arm-none-eabi/lib/thumb/v7/nofp/libc.a(lib_a-memset.o)
                              obj/BatMan.o (memset)

Discarded input sections

 .group         0x0000000000000000        0x8 obj/main.o
[...]
Memory Configuration

Name             Origin             Length             Attributes
rom              0x0000000008001000 0x000000000001e000 xr
ram              0x0000000020000000 0x0000000000005000 xrw
*default*        0x0000000000000000 0xffffffffffffffff

Linker script and memory map

LOAD obj/main.o
LOAD obj/hwinit.o
LOAD obj/stm32scheduler.o
LOAD obj/params.o
LOAD obj/terminal.o
LOAD obj/terminal_prj.o
LOAD obj/my_string.o
LOAD obj/digio.o
LOAD obj/sine_core.o
LOAD obj/my_fp.o
LOAD obj/printf.o
LOAD obj/anain.o
LOAD obj/param_save.o
LOAD obj/errormessage.o
LOAD obj/stm32_can.o
LOAD obj/canhardware.o
LOAD obj/canmap.o
LOAD obj/picontroller.o
LOAD obj/terminalcommands.o
LOAD obj/BatMan.o
LOAD obj/ModelS.o
LOAD obj/CAN_Common.o
LOAD obj/cansdo.o
LOAD obj/BMSUtil.o
LOAD libopencm3/lib/libopencm3_stm32f1.a
START GROUP
LOAD /usr/lib/gcc/arm-none-eabi/10.2.0/thumb/v7/nofp/libgcc.a
LOAD /usr/lib/gcc/arm-none-eabi/10.2.0/../../../../arm-none-eabi/lib/thumb/v7/nofp/libc.a
END GROUP

.text           0x0000000008001000     0x8510
 *(.vectors)
 .vectors       0x0000000008001000      0x150 libopencm3/lib/libopencm3_stm32f1.a(vector.o)
                0x0000000008001000                vector_table
 *(.text*)
 .text._ZN23FunctionPointerCallback8HandleRxEmPm
                0x0000000008001150        0xe obj/main.o
                0x0000000008001150                FunctionPointerCallback::HandleRx(unsigned long, unsigned long*)
 .text._ZN23FunctionPointerCallback11HandleClearEv
                0x000000000800115e        0x8 obj/main.o
                0x000000000800115e                FunctionPointerCallback::HandleClear()
 *fill*         0x0000000008001166        0x2 
 .text._ZL9Ms100Taskv
                0x0000000008001168       0x44 obj/main.o
 .text._ZL8Ms10Taskv
                0x00000000080011ac        0xc obj/main.o
 .text._ZL11CanCallbackmPm
                0x00000000080011b8       0x16 obj/main.o
 *fill*         0x00000000080011ce        0x2 
 .text._ZL11HandleClearv
                0x00000000080011d0       0x14 obj/main.o
 .text.__cxa_pure_virtual
                0x00000000080011e4        0x2 obj/main.o
                0x00000000080011e4                __cxa_pure_virtual
 .text._ZN5Param6ChangeENS_9PARAM_NUME
                0x00000000080011e6        0x2 obj/main.o
                0x00000000080011e6                Param::Change(Param::PARAM_NUM)
 .text.tim2_isr
                0x00000000080011e8       0x10 obj/main.o
                0x00000000080011e8                tim2_isr
 .text.main     0x00000000080011f8      0x1d0 obj/main.o
                0x00000000080011f8                main
 .text.clock_setup
                0x00000000080013c8       0x84 obj/hwinit.o
                0x00000000080013c8                clock_setup
 .text.write_bootloader_pininit
                0x000000000800144c       0x90 obj/hwinit.o
                0x000000000800144c                write_bootloader_pininit
 .text.nvic_setup
                0x00000000080014dc       0x12 obj/hwinit.o
                0x00000000080014dc                nvic_setup
 .text.rtc_setup
                0x00000000080014ee       0x14 obj/hwinit.o
                0x00000000080014ee                rtc_setup
 *fill*         0x0000000008001502        0x2 
 .text.spi1_setup
                0x0000000008001504       0x5c obj/hwinit.o
                0x0000000008001504                spi1_setup
 .text.usart1_setup
                0x0000000008001560       0x58 obj/hwinit.o
                0x0000000008001560                usart1_setup
 .text._ZN14Stm32SchedulerC2Em
                0x00000000080015b8       0x44 obj/stm32scheduler.o
                0x00000000080015b8                Stm32Scheduler::Stm32Scheduler(unsigned long)
                0x00000000080015b8                Stm32Scheduler::Stm32Scheduler(unsigned long)
 .text._ZN14Stm32Scheduler7AddTaskEPFvvEt
                0x00000000080015fc       0x6c obj/stm32scheduler.o
                0x00000000080015fc                Stm32Scheduler::AddTask(void (*)(), unsigned short)
 .text._ZN14Stm32Scheduler3RunEv
                0x0000000008001668       0x70 obj/stm32scheduler.o
                0x0000000008001668                Stm32Scheduler::Run()
 .text._ZN14Stm32Scheduler10GetCpuLoadEv
                0x00000000080016d8       0x30 obj/stm32scheduler.o
                0x00000000080016d8                Stm32Scheduler::GetCpuLoad()
 .text._ZN5Param3SetENS_9PARAM_NUMEl
                0x0000000008001708       0x40 obj/params.o
                0x0000000008001708                Param::Set(Param::PARAM_NUM, long)
 .text._ZN5Param3GetENS_9PARAM_NUME
                0x0000000008001748        0xc obj/params.o
                0x0000000008001748                Param::Get(Param::PARAM_NUM)
 .text._ZN5Param6GetIntENS_9PARAM_NUME
                0x0000000008001754       0x10 obj/params.o
                0x0000000008001754                Param::GetInt(Param::PARAM_NUM)
 .text._ZN5Param8GetFloatENS_9PARAM_NUME
                0x0000000008001764       0x1c obj/params.o
                0x0000000008001764                Param::GetFloat(Param::PARAM_NUM)
 .text._ZN5Param6SetIntENS_9PARAM_NUMEi
                0x0000000008001780       0x10 obj/params.o
                0x0000000008001780                Param::SetInt(Param::PARAM_NUM, int)
 .text._ZN5Param8SetFixedENS_9PARAM_NUMEl
                0x0000000008001790        0xc obj/params.o
                0x0000000008001790                Param::SetFixed(Param::PARAM_NUM, long)
 .text._ZN5Param8SetFloatENS_9PARAM_NUMEf
                0x000000000800179c       0x20 obj/params.o
                0x000000000800179c                Param::SetFloat(Param::PARAM_NUM, float)
 .text._ZN5Param13NumFromStringEPKc
                0x00000000080017bc       0x28 obj/params.o
                0x00000000080017bc                Param::NumFromString(char const*)
 .text._ZN5Param9NumFromIdEm
                0x00000000080017e4       0x20 obj/params.o
                0x00000000080017e4                Param::NumFromId(unsigned long)
 .text._ZN5Param9GetAttribENS_9PARAM_NUME
                0x0000000008001804       0x10 obj/params.o
                0x0000000008001804                Param::GetAttrib(Param::PARAM_NUM)
 .text._ZN5Param12LoadDefaultsEv
                0x0000000008001814       0x28 obj/params.o
                0x0000000008001814                Param::LoadDefaults()
 .text._ZN5Param11SetFlagsRawENS_9PARAM_NUMEh
                0x000000000800183c        0xc obj/params.o
                0x000000000800183c                Param::SetFlagsRaw(Param::PARAM_NUM, unsigned char)
 .text._ZN5Param7SetFlagENS_9PARAM_NUMENS_10PARAM_FLAGE
                0x0000000008001848       0x10 obj/params.o
                0x0000000008001848                Param::SetFlag(Param::PARAM_NUM, Param::PARAM_FLAG)
 .text._ZN5Param9ClearFlagENS_9PARAM_NUMENS_10PARAM_FLAGE
                0x0000000008001858       0x10 obj/params.o
                0x0000000008001858                Param::ClearFlag(Param::PARAM_NUM, Param::PARAM_FLAG)
 .text._ZN5Param7GetFlagENS_9PARAM_NUME
                0x0000000008001868        0xc obj/params.o
                0x0000000008001868                Param::GetFlag(Param::PARAM_NUM)
 .text._ZN5Param7GetTypeENS_9PARAM_NUME
                0x0000000008001874       0x14 obj/params.o
                0x0000000008001874                Param::GetType(Param::PARAM_NUM)
 .text._ZN5Param8GetIdSumEv
                0x0000000008001888        0x8 obj/params.o
                0x0000000008001888                Param::GetIdSum()
 .text._ZN8Terminal10KeyPressedEv
                0x0000000008001890        0xc obj/terminal.o
                0x0000000008001890                Terminal::KeyPressed()
 .text._ZN8Terminal10FlushInputEv
                0x000000000800189c        0xa obj/terminal.o
                0x000000000800189c                Terminal::FlushInput()
 *fill*         0x00000000080018a6        0x2 
 .text._ZN8Terminal8ResetDMAEv
                0x00000000080018a8       0x3c obj/terminal.o
                0x00000000080018a8                Terminal::ResetDMA()
 .text._ZN8TerminalC2EmPK8TERM_CMDb
                0x00000000080018e4      0x158 obj/terminal.o
                0x00000000080018e4                Terminal::Terminal(unsigned long, TERM_CMD const*, bool)
                0x00000000080018e4                Terminal::Terminal(unsigned long, TERM_CMD const*, bool)
 .text._ZN8Terminal9CmdLookupEPc
                0x0000000008001a3c       0x2a obj/terminal.o
                0x0000000008001a3c                Terminal::CmdLookup(char*)
 .text._ZN8Terminal4SendEPKc
                0x0000000008001a66       0x18 obj/terminal.o
                0x0000000008001a66                Terminal::Send(char const*)
 *fill*         0x0000000008001a7e        0x2 
 .text._ZN8Terminal10EnableUartEPc
                0x0000000008001a80       0x70 obj/terminal.o
                0x0000000008001a80                Terminal::EnableUart(char*)
 .text._ZN8Terminal8FastUartEPc
                0x0000000008001af0       0x78 obj/terminal.o
                0x0000000008001af0                Terminal::FastUart(char*)
 .text._ZN8Terminal3RunEv
                0x0000000008001b68      0x140 obj/terminal.o
                0x0000000008001b68                Terminal::Run()
 .text._ZN8Terminal17SendCurrentBufferEm
                0x0000000008001ca8       0x7c obj/terminal.o
                0x0000000008001ca8                Terminal::SendCurrentBuffer(unsigned long)
 .text._ZN8Terminal7PutCharEc
                0x0000000008001d24       0x4c obj/terminal.o
                0x0000000008001d24                Terminal::PutChar(char)
 .text.putchar  0x0000000008001d70       0x18 obj/terminal.o
                0x0000000008001d70                putchar
 .text._ZL4HelpP8TerminalPc
                0x0000000008001d88        0x2 obj/terminal_prj.o
 .text._ZL11PrintErrorsP8TerminalPc
                0x0000000008001d8a        0x8 obj/terminal_prj.o
 *fill*         0x0000000008001d92        0x2 
 .text._ZL11PrintSerialP8TerminalPc
                0x0000000008001d94       0x28 obj/terminal_prj.o
 .text._ZL12LoadDefaultsP8TerminalPc
                0x0000000008001dbc       0x18 obj/terminal_prj.o
 .text._ZN16TerminalCommands15PrintParamsJsonEP8TerminalPc
                0x0000000008001dd4        0x8 obj/terminal_prj.o
                0x0000000008001dd4                TerminalCommands::PrintParamsJson(Terminal*, char*)
 .text.my_strcmp
                0x0000000008001ddc       0x1c obj/my_string.o
                0x0000000008001ddc                my_strcmp
 .text.my_strcpy
                0x0000000008001df8       0x12 obj/my_string.o
                0x0000000008001df8                my_strcpy
 .text.my_strlen
                0x0000000008001e0a        0xe obj/my_string.o
                0x0000000008001e0a                my_strlen
 .text.my_strchr
                0x0000000008001e18       0x10 obj/my_string.o
                0x0000000008001e18                my_strchr
 .text.my_ltoa  0x0000000008001e28       0x5a obj/my_string.o
                0x0000000008001e28                my_ltoa
 .text.my_atoi  0x0000000008001e82       0x30 obj/my_string.o
                0x0000000008001e82                my_atoi
 *fill*         0x0000000008001eb2        0x2 
 .text.my_trim  0x0000000008001eb4       0x54 obj/my_string.o
                0x0000000008001eb4                my_trim
 .text.memcpy32
                0x0000000008001f08       0x16 obj/my_string.o
                0x0000000008001f08                memcpy32
 .text.memset32
                0x0000000008001f1e        0xc obj/my_string.o
                0x0000000008001f1e                memset32
 .text._ZN5DigIo9ConfigureEmtN7PinMode7PinModeE
                0x0000000008001f2a       0x62 obj/digio.o
                0x0000000008001f2a                DigIo::Configure(unsigned long, unsigned short, PinMode::PinMode)
 .text._Z41__static_initialization_and_destruction_0ii
                0x0000000008001f8c       0x1c obj/sine_core.o
 .text._GLOBAL__sub_I__ZN8SineCore8minPulseE
                0x0000000008001fa8        0xe obj/sine_core.o
 .text.fp_itoa  0x0000000008001fb6       0x5a obj/my_fp.o
                0x0000000008001fb6                fp_itoa
 .text.fp_atoi  0x0000000008002010       0x62 obj/my_fp.o
                0x0000000008002010                fp_atoi
 .text._ZL6printsP8IPutCharPKcii
                0x0000000008002072       0x86 obj/printf.o
 .text._ZL6printiP8IPutChariiiiii
                0x00000000080020f8       0xae obj/printf.o
 .text._ZN13ExternPutChar7PutCharEc
                0x00000000080021a6        0xa obj/printf.o
                0x00000000080021a6                ExternPutChar::PutChar(char)
 .text._ZL7printfpP8IPutChariii
                0x00000000080021b0       0x20 obj/printf.o
 .text._ZL5printP8IPutCharPKcSt9__va_list
                0x00000000080021d0      0x154 obj/printf.o
 .text._Z6printfPKcz
                0x0000000008002324       0x28 obj/printf.o
                0x0000000008002324                printf(char const*, ...)
 .text._Z7fprintfP8IPutCharPKcz
                0x000000000800234c       0x1c obj/printf.o
                0x000000000800234c                fprintf(IPutChar*, char const*, ...)
 .text._Z41__static_initialization_and_destruction_0ii
                0x0000000008002368       0x28 obj/anain.o
 .text._ZN5AnaIn5StartEv
                0x0000000008002390       0xc4 obj/anain.o
                0x0000000008002390                AnaIn::Start()
 .text._ZN5AnaIn13AdcChFromPortEmi
                0x0000000008002454       0x44 obj/anain.o
                0x0000000008002454                AnaIn::AdcChFromPort(unsigned long, int)
 .text._ZN5AnaIn9ConfigureEmh
                0x0000000008002498       0x38 obj/anain.o
                0x0000000008002498                AnaIn::Configure(unsigned long, unsigned char)
 .text._GLOBAL__sub_I__ZN5AnaIn13channel_arrayE
                0x00000000080024d0        0xe obj/anain.o
 *fill*         0x00000000080024de        0x2 
 .text._ZL15GetFlashAddressv
                0x00000000080024e0       0x14 obj/param_save.o
 .text.parm_save
                0x00000000080024f4       0xb6 obj/param_save.o
                0x00000000080024f4                parm_save
 .text.parm_load
                0x00000000080025aa       0x5c obj/param_save.o
                0x00000000080025aa                parm_load
 *fill*         0x0000000008002606        0x2 
 .text._ZN12ErrorMessage7SetTimeEm
                0x0000000008002608        0xc obj/errormessage.o
                0x0000000008002608                ErrorMessage::SetTime(unsigned long)
 .text._ZN12ErrorMessage10PrintErrorEm17ERROR_MESSAGE_NUM
                0x0000000008002614       0x2c obj/errormessage.o
                0x0000000008002614                ErrorMessage::PrintError(unsigned long, ERROR_MESSAGE_NUM)
 .text._ZN12ErrorMessage14PrintAllErrorsEv
                0x0000000008002640       0x38 obj/errormessage.o
                0x0000000008002640                ErrorMessage::PrintAllErrors()
 .text._ZN8Stm32Can11SetBaudrateEN11CanHardware9baudratesE
                0x0000000008002678       0x48 obj/stm32_can.o
                0x0000000008002678                Stm32Can::SetBaudrate(CanHardware::baudrates)
 .text._ZN8Stm32Can4SendEmPmh
                0x00000000080026c0       0x74 obj/stm32_can.o
                0x00000000080026c0                Stm32Can::Send(unsigned long, unsigned long*, unsigned char)
 .text._ZN8Stm32Can12GetInterfaceEi
                0x0000000008002734       0x14 obj/stm32_can.o
                0x0000000008002734                Stm32Can::GetInterface(int)
 .text._ZN8Stm32Can13HandleMessageEi
                0x0000000008002748       0x4e obj/stm32_can.o
                0x0000000008002748                Stm32Can::HandleMessage(int)
 .text._ZN8Stm32Can8HandleTxEv
                0x0000000008002796       0x64 obj/stm32_can.o
                0x0000000008002796                Stm32Can::HandleTx()
 .text._ZN8Stm32Can13SetFilterBankERiS0_Pt
                0x00000000080027fa       0x56 obj/stm32_can.o
                0x00000000080027fa                Stm32Can::SetFilterBank(int&, int&, unsigned short*)
 .text._ZN8Stm32Can15SetFilterBank29ERiS0_Pm
                0x0000000008002850       0x38 obj/stm32_can.o
                0x0000000008002850                Stm32Can::SetFilterBank29(int&, int&, unsigned long*)
 .text._ZN8Stm32Can16ConfigureFiltersEv
                0x0000000008002888       0xc8 obj/stm32_can.o
                0x0000000008002888                Stm32Can::ConfigureFilters()
 .text._ZN8Stm32CanC2EmN11CanHardware9baudratesEb
                0x0000000008002950      0x170 obj/stm32_can.o
                0x0000000008002950                Stm32Can::Stm32Can(unsigned long, CanHardware::baudrates, bool)
                0x0000000008002950                Stm32Can::Stm32Can(unsigned long, CanHardware::baudrates, bool)
 .text.usb_lp_can_rx0_isr
                0x0000000008002ac0       0x10 obj/stm32_can.o
                0x0000000008002ac0                usb_lp_can_rx0_isr
 .text.can_rx1_isr
                0x0000000008002ad0       0x10 obj/stm32_can.o
                0x0000000008002ad0                can_rx1_isr
 .text.usb_hp_can_tx_isr
                0x0000000008002ae0        0xe obj/stm32_can.o
                0x0000000008002ae0                usb_hp_can_tx_isr
 .text.can2_rx0_isr
                0x0000000008002aee       0x10 obj/stm32_can.o
                0x0000000008002aee                can2_rx0_isr
 .text.can2_rx1_isr
                0x0000000008002afe       0x10 obj/stm32_can.o
                0x0000000008002afe                can2_rx1_isr
 .text.can2_tx_isr
                0x0000000008002b0e        0xe obj/stm32_can.o
                0x0000000008002b0e                can2_tx_isr
 .text._ZN12NullCallback8HandleRxEmPm
                0x0000000008002b1c        0x4 obj/canhardware.o
                0x0000000008002b1c                NullCallback::HandleRx(unsigned long, unsigned long*)
 .text._ZN12NullCallback11HandleClearEv
                0x0000000008002b20        0x2 obj/canhardware.o
                0x0000000008002b20                NullCallback::HandleClear()
 *fill*         0x0000000008002b22        0x2 
 .text._ZN11CanHardwareC2Ev
                0x0000000008002b24       0x28 obj/canhardware.o
                0x0000000008002b24                CanHardware::CanHardware()
                0x0000000008002b24                CanHardware::CanHardware()
 .text._ZN11CanHardware11AddCallbackEP11CanCallback
                0x0000000008002b4c       0x1c obj/canhardware.o
                0x0000000008002b4c                CanHardware::AddCallback(CanCallback*)
 .text._ZN11CanHardware19RegisterUserMessageEm
                0x0000000008002b68       0x38 obj/canhardware.o
                0x0000000008002b68                CanHardware::RegisterUserMessage(unsigned long)
 .text._ZN11CanHardware17ClearUserMessagesEv
                0x0000000008002ba0       0x2a obj/canhardware.o
                0x0000000008002ba0                CanHardware::ClearUserMessages()
 .text._ZN11CanHardware8HandleRxEmPm
                0x0000000008002bca       0x2e obj/canhardware.o
                0x0000000008002bca                CanHardware::HandleRx(unsigned long, unsigned long*)
 .text._ZN6CanMap11HandleClearEv
                0x0000000008002bf8       0x24 obj/canmap.o
                0x0000000008002bf8                CanMap::HandleClear()
 .text._ZN6CanMap6RemoveEbhh
                0x0000000008002c1c       0x64 obj/canmap.o
                0x0000000008002c1c                CanMap::Remove(bool, unsigned char, unsigned char)
 .text._ZN6CanMap7FindMapEN5Param9PARAM_NUMERmRhS3_RfRaRb
                0x0000000008002c80       0x9a obj/canmap.o
                0x0000000008002c80                CanMap::FindMap(Param::PARAM_NUM, unsigned long&, unsigned char&, unsigned char&, float&, signed char&, bool&)
 .text._ZN6CanMap6GetMapEbhhRm
                0x0000000008002d1a       0x58 obj/canmap.o
                0x0000000008002d1a                CanMap::GetMap(bool, unsigned char, unsigned char, unsigned long&)
 .text._ZN6CanMap13IterateCanMapEPFvN5Param9PARAM_NUMEmhhfabE
                0x0000000008002d72       0x6c obj/canmap.o
                0x0000000008002d72                CanMap::IterateCanMap(void (*)(Param::PARAM_NUM, unsigned long, unsigned char, unsigned char, float, signed char, bool))
 .text._ZN6CanMap8ClearMapEPNS_8CANIDMAPE
                0x0000000008002dde       0x30 obj/canmap.o
                0x0000000008002dde                CanMap::ClearMap(CanMap::CANIDMAP*)
 .text._ZN6CanMap5ClearEv
                0x0000000008002e0e       0x1e obj/canmap.o
                0x0000000008002e0e                CanMap::Clear()
 .text._ZN6CanMap13RemoveFromMapEPNS_8CANIDMAPEN5Param9PARAM_NUME
                0x0000000008002e2c       0x5c obj/canmap.o
                0x0000000008002e2c                CanMap::RemoveFromMap(CanMap::CANIDMAP*, Param::PARAM_NUM)
 .text._ZN6CanMap6RemoveEN5Param9PARAM_NUME
                0x0000000008002e88       0x22 obj/canmap.o
                0x0000000008002e88                CanMap::Remove(Param::PARAM_NUM)
 .text._ZN6CanMap11SaveToFlashEmPmi
                0x0000000008002eaa       0x30 obj/canmap.o
                0x0000000008002eaa                CanMap::SaveToFlash(unsigned long, unsigned long*, int)
 .text._ZN6CanMap8FindByIdEPNS_8CANIDMAPEm
                0x0000000008002eda       0x22 obj/canmap.o
                0x0000000008002eda                CanMap::FindById(CanMap::CANIDMAP*, unsigned long)
 .text._ZN6CanMap8HandleRxEmPm
                0x0000000008002efc       0xd8 obj/canmap.o
                0x0000000008002efc                CanMap::HandleRx(unsigned long, unsigned long*)
 .text._ZN6CanMap3AddEPNS_8CANIDMAPEN5Param9PARAM_NUMEmhhfa
                0x0000000008002fd4       0xf6 obj/canmap.o
                0x0000000008002fd4                CanMap::Add(CanMap::CANIDMAP*, Param::PARAM_NUM, unsigned long, unsigned char, unsigned char, float, signed char)
 .text._ZN6CanMap7AddSendEN5Param9PARAM_NUMEmhhfa
                0x00000000080030ca       0x26 obj/canmap.o
                0x00000000080030ca                CanMap::AddSend(Param::PARAM_NUM, unsigned long, unsigned char, unsigned char, float, signed char)
 .text._ZN6CanMap7AddRecvEN5Param9PARAM_NUMEmhhfa
                0x00000000080030f0       0x36 obj/canmap.o
                0x00000000080030f0                CanMap::AddRecv(Param::PARAM_NUM, unsigned long, unsigned char, unsigned char, float, signed char)
 *fill*         0x0000000008003126        0x2 
 .text._ZN6CanMap15GetFlashAddressEv
                0x0000000008003128       0x14 obj/canmap.o
                0x0000000008003128                CanMap::GetFlashAddress()
 .text._ZN6CanMap19LegacyLoadFromFlashEv
                0x000000000800313c      0x126 obj/canmap.o
                0x000000000800313c                CanMap::LegacyLoadFromFlash()
 .text._ZN6CanMap21ReplaceParamEnumByUidEPNS_8CANIDMAPE
                0x0000000008003262       0x42 obj/canmap.o
                0x0000000008003262                CanMap::ReplaceParamEnumByUid(CanMap::CANIDMAP*)
 .text._ZN6CanMap21ReplaceParamUidByEnumEPNS_8CANIDMAPE
                0x00000000080032a4       0x40 obj/canmap.o
                0x00000000080032a4                CanMap::ReplaceParamUidByEnum(CanMap::CANIDMAP*)
 .text._ZN6CanMap4SaveEv
                0x00000000080032e4       0xbc obj/canmap.o
                0x00000000080032e4                CanMap::Save()
 .text._ZN6CanMap13LoadFromFlashEv
                0x00000000080033a0       0x66 obj/canmap.o
                0x00000000080033a0                CanMap::LoadFromFlash()
 *fill*         0x0000000008003406        0x2 
 .text._ZN6CanMapC2EP11CanHardware
                0x0000000008003408       0x44 obj/canmap.o
                0x0000000008003408                CanMap::CanMap(CanHardware*)
                0x0000000008003408                CanMap::CanMap(CanHardware*)
 .text._ZN16TerminalCommands11PrintCanMapEN5Param9PARAM_NUMEmhhfab
                0x000000000800344c       0x80 obj/terminalcommands.o
                0x000000000800344c                TerminalCommands::PrintCanMap(Param::PARAM_NUM, unsigned long, unsigned char, unsigned char, float, signed char, bool)
 .text._ZN16TerminalCommands8ParamSetEP8TerminalPc
                0x00000000080034cc       0x70 obj/terminalcommands.o
                0x00000000080034cc                TerminalCommands::ParamSet(Terminal*, char*)
 .text._ZN16TerminalCommands8ParamGetEP8TerminalPc
                0x000000000800353c       0x58 obj/terminalcommands.o
                0x000000000800353c                TerminalCommands::ParamGet(Terminal*, char*)
 .text._ZN16TerminalCommands9ParamFlagEP8TerminalPc
                0x0000000008003594       0xa4 obj/terminalcommands.o
                0x0000000008003594                TerminalCommands::ParamFlag(Terminal*, char*)
 .text._ZN16TerminalCommands15PrintParamsJsonEP8IPutCharPc
                0x0000000008003638      0x158 obj/terminalcommands.o
                0x0000000008003638                TerminalCommands::PrintParamsJson(IPutChar*, char*)
 .text._ZN16TerminalCommands6MapCanEP8TerminalPc
                0x0000000008003790      0x21c obj/terminalcommands.o
                0x0000000008003790                TerminalCommands::MapCan(Terminal*, char*)
 .text._ZN16TerminalCommands14SaveParametersEP8TerminalPc
                0x00000000080039ac       0x4c obj/terminalcommands.o
                0x00000000080039ac                TerminalCommands::SaveParameters(Terminal*, char*)
 .text._ZN16TerminalCommands14LoadParametersEP8TerminalPc
                0x00000000080039f8       0x30 obj/terminalcommands.o
                0x00000000080039f8                TerminalCommands::LoadParameters(Terminal*, char*)
 .text._ZN16TerminalCommands5ResetEP8TerminalPc
                0x0000000008003a28        0x6 obj/terminalcommands.o
                0x0000000008003a28                TerminalCommands::Reset(Terminal*, char*)
 .text._ZN16TerminalCommands19ParamNamesToIndexesEPcPN5Param9PARAM_NUMEm
                0x0000000008003a2e       0x48 obj/terminalcommands.o
                0x0000000008003a2e                TerminalCommands::ParamNamesToIndexes(char*, Param::PARAM_NUM*, unsigned long)
 *fill*         0x0000000008003a76        0x2 
 .text._ZN16TerminalCommands11ParamStreamEP8TerminalPc
                0x0000000008003a78       0xac obj/terminalcommands.o
                0x0000000008003a78                TerminalCommands::ParamStream(Terminal*, char*)
 .text._ZN6BATMan8BatStartEv
                0x0000000008003b24       0x14 obj/BatMan.o
                0x0000000008003b24                BATMan::BatStart()
 .text._ZN6BATMan11GetTempDataEv
                0x0000000008003b38       0xc8 obj/BatMan.o
                0x0000000008003b38                BATMan::GetTempData()
 .text._ZN6BATMan6WakeUPEv
                0x0000000008003c00       0x58 obj/BatMan.o
                0x0000000008003c00                BATMan::WakeUP()
 .text._ZN6BATMan17Generic_Send_OnceEPth
                0x0000000008003c58       0x40 obj/BatMan.o
                0x0000000008003c58                BATMan::Generic_Send_Once(unsigned short*, unsigned char)
 .text._ZN6BATMan8IdleWakeEv
                0x0000000008003c98       0x28 obj/BatMan.o
                0x0000000008003c98                BATMan::IdleWake()
 .text._ZN6BATMan15upDateCellVoltsEv
                0x0000000008003cc0      0x1b4 obj/BatMan.o
                0x0000000008003cc0                BATMan::upDateCellVolts()
 *fill*         0x0000000008003e74        0x4 
 .text._ZN6BATMan14upDateAuxVoltsEv
                0x0000000008003e78      0x2c8 obj/BatMan.o
                0x0000000008003e78                BATMan::upDateAuxVolts()
 .text._ZN6BATMan11upDateTempsEv
                0x0000000008004140      0x1c8 obj/BatMan.o
                0x0000000008004140                BATMan::upDateTemps()
 .text._ZN6BATMan7calcCRCEPhh
                0x0000000008004308       0x2c obj/BatMan.o
                0x0000000008004308                BATMan::calcCRC(unsigned char*, unsigned char)
 .text._ZN6BATMan7GetDataEh
                0x0000000008004334      0x3b4 obj/BatMan.o
                0x0000000008004334                BATMan::GetData(unsigned char)
 .text._ZN6BATMan11crc14_bytesEhPhPt
                0x00000000080046e8       0x40 obj/BatMan.o
                0x00000000080046e8                BATMan::crc14_bytes(unsigned char, unsigned char*, unsigned short*)
 .text._ZN6BATMan10crc14_bitsEhhPt
                0x0000000008004728       0x40 obj/BatMan.o
                0x0000000008004728                BATMan::crc14_bits(unsigned char, unsigned char, unsigned short*)
 .text._ZN6BATMan8WriteCfgEv
                0x0000000008004768      0x130 obj/BatMan.o
                0x0000000008004768                BATMan::WriteCfg()
 .text._ZN6BATMan12StateMachineEv
                0x0000000008004898      0x270 obj/BatMan.o
                0x0000000008004898                BATMan::StateMachine()
 .text._ZN6BATMan4loopEv
                0x0000000008004b08        0x8 obj/BatMan.o
                0x0000000008004b08                BATMan::loop()
 .text._ZN10CAN_Common6SetCanEP11CanHardware
                0x0000000008004b10        0xc obj/CAN_Common.o
                0x0000000008004b10                CAN_Common::SetCan(CanHardware*)
 *fill*         0x0000000008004b1c        0x4 
 .text._ZN10CAN_Common17StandardCanFramesEv
                0x0000000008004b20      0x244 obj/CAN_Common.o
                0x0000000008004b20                CAN_Common::StandardCanFrames()
 .text._ZN10CAN_Common9Task100MsEv
                0x0000000008004d64       0x24 obj/CAN_Common.o
                0x0000000008004d64                CAN_Common::Task100Ms()
 .text._ZN10CAN_Common9HandleCanEPm
                0x0000000008004d88        0x2 obj/CAN_Common.o
                0x0000000008004d88                CAN_Common::HandleCan(unsigned long*)
 .text._ZN6CanSdo7PutCharEc
                0x0000000008004d8a       0x1e obj/cansdo.o
                0x0000000008004d8a                CanSdo::PutChar(char)
 .text._ZThn4_N6CanSdo7PutCharEc
                0x0000000008004da8        0x8 obj/cansdo.o
                0x0000000008004da8                non-virtual thunk to CanSdo::PutChar(char)
 .text._ZN6CanSdo11HandleClearEv
                0x0000000008004db0       0x24 obj/cansdo.o
                0x0000000008004db0                CanSdo::HandleClear()
 .text._ZN6CanSdoC2EP11CanHardwareP6CanMap
                0x0000000008004dd4       0x4c obj/cansdo.o
                0x0000000008004dd4                CanSdo::CanSdo(CanHardware*, CanMap*)
                0x0000000008004dd4                CanSdo::CanSdo(CanHardware*, CanMap*)
 .text._ZN6CanSdo9SetNodeIdEh
                0x0000000008004e20        0xc obj/cansdo.o
                0x0000000008004e20                CanSdo::SetNodeId(unsigned char)
 .text._ZN6CanSdo24ProcessSpecialSDOObjectsEPNS_7CAN_SDOE
                0x0000000008004e2c      0x124 obj/cansdo.o
                0x0000000008004e2c                CanSdo::ProcessSpecialSDOObjects(CanSdo::CAN_SDO*)
 .text._ZN6CanSdo18ReadOrDeleteCanMapEPNS_7CAN_SDOE
                0x0000000008004f50       0xdc obj/cansdo.o
                0x0000000008004f50                CanSdo::ReadOrDeleteCanMap(CanSdo::CAN_SDO*)
 .text._ZN6CanSdo9AddCanMapEPNS_7CAN_SDOEb
                0x000000000800502c       0xec obj/cansdo.o
                0x000000000800502c                CanSdo::AddCanMap(CanSdo::CAN_SDO*, bool)
 .text._ZN6CanSdo10ProcessSDOEPm
                0x0000000008005118      0x130 obj/cansdo.o
                0x0000000008005118                CanSdo::ProcessSDO(unsigned long*)
 .text._ZN6CanSdo8HandleRxEmPm
                0x0000000008005248       0x38 obj/cansdo.o
                0x0000000008005248                CanSdo::HandleRx(unsigned long, unsigned long*)
 .text._ZN7BMSUtil22EstimateSocFromVoltageEv
                0x0000000008005280       0x80 obj/BMSUtil.o
                0x0000000008005280                BMSUtil::EstimateSocFromVoltage()
 .text._ZN7BMSUtil9UpdateSOCEv
                0x0000000008005300       0xc0 obj/BMSUtil.o
                0x0000000008005300                BMSUtil::UpdateSOC()
 .text.adc_power_on
                0x00000000080053c0       0x10 libopencm3/lib/libopencm3_stm32f1.a(adc.o)
                0x00000000080053c0                adc_power_on
 .text.adc_start_conversion_direct
                0x00000000080053d0       0x10 libopencm3/lib/libopencm3_stm32f1.a(adc.o)
                0x00000000080053d0                adc_start_conversion_direct
 .text.adc_enable_temperature_sensor
                0x00000000080053e0       0x14 libopencm3/lib/libopencm3_stm32f1.a(adc.o)
                0x00000000080053e0                adc_enable_temperature_sensor
 .text.adc_reset_calibration
                0x00000000080053f4       0x14 libopencm3/lib/libopencm3_stm32f1.a(adc.o)
                0x00000000080053f4                adc_reset_calibration
 .text.adc_calibrate_async
                0x0000000008005408        0xa libopencm3/lib/libopencm3_stm32f1.a(adc.o)
                0x0000000008005408                adc_calibrate_async
 .text.adc_is_calibrating
                0x0000000008005412        0x8 libopencm3/lib/libopencm3_stm32f1.a(adc.o)
                0x0000000008005412                adc_is_calibrating
 .text.adc_calibrate
                0x000000000800541a       0x14 libopencm3/lib/libopencm3_stm32f1.a(adc.o)
                0x000000000800541a                adc_calibrate
 .text.adc_set_sample_time_on_all_channels
                0x000000000800542e       0x2a libopencm3/lib/libopencm3_stm32f1.a(adc.o)
                0x000000000800542e                adc_set_sample_time_on_all_channels
 .text.adc_power_off
                0x0000000008005458        0xa libopencm3/lib/libopencm3_stm32f1.a(adc_common_v1.o)
                0x0000000008005458                adc_power_off
 .text.adc_enable_scan_mode
                0x0000000008005462        0xa libopencm3/lib/libopencm3_stm32f1.a(adc_common_v1.o)
                0x0000000008005462                adc_enable_scan_mode
 .text.adc_set_right_aligned
                0x000000000800546c        0xa libopencm3/lib/libopencm3_stm32f1.a(adc_common_v1.o)
                0x000000000800546c                adc_set_right_aligned
 .text.adc_set_continuous_conversion_mode
                0x0000000008005476        0xa libopencm3/lib/libopencm3_stm32f1.a(adc_common_v1.o)
                0x0000000008005476                adc_set_continuous_conversion_mode
 .text.adc_set_regular_sequence
                0x0000000008005480       0x5e libopencm3/lib/libopencm3_stm32f1.a(adc_common_v1.o)
                0x0000000008005480                adc_set_regular_sequence
 .text.adc_enable_dma
                0x00000000080054de        0xa libopencm3/lib/libopencm3_stm32f1.a(adc_common_v1.o)
                0x00000000080054de                adc_enable_dma
 .text.can_reset
                0x00000000080054e8       0x18 libopencm3/lib/libopencm3_stm32f1.a(can.o)
                0x00000000080054e8                can_reset
 .text.can_init
                0x0000000008005500      0x12a libopencm3/lib/libopencm3_stm32f1.a(can.o)
                0x0000000008005500                can_init
 *fill*         0x000000000800562a        0x2 
 .text.can_filter_init
                0x000000000800562c       0x9c libopencm3/lib/libopencm3_stm32f1.a(can.o)
                0x000000000800562c                can_filter_init
 .text.can_filter_id_list_16bit_init
                0x00000000080056c8       0x20 libopencm3/lib/libopencm3_stm32f1.a(can.o)
                0x00000000080056c8                can_filter_id_list_16bit_init
 .text.can_filter_id_list_32bit_init
                0x00000000080056e8       0x1a libopencm3/lib/libopencm3_stm32f1.a(can.o)
                0x00000000080056e8                can_filter_id_list_32bit_init
 .text.can_enable_irq
                0x0000000008005702        0x8 libopencm3/lib/libopencm3_stm32f1.a(can.o)
                0x0000000008005702                can_enable_irq
 .text.can_disable_irq
                0x000000000800570a        0xa libopencm3/lib/libopencm3_stm32f1.a(can.o)
                0x000000000800570a                can_disable_irq
 .text.can_transmit
                0x0000000008005714       0xca libopencm3/lib/libopencm3_stm32f1.a(can.o)
                0x0000000008005714                can_transmit
 .text.can_fifo_release
                0x00000000080057de       0x16 libopencm3/lib/libopencm3_stm32f1.a(can.o)
                0x00000000080057de                can_fifo_release
 .text.can_fifo_pending
                0x00000000080057f4        0xe libopencm3/lib/libopencm3_stm32f1.a(can.o)
                0x00000000080057f4                can_fifo_pending
 .text.can_receive
                0x0000000008005802       0xae libopencm3/lib/libopencm3_stm32f1.a(can.o)
                0x0000000008005802                can_receive
 .text.crc_reset
                0x00000000080058b0       0x10 libopencm3/lib/libopencm3_stm32f1.a(crc_common_all.o)
                0x00000000080058b0                crc_reset
 .text.crc_calculate
                0x00000000080058c0        0xc libopencm3/lib/libopencm3_stm32f1.a(crc_common_all.o)
                0x00000000080058c0                crc_calculate
 .text.crc_calculate_block
                0x00000000080058cc       0x1c libopencm3/lib/libopencm3_stm32f1.a(crc_common_all.o)
                0x00000000080058cc                crc_calculate_block
 .text.desig_get_flash_size
                0x00000000080058e8        0xc libopencm3/lib/libopencm3_stm32f1.a(desig_common_v1.o)
                0x00000000080058e8                desig_get_flash_size
 .text.dma_channel_reset
                0x00000000080058f4       0x22 libopencm3/lib/libopencm3_stm32f1.a(dma_common_l1f013.o)
                0x00000000080058f4                dma_channel_reset
 .text.dma_clear_interrupt_flags
                0x0000000008005916        0xc libopencm3/lib/libopencm3_stm32f1.a(dma_common_l1f013.o)
                0x0000000008005916                dma_clear_interrupt_flags
 .text.dma_get_interrupt_flag
                0x0000000008005922       0x14 libopencm3/lib/libopencm3_stm32f1.a(dma_common_l1f013.o)
                0x0000000008005922                dma_get_interrupt_flag
 .text.dma_set_memory_size
                0x0000000008005936       0x1a libopencm3/lib/libopencm3_stm32f1.a(dma_common_l1f013.o)
                0x0000000008005936                dma_set_memory_size
 .text.dma_set_peripheral_size
                0x0000000008005950       0x1a libopencm3/lib/libopencm3_stm32f1.a(dma_common_l1f013.o)
                0x0000000008005950                dma_set_peripheral_size
 .text.dma_enable_memory_increment_mode
                0x000000000800596a       0x12 libopencm3/lib/libopencm3_stm32f1.a(dma_common_l1f013.o)
                0x000000000800596a                dma_enable_memory_increment_mode
 .text.dma_enable_circular_mode
                0x000000000800597c       0x1a libopencm3/lib/libopencm3_stm32f1.a(dma_common_l1f013.o)
                0x000000000800597c                dma_enable_circular_mode
 .text.dma_set_read_from_memory
                0x0000000008005996       0x12 libopencm3/lib/libopencm3_stm32f1.a(dma_common_l1f013.o)
                0x0000000008005996                dma_set_read_from_memory
 .text.dma_enable_channel
                0x00000000080059a8       0x12 libopencm3/lib/libopencm3_stm32f1.a(dma_common_l1f013.o)
                0x00000000080059a8                dma_enable_channel
 .text.dma_disable_channel
                0x00000000080059ba       0x12 libopencm3/lib/libopencm3_stm32f1.a(dma_common_l1f013.o)
                0x00000000080059ba                dma_disable_channel
 .text.dma_set_peripheral_address
                0x00000000080059cc       0x12 libopencm3/lib/libopencm3_stm32f1.a(dma_common_l1f013.o)
                0x00000000080059cc                dma_set_peripheral_address
 .text.dma_set_memory_address
                0x00000000080059de       0x12 libopencm3/lib/libopencm3_stm32f1.a(dma_common_l1f013.o)
                0x00000000080059de                dma_set_memory_address
 .text.dma_get_number_of_data
                0x00000000080059f0        0xe libopencm3/lib/libopencm3_stm32f1.a(dma_common_l1f013.o)
                0x00000000080059f0                dma_get_number_of_data
 .text.dma_set_number_of_data
                0x00000000080059fe        0xc libopencm3/lib/libopencm3_stm32f1.a(dma_common_l1f013.o)
                0x00000000080059fe                dma_set_number_of_data
 *fill*         0x0000000008005a0a        0x2 
 .text.flash_get_status_flags
                0x0000000008005a0c       0x20 libopencm3/lib/libopencm3_stm32f1.a(flash.o)
                0x0000000008005a0c                flash_get_status_flags
 .text.flash_program_half_word
                0x0000000008005a2c       0x64 libopencm3/lib/libopencm3_stm32f1.a(flash.o)
                0x0000000008005a2c                flash_program_half_word
 .text.flash_erase_page
                0x0000000008005a90       0x74 libopencm3/lib/libopencm3_stm32f1.a(flash.o)
                0x0000000008005a90                flash_erase_page
 .text.flash_set_ws
                0x0000000008005b04       0x14 libopencm3/lib/libopencm3_stm32f1.a(flash_common_all.o)
                0x0000000008005b04                flash_set_ws
 .text.flash_unlock
                0x0000000008005b18       0x18 libopencm3/lib/libopencm3_stm32f1.a(flash_common_f.o)
                0x0000000008005b18                flash_unlock
 .text.flash_lock
                0x0000000008005b30       0x10 libopencm3/lib/libopencm3_stm32f1.a(flash_common_f.o)
                0x0000000008005b30                flash_lock
 .text.flash_wait_for_last_operation
                0x0000000008005b40        0xc libopencm3/lib/libopencm3_stm32f1.a(flash_common_f01.o)
                0x0000000008005b40                flash_wait_for_last_operation
 .text.flash_program_word
                0x0000000008005b4c       0x18 libopencm3/lib/libopencm3_stm32f1.a(flash_common_f01.o)
                0x0000000008005b4c                flash_program_word
 .text.gpio_set_mode
                0x0000000008005b64       0x5e libopencm3/lib/libopencm3_stm32f1.a(gpio.o)
                0x0000000008005b64                gpio_set_mode
 *fill*         0x0000000008005bc2        0x2 
 .text.gpio_primary_remap
                0x0000000008005bc4       0x14 libopencm3/lib/libopencm3_stm32f1.a(gpio.o)
                0x0000000008005bc4                gpio_primary_remap
 .text.gpio_set
                0x0000000008005bd8        0x4 libopencm3/lib/libopencm3_stm32f1.a(gpio_common_all.o)
                0x0000000008005bd8                gpio_set
 .text.gpio_clear
                0x0000000008005bdc        0x6 libopencm3/lib/libopencm3_stm32f1.a(gpio_common_all.o)
                0x0000000008005bdc                gpio_clear
 .text.gpio_toggle
                0x0000000008005be2       0x12 libopencm3/lib/libopencm3_stm32f1.a(gpio_common_all.o)
                0x0000000008005be2                gpio_toggle
 .text.iwdg_reset
                0x0000000008005bf4       0x10 libopencm3/lib/libopencm3_stm32f1.a(iwdg_common_all.o)
                0x0000000008005bf4                iwdg_reset
 .text.rcc_is_osc_ready
                0x0000000008005c04       0x58 libopencm3/lib/libopencm3_stm32f1.a(rcc.o)
                0x0000000008005c04                rcc_is_osc_ready
 .text.rcc_wait_for_osc_ready
                0x0000000008005c5c       0x10 libopencm3/lib/libopencm3_stm32f1.a(rcc.o)
                0x0000000008005c5c                rcc_wait_for_osc_ready
 .text.rcc_osc_on
                0x0000000008005c6c       0x60 libopencm3/lib/libopencm3_stm32f1.a(rcc.o)
                0x0000000008005c6c                rcc_osc_on
 .text.rcc_set_sysclk_source
                0x0000000008005ccc       0x14 libopencm3/lib/libopencm3_stm32f1.a(rcc.o)
                0x0000000008005ccc                rcc_set_sysclk_source
 .text.rcc_set_pll_multiplication_factor
                0x0000000008005ce0       0x14 libopencm3/lib/libopencm3_stm32f1.a(rcc.o)
                0x0000000008005ce0                rcc_set_pll_multiplication_factor
 .text.rcc_set_pll2_multiplication_factor
                0x0000000008005cf4       0x14 libopencm3/lib/libopencm3_stm32f1.a(rcc.o)
                0x0000000008005cf4                rcc_set_pll2_multiplication_factor
 .text.rcc_set_pll3_multiplication_factor
                0x0000000008005d08       0x14 libopencm3/lib/libopencm3_stm32f1.a(rcc.o)
                0x0000000008005d08                rcc_set_pll3_multiplication_factor
 .text.rcc_set_pll_source
                0x0000000008005d1c       0x14 libopencm3/lib/libopencm3_stm32f1.a(rcc.o)
                0x0000000008005d1c                rcc_set_pll_source
 .text.rcc_set_pllxtpre
                0x0000000008005d30       0x14 libopencm3/lib/libopencm3_stm32f1.a(rcc.o)
                0x0000000008005d30                rcc_set_pllxtpre
 .text.rcc_rtc_clock_enabled_flag
                0x0000000008005d44       0x10 libopencm3/lib/libopencm3_stm32f1.a(rcc.o)
                0x0000000008005d44                rcc_rtc_clock_enabled_flag
 .text.rcc_enable_rtc_clock
                0x0000000008005d54       0x10 libopencm3/lib/libopencm3_stm32f1.a(rcc.o)
                0x0000000008005d54                rcc_enable_rtc_clock
 .text.rcc_set_rtc_clock_source
                0x0000000008005d64       0x84 libopencm3/lib/libopencm3_stm32f1.a(rcc.o)
                0x0000000008005d64                rcc_set_rtc_clock_source
 .text.rcc_set_adcpre
                0x0000000008005de8       0x14 libopencm3/lib/libopencm3_stm32f1.a(rcc.o)
                0x0000000008005de8                rcc_set_adcpre
 .text.rcc_set_ppre2
                0x0000000008005dfc       0x14 libopencm3/lib/libopencm3_stm32f1.a(rcc.o)
                0x0000000008005dfc                rcc_set_ppre2
 .text.rcc_set_ppre1
                0x0000000008005e10       0x14 libopencm3/lib/libopencm3_stm32f1.a(rcc.o)
                0x0000000008005e10                rcc_set_ppre1
 .text.rcc_set_hpre
                0x0000000008005e24       0x14 libopencm3/lib/libopencm3_stm32f1.a(rcc.o)
                0x0000000008005e24                rcc_set_hpre
 .text.rcc_set_usbpre
                0x0000000008005e38       0x18 libopencm3/lib/libopencm3_stm32f1.a(rcc.o)
                0x0000000008005e38                rcc_set_usbpre
 .text.rcc_set_prediv1
                0x0000000008005e50       0x14 libopencm3/lib/libopencm3_stm32f1.a(rcc.o)
                0x0000000008005e50                rcc_set_prediv1
 .text.rcc_set_prediv2
                0x0000000008005e64       0x14 libopencm3/lib/libopencm3_stm32f1.a(rcc.o)
                0x0000000008005e64                rcc_set_prediv2
 .text.rcc_set_prediv1_source
                0x0000000008005e78       0x18 libopencm3/lib/libopencm3_stm32f1.a(rcc.o)
                0x0000000008005e78                rcc_set_prediv1_source
 .text.rcc_clock_setup_pll
                0x0000000008005e90       0xbc libopencm3/lib/libopencm3_stm32f1.a(rcc.o)
                0x0000000008005e90                rcc_clock_setup_pll
 .text.rcc_periph_clock_enable
                0x0000000008005f4c       0x1c libopencm3/lib/libopencm3_stm32f1.a(rcc_common_all.o)
                0x0000000008005f4c                rcc_periph_clock_enable
 .text.rcc_periph_reset_pulse
                0x0000000008005f68       0x24 libopencm3/lib/libopencm3_stm32f1.a(rcc_common_all.o)
                0x0000000008005f68                rcc_periph_reset_pulse
 .text.rtc_enter_config_mode
                0x0000000008005f8c       0x1c libopencm3/lib/libopencm3_stm32f1.a(rtc.o)
                0x0000000008005f8c                rtc_enter_config_mode
 .text.rtc_exit_config_mode
                0x0000000008005fa8       0x1c libopencm3/lib/libopencm3_stm32f1.a(rtc.o)
                0x0000000008005fa8                rtc_exit_config_mode
 .text.rtc_awake_from_off
                0x0000000008005fc4       0x6c libopencm3/lib/libopencm3_stm32f1.a(rtc.o)
                0x0000000008005fc4                rtc_awake_from_off
 .text.rtc_set_prescale_val
                0x0000000008006030       0x24 libopencm3/lib/libopencm3_stm32f1.a(rtc.o)
                0x0000000008006030                rtc_set_prescale_val
 .text.rtc_get_counter_val
                0x0000000008006054       0x14 libopencm3/lib/libopencm3_stm32f1.a(rtc.o)
                0x0000000008006054                rtc_get_counter_val
 .text.rtc_set_counter_val
                0x0000000008006068       0x20 libopencm3/lib/libopencm3_stm32f1.a(rtc.o)
                0x0000000008006068                rtc_set_counter_val
 .text.rtc_awake_from_standby
                0x0000000008006088       0x3c libopencm3/lib/libopencm3_stm32f1.a(rtc.o)
                0x0000000008006088                rtc_awake_from_standby
 .text.rtc_auto_awake
                0x00000000080060c4       0x34 libopencm3/lib/libopencm3_stm32f1.a(rtc.o)
                0x00000000080060c4                rtc_auto_awake
 .text.spi_enable
                0x00000000080060f8        0xa libopencm3/lib/libopencm3_stm32f1.a(spi_common_all.o)
                0x00000000080060f8                spi_enable
 .text.spi_xfer
                0x0000000008006102        0xe libopencm3/lib/libopencm3_stm32f1.a(spi_common_all.o)
                0x0000000008006102                spi_xfer
 .text.spi_enable_software_slave_management
                0x0000000008006110       0x12 libopencm3/lib/libopencm3_stm32f1.a(spi_common_all.o)
                0x0000000008006110                spi_enable_software_slave_management
 .text.spi_set_nss_high
                0x0000000008006122        0xa libopencm3/lib/libopencm3_stm32f1.a(spi_common_all.o)
                0x0000000008006122                spi_set_nss_high
 .text.spi_set_standard_mode
                0x000000000800612c       0x10 libopencm3/lib/libopencm3_stm32f1.a(spi_common_all.o)
                0x000000000800612c                spi_set_standard_mode
 .text.spi_init_master
                0x000000000800613c       0x28 libopencm3/lib/libopencm3_stm32f1.a(spi_common_v1.o)
                0x000000000800613c                spi_init_master
 .text.timer_enable_irq
                0x0000000008006164        0x8 libopencm3/lib/libopencm3_stm32f1.a(timer_common_all.o)
                0x0000000008006164                timer_enable_irq
 .text.timer_get_flag
                0x000000000800616c        0xc libopencm3/lib/libopencm3_stm32f1.a(timer_common_all.o)
                0x000000000800616c                timer_get_flag
 .text.timer_clear_flag
                0x0000000008006178        0x6 libopencm3/lib/libopencm3_stm32f1.a(timer_common_all.o)
                0x0000000008006178                timer_clear_flag
 .text.timer_enable_preload
                0x000000000800617e        0xa libopencm3/lib/libopencm3_stm32f1.a(timer_common_all.o)
                0x000000000800617e                timer_enable_preload
 .text.timer_direction_up
                0x0000000008006188        0xa libopencm3/lib/libopencm3_stm32f1.a(timer_common_all.o)
                0x0000000008006188                timer_direction_up
 .text.timer_enable_counter
                0x0000000008006192        0xa libopencm3/lib/libopencm3_stm32f1.a(timer_common_all.o)
                0x0000000008006192                timer_enable_counter
 .text.timer_disable_counter
                0x000000000800619c        0xa libopencm3/lib/libopencm3_stm32f1.a(timer_common_all.o)
                0x000000000800619c                timer_disable_counter
 .text.timer_set_prescaler
                0x00000000080061a6        0x4 libopencm3/lib/libopencm3_stm32f1.a(timer_common_all.o)
                0x00000000080061a6                timer_set_prescaler
 .text.timer_set_period
                0x00000000080061aa        0x4 libopencm3/lib/libopencm3_stm32f1.a(timer_common_all.o)
                0x00000000080061aa                timer_set_period
 .text.timer_set_oc_mode
                0x00000000080061ae      0x18c libopencm3/lib/libopencm3_stm32f1.a(timer_common_all.o)
                0x00000000080061ae                timer_set_oc_mode
 .text.timer_set_oc_value
                0x000000000800633a       0x20 libopencm3/lib/libopencm3_stm32f1.a(timer_common_all.o)
                0x000000000800633a                timer_set_oc_value
 .text.timer_get_counter
                0x000000000800635a        0x4 libopencm3/lib/libopencm3_stm32f1.a(timer_common_all.o)
                0x000000000800635a                timer_get_counter
 .text.timer_set_counter
                0x000000000800635e        0x4 libopencm3/lib/libopencm3_stm32f1.a(timer_common_all.o)
                0x000000000800635e                timer_set_counter
 *fill*         0x0000000008006362        0x2 
 .text.usart_set_baudrate
                0x0000000008006364       0x28 libopencm3/lib/libopencm3_stm32f1.a(usart_common_all.o)
                0x0000000008006364                usart_set_baudrate
 .text.usart_set_databits
                0x000000000800638c       0x12 libopencm3/lib/libopencm3_stm32f1.a(usart_common_all.o)
                0x000000000800638c                usart_set_databits
 .text.usart_set_stopbits
                0x000000000800639e        0xc libopencm3/lib/libopencm3_stm32f1.a(usart_common_all.o)
                0x000000000800639e                usart_set_stopbits
 .text.usart_set_parity
                0x00000000080063aa        0xc libopencm3/lib/libopencm3_stm32f1.a(usart_common_all.o)
                0x00000000080063aa                usart_set_parity
 .text.usart_set_mode
                0x00000000080063b6        0xc libopencm3/lib/libopencm3_stm32f1.a(usart_common_all.o)
                0x00000000080063b6                usart_set_mode
 .text.usart_set_flow_control
                0x00000000080063c2        0xc libopencm3/lib/libopencm3_stm32f1.a(usart_common_all.o)
                0x00000000080063c2                usart_set_flow_control
 .text.usart_enable
                0x00000000080063ce        0xa libopencm3/lib/libopencm3_stm32f1.a(usart_common_all.o)
                0x00000000080063ce                usart_enable
 .text.usart_send_blocking
                0x00000000080063d8       0x16 libopencm3/lib/libopencm3_stm32f1.a(usart_common_all.o)
                0x00000000080063d8                usart_send_blocking
 .text.usart_enable_rx_dma
                0x00000000080063ee        0xa libopencm3/lib/libopencm3_stm32f1.a(usart_common_all.o)
                0x00000000080063ee                usart_enable_rx_dma
 .text.usart_enable_tx_dma
                0x00000000080063f8        0xa libopencm3/lib/libopencm3_stm32f1.a(usart_common_all.o)
                0x00000000080063f8                usart_enable_tx_dma
 .text.usart_send
                0x0000000008006402        0x8 libopencm3/lib/libopencm3_stm32f1.a(usart_common_f124.o)
                0x0000000008006402                usart_send
 .text.usart_recv
                0x000000000800640a        0x8 libopencm3/lib/libopencm3_stm32f1.a(usart_common_f124.o)
                0x000000000800640a                usart_recv
 .text.usart_wait_send_ready
                0x0000000008006412        0x8 libopencm3/lib/libopencm3_stm32f1.a(usart_common_f124.o)
                0x0000000008006412                usart_wait_send_ready
 .text.usart_get_flag
                0x000000000800641a        0xc libopencm3/lib/libopencm3_stm32f1.a(usart_common_f124.o)
                0x000000000800641a                usart_get_flag
 .text.blocking_handler
                0x0000000008006426        0x2 libopencm3/lib/libopencm3_stm32f1.a(vector.o)
                0x0000000008006426                usart3_isr
                0x0000000008006426                rtc_isr
                0x0000000008006426                tim7_isr
                0x0000000008006426                adc1_2_isr
                0x0000000008006426                tim1_trg_com_isr
                0x0000000008006426                tim6_isr
                0x0000000008006426                usb_wakeup_isr
                0x0000000008006426                blocking_handler
                0x0000000008006426                tim5_isr
                0x0000000008006426                otg_fs_isr
                0x0000000008006426                spi1_isr
                0x0000000008006426                exti2_isr
                0x0000000008006426                dma1_channel6_isr
                0x0000000008006426                dma1_channel5_isr
                0x0000000008006426                dma2_channel5_isr
                0x0000000008006426                usart1_isr
                0x0000000008006426                usage_fault_handler
                0x0000000008006426                tim8_trg_com_isr
                0x0000000008006426                tim1_brk_isr
                0x0000000008006426                tim1_cc_isr
                0x0000000008006426                sdio_isr
                0x0000000008006426                eth_isr
                0x0000000008006426                dma1_channel4_isr
                0x0000000008006426                tim8_brk_isr
                0x0000000008006426                dma2_channel4_5_isr
                0x0000000008006426                pvd_isr
                0x0000000008006426                rcc_isr
                0x0000000008006426                flash_isr
                0x0000000008006426                uart4_isr
                0x0000000008006426                rtc_alarm_isr
                0x0000000008006426                exti15_10_isr
                0x0000000008006426                hard_fault_handler
                0x0000000008006426                exti1_isr
                0x0000000008006426                i2c1_ev_isr
                0x0000000008006426                dma2_channel1_isr
                0x0000000008006426                spi2_isr
                0x0000000008006426                tim8_up_isr
                0x0000000008006426                dma2_channel2_isr
                0x0000000008006426                exti3_isr
                0x0000000008006426                adc3_isr
                0x0000000008006426                tim3_isr
                0x0000000008006426                usart2_isr
                0x0000000008006426                i2c2_er_isr
                0x0000000008006426                i2c2_ev_isr
                0x0000000008006426                uart5_isr
                0x0000000008006426                fsmc_isr
                0x0000000008006426                dma1_channel1_isr
                0x0000000008006426                exti4_isr
                0x0000000008006426                mem_manage_handler
                0x0000000008006426                exti9_5_isr
                0x0000000008006426                dma2_channel3_isr
                0x0000000008006426                dma1_channel7_isr
                0x0000000008006426                tim1_up_isr
                0x0000000008006426                can2_sce_isr
                0x0000000008006426                tim4_isr
                0x0000000008006426                dma1_channel2_isr
                0x0000000008006426                i2c1_er_isr
                0x0000000008006426                can_sce_isr
                0x0000000008006426                tim8_cc_isr
                0x0000000008006426                tamper_isr
                0x0000000008006426                eth_wkup_isr
                0x0000000008006426                bus_fault_handler
                0x0000000008006426                wwdg_isr
                0x0000000008006426                dma1_channel3_isr
                0x0000000008006426                spi3_isr
                0x0000000008006426                exti0_isr
 .text.null_handler
                0x0000000008006428        0x2 libopencm3/lib/libopencm3_stm32f1.a(vector.o)
                0x0000000008006428                null_handler
                0x0000000008006428                sv_call_handler
                0x0000000008006428                pend_sv_handler
                0x0000000008006428                debug_monitor_handler
                0x0000000008006428                sys_tick_handler
                0x0000000008006428                nmi_handler
 *fill*         0x000000000800642a        0x2 
 .text.reset_handler
                0x000000000800642c       0x94 libopencm3/lib/libopencm3_stm32f1.a(vector.o)
                0x000000000800642c                reset_handler
 .text.scb_reset_system
                0x00000000080064c0       0x10 libopencm3/lib/libopencm3_stm32f1.a(scb.o)
                0x00000000080064c0                scb_reset_system
 .text.nvic_enable_irq
                0x00000000080064d0       0x1a libopencm3/lib/libopencm3_stm32f1.a(nvic.o)
                0x00000000080064d0                nvic_enable_irq
 *fill*         0x00000000080064ea        0x2 
 .text.nvic_set_priority
                0x00000000080064ec       0x20 libopencm3/lib/libopencm3_stm32f1.a(nvic.o)
                0x00000000080064ec                nvic_set_priority
 .text.pwr_disable_backup_domain_write_protect
                0x000000000800650c       0x10 libopencm3/lib/libopencm3_stm32f1.a(pwr_common_v1.o)
                0x000000000800650c                pwr_disable_backup_domain_write_protect
 .text          0x000000000800651c      0x378 /usr/lib/gcc/arm-none-eabi/10.2.0/thumb/v7/nofp/libgcc.a(_arm_addsubdf3.o)
                0x000000000800651c                __aeabi_drsub
                0x0000000008006524                __subdf3
                0x0000000008006524                __aeabi_dsub
                0x0000000008006528                __adddf3
                0x0000000008006528                __aeabi_dadd
                0x00000000080067a0                __aeabi_ui2d
                0x00000000080067a0                __floatunsidf
                0x00000000080067c0                __floatsidf
                0x00000000080067c0                __aeabi_i2d
                0x00000000080067e4                __extendsfdf2
                0x00000000080067e4                __aeabi_f2d
                0x0000000008006828                __aeabi_ul2d
                0x0000000008006828                __floatundidf
                0x0000000008006838                __aeabi_l2d
                0x0000000008006838                __floatdidf
 .text          0x0000000008006894      0x424 /usr/lib/gcc/arm-none-eabi/10.2.0/thumb/v7/nofp/libgcc.a(_arm_muldivdf3.o)
                0x0000000008006894                __muldf3
                0x0000000008006894                __aeabi_dmul
                0x0000000008006ae8                __aeabi_ddiv
                0x0000000008006ae8                __divdf3
 .text          0x0000000008006cb8       0x50 /usr/lib/gcc/arm-none-eabi/10.2.0/thumb/v7/nofp/libgcc.a(_arm_fixdfsi.o)
                0x0000000008006cb8                __fixdfsi
                0x0000000008006cb8                __aeabi_d2iz
 .text          0x0000000008006d08       0x40 /usr/lib/gcc/arm-none-eabi/10.2.0/thumb/v7/nofp/libgcc.a(_arm_fixunsdfsi.o)
                0x0000000008006d08                __fixunsdfsi
                0x0000000008006d08                __aeabi_d2uiz
 .text          0x0000000008006d48       0xa0 /usr/lib/gcc/arm-none-eabi/10.2.0/thumb/v7/nofp/libgcc.a(_arm_truncdfsf2.o)
                0x0000000008006d48                __aeabi_d2f
                0x0000000008006d48                __truncdfsf2
 .text          0x0000000008006de8      0x21c /usr/lib/gcc/arm-none-eabi/10.2.0/thumb/v7/nofp/libgcc.a(_arm_addsubsf3.o)
                0x0000000008006de8                __aeabi_frsub
                0x0000000008006df0                __subsf3
                0x0000000008006df0                __aeabi_fsub
                0x0000000008006df4                __aeabi_fadd
                0x0000000008006df4                __addsf3
                0x0000000008006f54                __floatunsisf
                0x0000000008006f54                __aeabi_ui2f
                0x0000000008006f5c                __floatsisf
                0x0000000008006f5c                __aeabi_i2f
                0x0000000008006f78                __floatundisf
                0x0000000008006f78                __aeabi_ul2f
                0x0000000008006f88                __floatdisf
                0x0000000008006f88                __aeabi_l2f
 .text          0x0000000008007004      0x2a0 /usr/lib/gcc/arm-none-eabi/10.2.0/thumb/v7/nofp/libgcc.a(_arm_muldivsf3.o)
                0x0000000008007004                __mulsf3
                0x0000000008007004                __aeabi_fmul
                0x000000000800716c                __aeabi_fdiv
                0x000000000800716c                __divsf3
 .text          0x00000000080072a4       0xec /usr/lib/gcc/arm-none-eabi/10.2.0/thumb/v7/nofp/libgcc.a(_arm_cmpsf2.o)
                0x00000000080072a4                __gtsf2
                0x00000000080072a4                __gesf2
                0x00000000080072ac                __lesf2
                0x00000000080072ac                __ltsf2
                0x00000000080072b4                __nesf2
                0x00000000080072b4                __cmpsf2
                0x00000000080072b4                __eqsf2
                0x0000000008007314                __aeabi_cfrcmple
                0x000000000800731c                __aeabi_cfcmpeq
                0x000000000800731c                __aeabi_cfcmple
                0x000000000800732c                __aeabi_fcmpeq
                0x0000000008007340                __aeabi_fcmplt
                0x0000000008007354                __aeabi_fcmple
                0x0000000008007368                __aeabi_fcmpge
                0x000000000800737c                __aeabi_fcmpgt
 .text          0x0000000008007390       0x4c /usr/lib/gcc/arm-none-eabi/10.2.0/thumb/v7/nofp/libgcc.a(_arm_fixsfsi.o)
                0x0000000008007390                __fixsfsi
                0x0000000008007390                __aeabi_f2iz
 .text          0x00000000080073dc       0x40 /usr/lib/gcc/arm-none-eabi/10.2.0/thumb/v7/nofp/libgcc.a(_arm_fixunssfsi.o)
                0x00000000080073dc                __aeabi_f2uiz
                0x00000000080073dc                __fixunssfsi
 .text          0x000000000800741c       0xa4 /usr/lib/gcc/arm-none-eabi/10.2.0/../../../../arm-none-eabi/lib/thumb/v7/nofp/libc.a(lib_a-memset.o)
                0x000000000800741c                memset
                0x00000000080074c0                . = ALIGN (0x4)
 *(.rodata*)
 .rodata._ZTV11CanCallback
                0x00000000080074c0       0x10 obj/main.o
                0x00000000080074c0                vtable for CanCallback
 .rodata._ZTV23FunctionPointerCallback
                0x00000000080074d0       0x10 obj/main.o
                0x00000000080074d0                vtable for FunctionPointerCallback
 .rodata._ZN14Stm32Scheduler5ocMapE
                0x00000000080074e0        0x4 obj/stm32scheduler.o
                0x00000000080074e0                Stm32Scheduler::ocMap
 .rodata.str1.4
                0x00000000080074e4      0x4b4 obj/params.o
                                        0x4bc (size before relaxing)
 .rodata._ZN5ParamL7attribsE
                0x0000000008007998     0x1228 obj/params.o
 .rodata._ZN8Terminal10EnableUartEPc.str1.4
                0x0000000008008bc0      0x4b4 obj/terminal.o
                                          0x5 (size before relaxing)
 .rodata._ZN8Terminal8FastUartEPc.str1.4
                0x0000000008008bc0        0xf obj/terminal.o
                                         0x13 (size before relaxing)
 *fill*         0x0000000008008bcf        0x1 
 .rodata._ZN8Terminal3RunEv.str1.4
                0x0000000008008bd0       0x33 obj/terminal.o
 *fill*         0x0000000008008c03        0x1 
 .rodata._ZTV8IPutChar
                0x0000000008008c04        0xc obj/terminal.o
                0x0000000008008c04                vtable for IPutChar
 .rodata._ZN8Terminal6hwInfoE
                0x0000000008008c10       0x48 obj/terminal.o
                0x0000000008008c10                Terminal::hwInfo
 .rodata._ZTV8Terminal
                0x0000000008008c58        0xc obj/terminal.o
                0x0000000008008c58                vtable for Terminal
 .rodata._ZL11PrintSerialP8TerminalPc.str1.4
                0x0000000008008c64       0x11 obj/terminal_prj.o
 *fill*         0x0000000008008c75        0x3 
 .rodata._ZL12LoadDefaultsP8TerminalPc.str1.4
                0x0000000008008c78       0x12 obj/terminal_prj.o
 *fill*         0x0000000008008c8a        0x2 
 .rodata.str1.4
                0x0000000008008c8c       0x5f obj/terminal_prj.o
 *fill*         0x0000000008008ceb        0x1 
 .rodata.termCmds
                0x0000000008008cec       0x70 obj/terminal_prj.o
                0x0000000008008cec                termCmds
 .rodata._ZL5printP8IPutCharPKcSt9__va_list.str1.4
                0x0000000008008d5c        0x7 obj/printf.o
 *fill*         0x0000000008008d63        0x1 
 .rodata._ZTV13ExternPutChar
                0x0000000008008d64        0xc obj/printf.o
                0x0000000008008d64                vtable for ExternPutChar
 .rodata._ZN12ErrorMessage10PrintErrorEm17ERROR_MESSAGE_NUM.str1.4
                0x0000000008008d70       0x10 obj/errormessage.o
 .rodata._ZN12ErrorMessage14PrintAllErrorsEv.str1.4
                0x0000000008008d80        0xc obj/errormessage.o
 .rodata.str1.4
                0x0000000008008d8c       0x3a obj/errormessage.o
                                         0x3e (size before relaxing)
 *fill*         0x0000000008008dc6        0x2 
 .rodata._ZL16errorDescriptors
                0x0000000008008dc8       0x10 obj/errormessage.o
 .rodata._ZL5types
                0x0000000008008dd8        0xc obj/errormessage.o
 .rodata._ZL8canSpeed
                0x0000000008008de4       0x3c obj/stm32_can.o
 .rodata._ZTV8Stm32Can
                0x0000000008008e20       0x14 obj/stm32_can.o
                0x0000000008008e20                vtable for Stm32Can
 .rodata._ZTV11CanHardware
                0x0000000008008e34       0x14 obj/canhardware.o
                0x0000000008008e34                vtable for CanHardware
 .rodata._ZTV12NullCallback
                0x0000000008008e48       0x10 obj/canhardware.o
                0x0000000008008e48                vtable for NullCallback
 .rodata._ZTV6CanMap
                0x0000000008008e58       0x10 obj/canmap.o
                0x0000000008008e58                vtable for CanMap
 .rodata._ZN16TerminalCommands11PrintCanMapEN5Param9PARAM_NUMEmhhfab.str1.4
                0x0000000008008e68       0x24 obj/terminalcommands.o
 .rodata._ZN16TerminalCommands8ParamSetEP8TerminalPc.str1.4
                0x0000000008008e8c       0x57 obj/terminalcommands.o
 *fill*         0x0000000008008ee3        0x1 
 .rodata._ZN16TerminalCommands8ParamGetEP8TerminalPc.str1.4
                0x0000000008008ee4       0x22 obj/terminalcommands.o
 *fill*         0x0000000008008f06        0x2 
 .rodata._ZN16TerminalCommands9ParamFlagEP8TerminalPc.str1.4
                0x0000000008008f08       0x39 obj/terminalcommands.o
 *fill*         0x0000000008008f41        0x3 
 .rodata._ZN16TerminalCommands15PrintParamsJsonEP8IPutCharPc.str1.4
                0x0000000008008f44      0x13a obj/terminalcommands.o
 *fill*         0x000000000800907e        0x2 
 .rodata._ZN16TerminalCommands6MapCanEP8TerminalPc.str1.4
                0x0000000008009080      0x112 obj/terminalcommands.o
                                        0x116 (size before relaxing)
 *fill*         0x0000000008009192        0x2 
 .rodata._ZN16TerminalCommands14SaveParametersEP8TerminalPc.str1.4
                0x0000000008009194       0x6f obj/terminalcommands.o
 *fill*         0x0000000008009203        0x1 
 .rodata._ZN16TerminalCommands14LoadParametersEP8TerminalPc.str1.4
                0x0000000008009204       0x2a obj/terminalcommands.o
 *fill*         0x000000000800922e        0x2 
 .rodata._ZN16TerminalCommands11ParamStreamEP8TerminalPc.str1.4
                0x0000000008009230       0x25 obj/terminalcommands.o
                                         0x2f (size before relaxing)
 *fill*         0x0000000008009255        0x3 
 .rodata._ZL10crc14table
                0x0000000008009258      0x200 obj/BatMan.o
 .rodata._ZL8utilTopN
                0x0000000008009458        0x9 obj/BatMan.o
 *fill*         0x0000000008009461        0x3 
 .rodata._ZTV6CanSdo
                0x0000000008009464       0x20 obj/cansdo.o
                0x0000000008009464                vtable for CanSdo
 .rodata.rcc_hse_configs
                0x0000000008009484       0x8c libopencm3/lib/libopencm3_stm32f1.a(rcc.o)
                0x0000000008009484                rcc_hse_configs
                0x0000000008009510                . = ALIGN (0x4)

.glue_7         0x0000000008009510        0x0
 .glue_7        0x0000000008009510        0x0 linker stubs

.glue_7t        0x0000000008009510        0x0
 .glue_7t       0x0000000008009510        0x0 linker stubs

.vfp11_veneer   0x0000000008009510        0x0
 .vfp11_veneer  0x0000000008009510        0x0 linker stubs

.v4_bx          0x0000000008009510        0x0
 .v4_bx         0x0000000008009510        0x0 linker stubs

.iplt           0x0000000008009510        0x0
 .iplt          0x0000000008009510        0x0 obj/main.o

.rel.dyn        0x0000000008009510        0x0
 .rel.iplt      0x0000000008009510        0x0 obj/main.o

.preinit_array  0x0000000008009510        0x0
                0x0000000008009510                . = ALIGN (0x4)
                0x0000000008009510                __preinit_array_start = .
 *(.preinit_array)
                0x0000000008009510                __preinit_array_end = .

.init_array     0x0000000008009510        0x8
                0x0000000008009510                . = ALIGN (0x4)
                0x0000000008009510                __init_array_start = .
 *(SORT_BY_NAME(.init_array.*))
 *(.init_array)
 .init_array    0x0000000008009510        0x4 obj/sine_core.o
 .init_array    0x0000000008009514        0x4 obj/anain.o
                0x0000000008009518                __init_array_end = .

.fini_array     0x0000000008009518        0x0
                0x0000000008009518                . = ALIGN (0x4)
                0x0000000008009518                __fini_array_start = .
 *(.fini_array)
 *(SORT_BY_NAME(.fini_array.*))
                0x0000000008009518                __fini_array_end = .

.ARM.extab
 *(.ARM.extab*)

.ARM.exidx      0x0000000008009518        0x0
                0x0000000008009518                __exidx_start = .
 *(.ARM.exidx*)
                0x0000000008009518                __exidx_end = .
                0x0000000008009518                . = ALIGN (0x4)
                0x0000000008009518                _etext = .

.noinit
 *(.noinit*)
                0x0000000008009518                . = ALIGN (0x4)

.data           0x0000000020000000      0x514 load address 0x0000000008009518
                0x0000000020000000                _data = .
 *(.data*)
 .data._ZN5ParamL6valuesE
                0x0000000020000000      0x298 obj/params.o
 .data.errorBuffer
                0x0000000020000298       0x20 obj/errormessage.o
                0x0000000020000298                errorBuffer
 .data._ZL12nullCallback
                0x00000000200002b8        0x4 obj/canhardware.o
 .data._ZN16TerminalCommands11saveEnabledE
                0x00000000200002bc        0x1 obj/terminalcommands.o
                0x00000000200002bc                TerminalCommands::saveEnabled
 *fill*         0x00000000200002bd        0x3 
 .data.BalHys   0x00000000200002c0        0x4 obj/BatMan.o
                0x00000000200002c0                BalHys
 .data.BmbTimeout
                0x00000000200002c4        0x1 obj/BatMan.o
                0x00000000200002c4                BmbTimeout
 *fill*         0x00000000200002c5        0x3 
 .data.CellVMin
                0x00000000200002c8        0x4 obj/BatMan.o
                0x00000000200002c8                CellVMin
 .data.Mute     0x00000000200002cc        0x4 obj/BatMan.o
                0x00000000200002cc                Mute
 .data.SendDelay
                0x00000000200002d0        0x2 obj/BatMan.o
                0x00000000200002d0                SendDelay
 *fill*         0x00000000200002d2        0x2 
 .data.Snap     0x00000000200002d4        0x4 obj/BatMan.o
                0x00000000200002d4                Snap
 .data.TempMin  0x00000000200002d8        0x4 obj/BatMan.o
                0x00000000200002d8                TempMin
 .data.Unmute   0x00000000200002dc        0x4 obj/BatMan.o
                0x00000000200002dc                Unmute
 .data.WakeUp   0x00000000200002e0        0x4 obj/BatMan.o
                0x00000000200002e0                WakeUp
 .data.crcTable2f
                0x00000000200002e4      0x200 obj/BatMan.o
                0x00000000200002e4                crcTable2f
 .data.reqTemp  0x00000000200004e4        0x2 obj/BatMan.o
                0x00000000200004e4                reqTemp
 *fill*         0x00000000200004e6        0x2 
 .data.NoCurLim
                0x00000000200004e8        0x4 obj/BMSUtil.o
                0x00000000200004e8                NoCurLim
 .data.NoCurRun
                0x00000000200004ec        0x4 obj/BMSUtil.o
                0x00000000200004ec                NoCurRun
 .data.voltageToSoc
                0x00000000200004f0       0x16 obj/BMSUtil.o
                0x00000000200004f0                voltageToSoc
 *fill*         0x0000000020000506        0x2 
 .data.rcc_ahb_frequency
                0x0000000020000508        0x4 libopencm3/lib/libopencm3_stm32f1.a(rcc.o)
                0x0000000020000508                rcc_ahb_frequency
 .data.rcc_apb1_frequency
                0x000000002000050c        0x4 libopencm3/lib/libopencm3_stm32f1.a(rcc.o)
                0x000000002000050c                rcc_apb1_frequency
 .data.rcc_apb2_frequency
                0x0000000020000510        0x4 libopencm3/lib/libopencm3_stm32f1.a(rcc.o)
                0x0000000020000510                rcc_apb2_frequency
 *(.ramtext*)
                0x0000000020000514                . = ALIGN (0x4)
                0x0000000020000514                _edata = .
                0x0000000008009518                _data_loadaddr = LOADADDR (.data)

.igot.plt       0x0000000020000514        0x0 load address 0x0000000008009a2c
 .igot.plt      0x0000000020000514        0x0 obj/main.o

.bss            0x0000000020000514      0x348 load address 0x0000000008009a2c
 *(.bss*)
 .bss._ZL3can   0x0000000020000514        0x4 obj/main.o
 .bss._ZL6canMap
                0x0000000020000518        0x4 obj/main.o
 .bss._ZL9scheduler
                0x000000002000051c        0x4 obj/main.o
 .bss._ZN5ParamL5flagsE
                0x0000000020000520       0xa6 obj/params.o
 *fill*         0x00000000200005c6        0x2 
 .bss._ZN8Terminal15defaultTerminalE
                0x00000000200005c8        0x4 obj/terminal.o
                0x00000000200005c8                Terminal::defaultTerminal
 .bss._ZN5DigIo3in1E
                0x00000000200005cc        0x8 obj/digio.o
                0x00000000200005cc                DigIo::in1
 .bss._ZN5DigIo3in2E
                0x00000000200005d4        0x8 obj/digio.o
                0x00000000200005d4                DigIo::in2
 .bss._ZN5DigIo4out1E
                0x00000000200005dc        0x8 obj/digio.o
                0x00000000200005dc                DigIo::out1
 .bss._ZN5DigIo4out2E
                0x00000000200005e4        0x8 obj/digio.o
                0x00000000200005e4                DigIo::out2
 .bss._ZN5DigIo5BatCSE
                0x00000000200005ec        0x8 obj/digio.o
                0x00000000200005ec                DigIo::BatCS
 .bss._ZN5DigIo7batm_enE
                0x00000000200005f4        0x8 obj/digio.o
                0x00000000200005f4                DigIo::batm_en
 .bss._ZN5DigIo7led_outE
                0x00000000200005fc        0x8 obj/digio.o
                0x00000000200005fc                DigIo::led_out
 .bss._ZN8SineCore11ZERO_OFFSETE
                0x0000000020000604        0x2 obj/sine_core.o
                0x0000000020000604                SineCore::ZERO_OFFSET
 *fill*         0x0000000020000606        0x2 
 .bss._ZN5AnaIn13channel_arrayE
                0x0000000020000608        0x2 obj/anain.o
                0x0000000020000608                AnaIn::channel_array
 *fill*         0x000000002000060a        0x2 
 .bss._ZN5AnaIn4A1inE
                0x000000002000060c        0x4 obj/anain.o
                0x000000002000060c                AnaIn::A1in
 .bss._ZN5AnaIn5lvmonE
                0x0000000020000610        0x4 obj/anain.o
                0x0000000020000610                AnaIn::lvmon
 .bss._ZN5AnaIn6valuesE
                0x0000000020000614       0x30 obj/anain.o
                0x0000000020000614                AnaIn::values
 .bss._ZN12ErrorMessage8timeTickE
                0x0000000020000644        0x4 obj/errormessage.o
                0x0000000020000644                ErrorMessage::timeTick
 .bss._ZN8Stm32Can10interfacesE
                0x0000000020000648        0x8 obj/stm32_can.o
                0x0000000020000648                Stm32Can::interfaces
 .bss._ZN6CanMap8isSavingE
                0x0000000020000650        0x1 obj/canmap.o
                0x0000000020000650                CanMap::isSaving
 *fill*         0x0000000020000651        0x3 
 .bss._ZL7curTerm
                0x0000000020000654        0x4 obj/terminalcommands.o
 .bss._ZN16TerminalCommands6canMapE
                0x0000000020000658        0x4 obj/terminalcommands.o
                0x0000000020000658                TerminalCommands::canMap
 .bss.BalEven   0x000000002000065c        0x1 obj/BatMan.o
                0x000000002000065c                BalEven
 .bss.BalanceFlag
                0x000000002000065d        0x1 obj/BatMan.o
                0x000000002000065d                BalanceFlag
 *fill*         0x000000002000065e        0x2 
 .bss.Cell1start
                0x0000000020000660        0x4 obj/BatMan.o
                0x0000000020000660                Cell1start
 .bss.Cell2start
                0x0000000020000664        0x4 obj/BatMan.o
                0x0000000020000664                Cell2start
 .bss.CellBalCmd
                0x0000000020000668       0x10 obj/BatMan.o
                0x0000000020000668                CellBalCmd
 .bss.CellVMax  0x0000000020000678        0x4 obj/BatMan.o
                0x0000000020000678                CellVMax
 .bss.Cfg       0x000000002000067c       0x20 obj/BatMan.o
                0x000000002000067c                Cfg
 .bss.ChipNum   0x000000002000069c        0x1 obj/BatMan.o
                0x000000002000069c                ChipNum
 *fill*         0x000000002000069d        0x3 
 .bss.ChipV     0x00000000200006a0       0x10 obj/BatMan.o
                0x00000000200006a0                ChipV
 .bss.Fluffer   0x00000000200006b0       0x48 obj/BatMan.o
                0x00000000200006b0                Fluffer
 .bss.IdleCnt   0x00000000200006f8        0x2 obj/BatMan.o
                0x00000000200006f8                IdleCnt
 .bss.LoopRanCnt
                0x00000000200006fa        0x2 obj/BatMan.o
                0x00000000200006fa                LoopRanCnt
 .bss.LoopState
                0x00000000200006fc        0x2 obj/BatMan.o
                0x00000000200006fc                LoopState
 *fill*         0x00000000200006fe        0x2 
 .bss.Temp1     0x0000000020000700       0x10 obj/BatMan.o
                0x0000000020000700                Temp1
 .bss.Temp2     0x0000000020000710       0x10 obj/BatMan.o
                0x0000000020000710                Temp2
 .bss.TempMax   0x0000000020000720        0x4 obj/BatMan.o
                0x0000000020000720                TempMax
 .bss.Temps     0x0000000020000724       0x10 obj/BatMan.o
                0x0000000020000724                Temps
 .bss.Voltage   0x0000000020000734       0xf0 obj/BatMan.o
                0x0000000020000734                Voltage
 .bss.Volts5v   0x0000000020000824       0x10 obj/BatMan.o
                0x0000000020000824                Volts5v
 .bss.count1    0x0000000020000834        0x1 obj/BatMan.o
                0x0000000020000834                count1
 .bss.count2    0x0000000020000835        0x1 obj/BatMan.o
                0x0000000020000835                count2
 .bss.count3    0x0000000020000836        0x1 obj/BatMan.o
                0x0000000020000836                count3
 *fill*         0x0000000020000837        0x1 
 .bss.padding   0x0000000020000838        0x2 obj/BatMan.o
                0x0000000020000838                padding
 .bss.receive1  0x000000002000083a        0x2 obj/BatMan.o
                0x000000002000083a                receive1
 .bss.receive2  0x000000002000083c        0x2 obj/BatMan.o
                0x000000002000083c                receive2
 *fill*         0x000000002000083e        0x2 
 .bss.tempval1  0x0000000020000840        0x4 obj/BatMan.o
                0x0000000020000840                tempval1
 .bss.tempval2  0x0000000020000844        0x4 obj/BatMan.o
                0x0000000020000844                tempval2
 .bss._ZL1c     0x0000000020000848        0x4 obj/CAN_Common.o
 .bss.loopcnt   0x000000002000084c        0x1 obj/CAN_Common.o
                0x000000002000084c                loopcnt
 *fill*         0x000000002000084d        0x3 
 .bss.NoCurCounter
                0x0000000020000850        0x4 obj/BMSUtil.o
                0x0000000020000850                NoCurCounter
 .bss.TempSOC   0x0000000020000854        0x2 obj/BMSUtil.o
                0x0000000020000854                TempSOC
 *fill*         0x0000000020000856        0x2 
 .bss.asDiff    0x0000000020000858        0x4 obj/BMSUtil.o
                0x0000000020000858                asDiff
 *(COMMON)
                0x000000002000085c                . = ALIGN (0x4)
                0x000000002000085c                _ebss = .

/DISCARD/
 *(.eh_frame)
                0x000000002000085c                . = ALIGN (0x4)
                0x000000002000085c                end = .
                0x0000000020005000                PROVIDE (_stack = (ORIGIN (ram) + LENGTH (ram)))
OUTPUT(stm32_m3bms elf32-littlearm)
LOAD linker stubs

.debug_info     0x0000000000000000    0x1aba0
 .debug_info    0x0000000000000000     0x19d9 obj/main.o
 .debug_info    0x00000000000019d9      0xa8c obj/hwinit.o
 .debug_info    0x0000000000002465      0x5f4 obj/stm32scheduler.o
 .debug_info    0x0000000000002a59      0xc6f obj/params.o
 .debug_info    0x00000000000036c8     0x14e9 obj/terminal.o
 .debug_info    0x0000000000004bb1      0xa1e obj/terminal_prj.o
 .debug_info    0x00000000000055cf      0x3a4 obj/digio.o
 .debug_info    0x0000000000005973      0x7b9 obj/sine_core.o
 .debug_info    0x000000000000612c      0xb5b obj/printf.o
 .debug_info    0x0000000000006c87      0x884 obj/anain.o
 .debug_info    0x000000000000750b      0x9ef obj/param_save.o
 .debug_info    0x0000000000007efa      0x477 obj/errormessage.o
 .debug_info    0x0000000000008371     0x127c obj/stm32_can.o
 .debug_info    0x00000000000095ed      0x7e1 obj/canhardware.o
 .debug_info    0x0000000000009dce     0x26df obj/canmap.o
 .debug_info    0x000000000000c4ad     0x1c49 obj/terminalcommands.o
 .debug_info    0x000000000000e0f6     0x2321 obj/BatMan.o
 .debug_info    0x0000000000010417      0xacf obj/CAN_Common.o
 .debug_info    0x0000000000010ee6     0x15ec obj/cansdo.o
 .debug_info    0x00000000000124d2      0x7a4 obj/BMSUtil.o
 .debug_info    0x0000000000012c76      0x3cf libopencm3/lib/libopencm3_stm32f1.a(adc.o)
 .debug_info    0x0000000000013045      0x919 libopencm3/lib/libopencm3_stm32f1.a(adc_common_v1.o)
 .debug_info    0x000000000001395e      0xb9b libopencm3/lib/libopencm3_stm32f1.a(can.o)
 .debug_info    0x00000000000144f9      0x11e libopencm3/lib/libopencm3_stm32f1.a(crc_common_all.o)
 .debug_info    0x0000000000014617       0xe7 libopencm3/lib/libopencm3_stm32f1.a(desig_common_v1.o)
 .debug_info    0x00000000000146fe      0x7e2 libopencm3/lib/libopencm3_stm32f1.a(dma_common_l1f013.o)
 .debug_info    0x0000000000014ee0      0x395 libopencm3/lib/libopencm3_stm32f1.a(flash.o)
 .debug_info    0x0000000000015275       0xf6 libopencm3/lib/libopencm3_stm32f1.a(flash_common_all.o)
 .debug_info    0x000000000001536b       0xbe libopencm3/lib/libopencm3_stm32f1.a(flash_common_f.o)
 .debug_info    0x0000000000015429      0x209 libopencm3/lib/libopencm3_stm32f1.a(flash_common_f01.o)
 .debug_info    0x0000000000015632      0x210 libopencm3/lib/libopencm3_stm32f1.a(gpio.o)
 .debug_info    0x0000000000015842      0x266 libopencm3/lib/libopencm3_stm32f1.a(gpio_common_all.o)
 .debug_info    0x0000000000015aa8      0x17c libopencm3/lib/libopencm3_stm32f1.a(iwdg_common_all.o)
 .debug_info    0x0000000000015c24     0x1574 libopencm3/lib/libopencm3_stm32f1.a(rcc.o)
 .debug_info    0x0000000000017198      0x63d libopencm3/lib/libopencm3_stm32f1.a(rcc_common_all.o)
 .debug_info    0x00000000000177d5      0x70a libopencm3/lib/libopencm3_stm32f1.a(rtc.o)
 .debug_info    0x0000000000017edf      0x9f5 libopencm3/lib/libopencm3_stm32f1.a(spi_common_all.o)
 .debug_info    0x00000000000188d4      0x15e libopencm3/lib/libopencm3_stm32f1.a(spi_common_v1.o)
 .debug_info    0x0000000000018a32     0x112d libopencm3/lib/libopencm3_stm32f1.a(timer_common_all.o)
 .debug_info    0x0000000000019b5f      0x5a4 libopencm3/lib/libopencm3_stm32f1.a(usart_common_all.o)
 .debug_info    0x000000000001a103      0x19e libopencm3/lib/libopencm3_stm32f1.a(usart_common_f124.o)
 .debug_info    0x000000000001a2a1      0x2dd libopencm3/lib/libopencm3_stm32f1.a(vector.o)
 .debug_info    0x000000000001a57e       0xde libopencm3/lib/libopencm3_stm32f1.a(scb.o)
 .debug_info    0x000000000001a65c      0x251 libopencm3/lib/libopencm3_stm32f1.a(nvic.o)
 .debug_info    0x000000000001a8ad      0x1bc libopencm3/lib/libopencm3_stm32f1.a(pwr_common_v1.o)
 .debug_info    0x000000000001aa69      0x137 /usr/lib/gcc/arm-none-eabi/10.2.0/../../../../arm-none-eabi/lib/thumb/v7/nofp/libc.a(lib_a-memset.o)

.debug_abbrev   0x0000000000000000     0x5e43
 .debug_abbrev  0x0000000000000000      0x60f obj/main.o
 .debug_abbrev  0x000000000000060f      0x1c1 obj/hwinit.o
 .debug_abbrev  0x00000000000007d0      0x263 obj/stm32scheduler.o
 .debug_abbrev  0x0000000000000a33      0x24a obj/params.o
 .debug_abbrev  0x0000000000000c7d      0x4a4 obj/terminal.o
 .debug_abbrev  0x0000000000001121      0x22d obj/terminal_prj.o
 .debug_abbrev  0x000000000000134e      0x1f5 obj/digio.o
 .debug_abbrev  0x0000000000001543      0x25c obj/sine_core.o
 .debug_abbrev  0x000000000000179f      0x376 obj/printf.o
 .debug_abbrev  0x0000000000001b15      0x330 obj/anain.o
 .debug_abbrev  0x0000000000001e45      0x1fd obj/param_save.o
 .debug_abbrev  0x0000000000002042      0x23c obj/errormessage.o
 .debug_abbrev  0x000000000000227e      0x465 obj/stm32_can.o
 .debug_abbrev  0x00000000000026e3      0x319 obj/canhardware.o
 .debug_abbrev  0x00000000000029fc      0x686 obj/canmap.o
 .debug_abbrev  0x0000000000003082      0x34b obj/terminalcommands.o
 .debug_abbrev  0x00000000000033cd      0x3d6 obj/BatMan.o
 .debug_abbrev  0x00000000000037a3      0x250 obj/CAN_Common.o
 .debug_abbrev  0x00000000000039f3      0x48a obj/cansdo.o
 .debug_abbrev  0x0000000000003e7d      0x186 obj/BMSUtil.o
 .debug_abbrev  0x0000000000004003      0x192 libopencm3/lib/libopencm3_stm32f1.a(adc.o)
 .debug_abbrev  0x0000000000004195      0x181 libopencm3/lib/libopencm3_stm32f1.a(adc_common_v1.o)
 .debug_abbrev  0x0000000000004316      0x2ae libopencm3/lib/libopencm3_stm32f1.a(can.o)
 .debug_abbrev  0x00000000000045c4       0xb6 libopencm3/lib/libopencm3_stm32f1.a(crc_common_all.o)
 .debug_abbrev  0x000000000000467a       0x91 libopencm3/lib/libopencm3_stm32f1.a(desig_common_v1.o)
 .debug_abbrev  0x000000000000470b      0x161 libopencm3/lib/libopencm3_stm32f1.a(dma_common_l1f013.o)
 .debug_abbrev  0x000000000000486c      0x17e libopencm3/lib/libopencm3_stm32f1.a(flash.o)
 .debug_abbrev  0x00000000000049ea       0x97 libopencm3/lib/libopencm3_stm32f1.a(flash_common_all.o)
 .debug_abbrev  0x0000000000004a81       0x56 libopencm3/lib/libopencm3_stm32f1.a(flash_common_f.o)
 .debug_abbrev  0x0000000000004ad7       0xcb libopencm3/lib/libopencm3_stm32f1.a(flash_common_f01.o)
 .debug_abbrev  0x0000000000004ba2       0xd0 libopencm3/lib/libopencm3_stm32f1.a(gpio.o)
 .debug_abbrev  0x0000000000004c72      0x116 libopencm3/lib/libopencm3_stm32f1.a(gpio_common_all.o)
 .debug_abbrev  0x0000000000004d88      0x112 libopencm3/lib/libopencm3_stm32f1.a(iwdg_common_all.o)
 .debug_abbrev  0x0000000000004e9a      0x282 libopencm3/lib/libopencm3_stm32f1.a(rcc.o)
 .debug_abbrev  0x000000000000511c      0x17c libopencm3/lib/libopencm3_stm32f1.a(rcc_common_all.o)
 .debug_abbrev  0x0000000000005298      0x1af libopencm3/lib/libopencm3_stm32f1.a(rtc.o)
 .debug_abbrev  0x0000000000005447      0x1d8 libopencm3/lib/libopencm3_stm32f1.a(spi_common_all.o)
 .debug_abbrev  0x000000000000561f       0xd2 libopencm3/lib/libopencm3_stm32f1.a(spi_common_v1.o)
 .debug_abbrev  0x00000000000056f1      0x19e libopencm3/lib/libopencm3_stm32f1.a(timer_common_all.o)
 .debug_abbrev  0x000000000000588f      0x129 libopencm3/lib/libopencm3_stm32f1.a(usart_common_all.o)
 .debug_abbrev  0x00000000000059b8       0xb5 libopencm3/lib/libopencm3_stm32f1.a(usart_common_f124.o)
 .debug_abbrev  0x0000000000005a6d      0x145 libopencm3/lib/libopencm3_stm32f1.a(vector.o)
 .debug_abbrev  0x0000000000005bb2       0x89 libopencm3/lib/libopencm3_stm32f1.a(scb.o)
 .debug_abbrev  0x0000000000005c3b       0xb5 libopencm3/lib/libopencm3_stm32f1.a(nvic.o)
 .debug_abbrev  0x0000000000005cf0       0x9f libopencm3/lib/libopencm3_stm32f1.a(pwr_common_v1.o)
 .debug_abbrev  0x0000000000005d8f       0xb4 /usr/lib/gcc/arm-none-eabi/10.2.0/../../../../arm-none-eabi/lib/thumb/v7/nofp/libc.a(lib_a-memset.o)

.debug_loc      0x0000000000000000     0xa0de
 .debug_loc     0x0000000000000000      0x1ac obj/main.o
 .debug_loc     0x00000000000001ac       0xa3 obj/hwinit.o
 .debug_loc     0x000000000000024f      0x1f8 obj/stm32scheduler.o
 .debug_loc     0x0000000000000447      0x43d obj/params.o
 .debug_loc     0x0000000000000884      0x813 obj/terminal.o
 .debug_loc     0x0000000000001097      0x135 obj/terminal_prj.o
 .debug_loc     0x00000000000011cc      0x23f obj/digio.o
 .debug_loc     0x000000000000140b      0x4cb obj/sine_core.o
 .debug_loc     0x00000000000018d6      0x913 obj/printf.o